Component: ARM Compiler 5.06 update 5 (build 528) Tool: armlink [4d35e2]

==============================================================================

Section Cross References

    common.o(i.Serial_PutByte) refers to uart.o(i.UART_Write) for UART_Write
    common.o(i.Serial_PutString) refers to uart.o(i.UART_Write) for UART_Write
    main.o(i.IAP_Init) refers to uart.o(i.UART_Init) for UART_Init
    main.o(i.PsdkUser_StartTask) refers to osal.o(i.Osal_TaskSleepMs) for Osal_TaskSleepMs
    main.o(i.PsdkUser_StartTask) refers to button.o(i.Button_Init) for Button_Init
    main.o(i.PsdkUser_StartTask) refers to button.o(i.Button_GetState) for Button_GetState
    main.o(i.PsdkUser_StartTask) refers to main.o(i.IAP_Init) for IAP_Init
    main.o(i.PsdkUser_StartTask) refers to menu.o(i.Main_Menu) for Main_Menu
    main.o(i.PsdkUser_StartTask) refers to upgrade_platform_opt_stm32.o(i.GduUpgradePlatformStm32_GetUpgradeRebootState) for GduUpgradePlatformStm32_GetUpgradeRebootState
    main.o(i.PsdkUser_StartTask) refers to upgrade_platform_opt_stm32.o(i.GduUpgradePlatformStm32_ReplaceOldProgram) for GduUpgradePlatformStm32_ReplaceOldProgram
    main.o(i.PsdkUser_StartTask) refers to upgrade_platform_opt_stm32.o(i.GduUpgradePlatformStm32_SetUpgradeRebootState) for GduUpgradePlatformStm32_SetUpgradeRebootState
    main.o(i.PsdkUser_StartTask) refers to menu.o(.data) for JumpAddress
    main.o(i.SystemClock_Config) refers to stm32f4xx_hal_rcc.o(i.HAL_RCC_OscConfig) for HAL_RCC_OscConfig
    main.o(i.SystemClock_Config) refers to stm32f4xx_hal_rcc.o(i.HAL_RCC_ClockConfig) for HAL_RCC_ClockConfig
    main.o(i.SystemClock_Config) refers to stm32f4xx_hal.o(i.HAL_GetREVID) for HAL_GetREVID
    main.o(i.main) refers to stm32f4xx_hal.o(i.HAL_Init) for HAL_Init
    main.o(i.main) refers to main.o(i.SystemClock_Config) for SystemClock_Config
    main.o(i.main) refers to tasks.o(i.xTaskCreate) for xTaskCreate
    main.o(i.main) refers to tasks.o(i.vTaskStartScheduler) for vTaskStartScheduler
    main.o(i.main) refers to main.o(.data) for startTask
    main.o(i.main) refers to main.o(i.PsdkUser_StartTask) for PsdkUser_StartTask
    menu.o(i.Main_Menu) refers to common.o(i.Serial_PutString) for Serial_PutString
    menu.o(i.Main_Menu) refers to flash_if.o(i.FLASH_If_GetWriteProtectionStatus) for FLASH_If_GetWriteProtectionStatus
    menu.o(i.Main_Menu) refers to ymodem.o(i.Uart_ReadWithTimeOut) for Uart_ReadWithTimeOut
    menu.o(i.Main_Menu) refers to menu.o(i.SerialDownload) for SerialDownload
    menu.o(i.Main_Menu) refers to menu.o(i.SerialUpload) for SerialUpload
    menu.o(i.Main_Menu) refers to osal.o(i.Osal_TaskSleepMs) for Osal_TaskSleepMs
    menu.o(i.Main_Menu) refers to flash_if.o(i.FLASH_If_WriteProtectionConfig) for FLASH_If_WriteProtectionConfig
    menu.o(i.Main_Menu) refers to stm32f4xx_hal_flash.o(i.HAL_FLASH_OB_Launch) for HAL_FLASH_OB_Launch
    menu.o(i.Main_Menu) refers to stm32f4xx_hal_flash.o(i.HAL_FLASH_Unlock) for HAL_FLASH_Unlock
    menu.o(i.Main_Menu) refers to menu.o(.conststring) for .conststring
    menu.o(i.Main_Menu) refers to menu.o(.data) for FlashProtection
    menu.o(i.SerialDownload) refers to common.o(i.Serial_PutString) for Serial_PutString
    menu.o(i.SerialDownload) refers to ymodem.o(i.Ymodem_Receive) for Ymodem_Receive
    menu.o(i.SerialDownload) refers to common.o(i.Int2Str) for Int2Str
    menu.o(i.SerialDownload) refers to menu.o(.conststring) for .conststring
    menu.o(i.SerialDownload) refers to menu.o(.bss) for aFileName
    menu.o(i.SerialUpload) refers to common.o(i.Serial_PutString) for Serial_PutString
    menu.o(i.SerialUpload) refers to ymodem.o(i.Uart_ReadWithTimeOut) for Uart_ReadWithTimeOut
    menu.o(i.SerialUpload) refers to ymodem.o(i.Ymodem_Transmit) for Ymodem_Transmit
    ymodem.o(i.Cal_CRC16) refers to ymodem.o(i.UpdateCRC16) for UpdateCRC16
    ymodem.o(i.PrepareIntialPacket) refers to common.o(i.Int2Str) for Int2Str
    ymodem.o(i.ReceivePacket) refers to ymodem.o(i.Uart_ReadWithTimeOut) for Uart_ReadWithTimeOut
    ymodem.o(i.ReceivePacket) refers to ymodem.o(i.Cal_CRC16) for Cal_CRC16
    ymodem.o(i.Uart_ReadWithTimeOut) refers to uart.o(i.UART_Read) for UART_Read
    ymodem.o(i.Uart_ReadWithTimeOut) refers to osal.o(i.Osal_TaskSleepMs) for Osal_TaskSleepMs
    ymodem.o(i.Uart_WriteWithTimeOut) refers to uart.o(i.UART_Write) for UART_Write
    ymodem.o(i.Ymodem_Receive) refers to ymodem.o(i.ReceivePacket) for ReceivePacket
    ymodem.o(i.Ymodem_Receive) refers to common.o(i.Serial_PutByte) for Serial_PutByte
    ymodem.o(i.Ymodem_Receive) refers to common.o(i.Str2Int) for Str2Int
    ymodem.o(i.Ymodem_Receive) refers to ymodem.o(i.Uart_WriteWithTimeOut) for Uart_WriteWithTimeOut
    ymodem.o(i.Ymodem_Receive) refers to flash_if.o(i.FLASH_If_Erase) for FLASH_If_Erase
    ymodem.o(i.Ymodem_Receive) refers to flash_if.o(i.FLASH_If_Write) for FLASH_If_Write
    ymodem.o(i.Ymodem_Receive) refers to ymodem.o(.data) for flashdestination
[...]
    .text                                    0x08000278   Section        0  uldiv.o(.text)
    .text                                    0x080002da   Section        0  memcpya.o(.text)
    .text                                    0x080002fe   Section        0  llshl.o(.text)
    .text                                    0x0800031c   Section        0  llushr.o(.text)
    .text                                    0x0800033c   Section       36  init.o(.text)
    i.BusFault_Handler                       0x08000360   Section        0  stm32f4xx_it.o(i.BusFault_Handler)
    i.Button_GetState                        0x08000364   Section        0  button.o(i.Button_GetState)
    i.Button_Init                            0x08000384   Section        0  button.o(i.Button_Init)
    i.Cal_CRC16                              0x080003e4   Section        0  ymodem.o(i.Cal_CRC16)
    i.DebugMon_Handler                       0x08000418   Section        0  stm32f4xx_it.o(i.DebugMon_Handler)
    i.FLASH_Erase_Sector                     0x0800041c   Section        0  stm32f4xx_hal_flash_ex.o(i.FLASH_Erase_Sector)
    i.FLASH_FlushCaches                      0x08000478   Section        0  stm32f4xx_hal_flash_ex.o(i.FLASH_FlushCaches)
    i.FLASH_If_Erase                         0x080004f0   Section        0  flash_if.o(i.FLASH_If_Erase)
    i.FLASH_If_GetWriteProtectionStatus      0x08000550   Section        0  flash_if.o(i.FLASH_If_GetWriteProtectionStatus)
    i.FLASH_If_Write                         0x0800057c   Section        0  flash_if.o(i.FLASH_If_Write)
    i.FLASH_If_WriteProtectionConfig         0x08000628   Section        0  flash_if.o(i.FLASH_If_WriteProtectionConfig)
    i.FLASH_MassErase                        0x0800066c   Section        0  stm32f4xx_hal_flash_ex.o(i.FLASH_MassErase)
    FLASH_MassErase                          0x0800066d   Thumb Code    42  stm32f4xx_hal_flash_ex.o(i.FLASH_MassErase)
    i.FLASH_OB_BOR_LevelConfig               0x0800069c   Section        0  stm32f4xx_hal_flash_ex.o(i.FLASH_OB_BOR_LevelConfig)
    FLASH_OB_BOR_LevelConfig                 0x0800069d   Thumb Code    26  stm32f4xx_hal_flash_ex.o(i.FLASH_OB_BOR_LevelConfig)
    i.FLASH_OB_DisableWRP                    0x080006bc   Section        0  stm32f4xx_hal_flash_ex.o(i.FLASH_OB_DisableWRP)
    FLASH_OB_DisableWRP                      0x080006bd   Thumb Code    36  stm32f4xx_hal_flash_ex.o(i.FLASH_OB_DisableWRP)
    i.FLASH_OB_EnableWRP                     0x080006e4   Section        0  stm32f4xx_hal_flash_ex.o(i.FLASH_OB_EnableWRP)
    FLASH_OB_EnableWRP                       0x080006e5   Thumb Code    34  stm32f4xx_hal_flash_ex.o(i.FLASH_OB_EnableWRP)
    i.FLASH_OB_GetBOR                        0x0800070c   Section        0  stm32f4xx_hal_flash_ex.o(i.FLASH_OB_GetBOR)
    FLASH_OB_GetBOR                          0x0800070d   Thumb Code    10  stm32f4xx_hal_flash_ex.o(i.FLASH_OB_GetBOR)
    i.FLASH_OB_GetRDP                        0x0800071c   Section        0  stm32f4xx_hal_flash_ex.o(i.FLASH_OB_GetRDP)
    FLASH_OB_GetRDP                          0x0800071d   Thumb Code    30  stm32f4xx_hal_flash_ex.o(i.FLASH_OB_GetRDP)
    i.FLASH_OB_GetUser                       0x08000740   Section        0  stm32f4xx_hal_flash_ex.o(i.FLASH_OB_GetUser)
    FLASH_OB_GetUser                         0x08000741   Thumb Code    10  stm32f4xx_hal_flash_ex.o(i.FLASH_OB_GetUser)
    i.FLASH_OB_GetWRP                        0x08000750   Section        0  stm32f4xx_hal_flash_ex.o(i.FLASH_OB_GetWRP)
    FLASH_OB_GetWRP                          0x08000751   Thumb Code     6  stm32f4xx_hal_flash_ex.o(i.FLASH_OB_GetWRP)
    i.FLASH_OB_RDP_LevelConfig               0x0800075c   Section        0  stm32f4xx_hal_flash_ex.o(i.FLASH_OB_RDP_LevelConfig)
    FLASH_OB_RDP_LevelConfig                 0x0800075d   Thumb Code    26  stm32f4xx_hal_flash_ex.o(i.FLASH_OB_RDP_LevelConfig)
    i.FLASH_OB_UserConfig                    0x0800077c   Section        0  stm32f4xx_hal_flash_ex.o(i.FLASH_OB_UserConfig)
    FLASH_OB_UserConfig                      0x0800077d   Thumb Code    54  stm32f4xx_hal_flash_ex.o(i.FLASH_OB_UserConfig)
    i.FLASH_Program_Byte                     0x080007b8   Section        0  stm32f4xx_hal_flash.o(i.FLASH_Program_Byte)
    FLASH_Program_Byte                       0x080007b9   Thumb Code    32  stm32f4xx_hal_flash.o(i.FLASH_Program_Byte)
    i.FLASH_Program_DoubleWord               0x080007dc   Section        0  stm32f4xx_hal_flash.o(i.FLASH_Program_DoubleWord)
    FLASH_Program_DoubleWord                 0x080007dd   Thumb Code    56  stm32f4xx_hal_flash.o(i.FLASH_Program_DoubleWord)
    i.FLASH_Program_HalfWord                 0x08000818   Section        0  stm32f4xx_hal_flash.o(i.FLASH_Program_HalfWord)
    FLASH_Program_HalfWord                   0x08000819   Thumb Code    36  stm32f4xx_hal_flash.o(i.FLASH_Program_HalfWord)
    i.FLASH_Program_Word                     0x08000840   Section        0  stm32f4xx_hal_flash.o(i.FLASH_Program_Word)
    FLASH_Program_Word                       0x08000841   Thumb Code    36  stm32f4xx_hal_flash.o(i.FLASH_Program_Word)
    i.FLASH_SetErrorCode                     0x08000868   Section        0  stm32f4xx_hal_flash.o(i.FLASH_SetErrorCode)
    FLASH_SetErrorCode                       0x08000869   Thumb Code   142  stm32f4xx_hal_flash.o(i.FLASH_SetErrorCode)
    i.FLASH_WaitForLastOperation             0x08000900   Section        0  stm32f4xx_hal_flash.o(i.FLASH_WaitForLastOperation)
    i.GduUpgradePlatformStm32_GetUpgradeRebootState 0x08000964   Section        0  upgrade_platform_opt_stm32.o(i.GduUpgradePlatformStm32_GetUpgradeRebootState)
    i.GduUpgradePlatformStm32_ReplaceOldProgram 0x08000998   Section        0  upgrade_platform_opt_stm32.o(i.GduUpgradePlatformStm32_ReplaceOldProgram)
    i.GduUpgradePlatformStm32_SetUpgradeRebootState 0x080009e4   Section        0  upgrade_platform_opt_stm32.o(i.GduUpgradePlatformStm32_SetUpgradeRebootState)
    i.GetSector                              0x08000a2c   Section        0  flash_if.o(i.GetSector)
    GetSector                                0x08000a2d   Thumb Code   182  flash_if.o(i.GetSector)
    i.HAL_Delay                              0x08000b10   Section        0  stm32f4xx_hal.o(i.HAL_Delay)
    i.HAL_FLASHEx_Erase                      0x08000b38   Section        0  stm32f4xx_hal_flash_ex.o(i.HAL_FLASHEx_Erase)
    i.HAL_FLASHEx_OBGetConfig                0x08000be4   Section        0  stm32f4xx_hal_flash_ex.o(i.HAL_FLASHEx_OBGetConfig)
    i.HAL_FLASHEx_OBProgram                  0x08000c08   Section        0  stm32f4xx_hal_flash_ex.o(i.HAL_FLASHEx_OBProgram)
    i.HAL_FLASH_Lock                         0x08000c9c   Section        0  stm32f4xx_hal_flash.o(i.HAL_FLASH_Lock)
    i.HAL_FLASH_OB_Launch                    0x08000cb0   Section        0  stm32f4xx_hal_flash.o(i.HAL_FLASH_OB_Launch)
    i.HAL_FLASH_OB_Unlock                    0x08000ccc   Section        0  stm32f4xx_hal_flash.o(i.HAL_FLASH_OB_Unlock)
    i.HAL_FLASH_Program                      0x08000cf8   Section        0  stm32f4xx_hal_flash.o(i.HAL_FLASH_Program)
    i.HAL_FLASH_Unlock                       0x08000d90   Section        0  stm32f4xx_hal_flash.o(i.HAL_FLASH_Unlock)
    i.HAL_GPIO_Init                          0x08000dc4   Section        0  stm32f4xx_hal_gpio.o(i.HAL_GPIO_Init)
    i.HAL_GPIO_ReadPin                       0x08000fc8   Section        0  stm32f4xx_hal_gpio.o(i.HAL_GPIO_ReadPin)
    i.HAL_GetREVID                           0x08000fd8   Section        0  stm32f4xx_hal.o(i.HAL_GetREVID)
    i.HAL_GetTick                            0x08000fe4   Section        0  stm32f4xx_hal.o(i.HAL_GetTick)
    i.HAL_HCD_Connect_Callback               0x08000ff0   Section        0  stm32f4xx_hal_hcd.o(i.HAL_HCD_Connect_Callback)
    i.HAL_HCD_Disconnect_Callback            0x08000ff2   Section        0  stm32f4xx_hal_hcd.o(i.HAL_HCD_Disconnect_Callback)
    i.HAL_HCD_HC_NotifyURBChange_Callback    0x08000ff4   Section        0  stm32f4xx_hal_hcd.o(i.HAL_HCD_HC_NotifyURBChange_Callback)
    i.HAL_HCD_IRQHandler                     0x08000ff6   Section        0  stm32f4xx_hal_hcd.o(i.HAL_HCD_IRQHandler)
    i.HAL_HCD_PortDisabled_Callback          0x08001162   Section        0  stm32f4xx_hal_hcd.o(i.HAL_HCD_PortDisabled_Callback)
    i.HAL_HCD_PortEnabled_Callback           0x08001164   Section        0  stm32f4xx_hal_hcd.o(i.HAL_HCD_PortEnabled_Callback)
    i.HAL_HCD_SOF_Callback                   0x08001166   Section        0  stm32f4xx_hal_hcd.o(i.HAL_HCD_SOF_Callback)
    i.HAL_Init                               0x08001168   Section        0  stm32f4xx_hal.o(i.HAL_Init)
    i.HAL_InitTick                           0x080011a4   Section        0  stm32f4xx_hal.o(i.HAL_InitTick)
    i.HAL_MspInit                            0x080011f0   Section        0  stm32f4xx_hal_msp.o(i.HAL_MspInit)
    i.HAL_NVIC_EnableIRQ                     0x08001244   Section        0  stm32f4xx_hal_cortex.o(i.HAL_NVIC_EnableIRQ)
    i.HAL_NVIC_SetPriority                   0x08001264   Section        0  stm32f4xx_hal_cortex.o(i.HAL_NVIC_SetPriority)
    i.HAL_NVIC_SetPriorityGrouping           0x080012e0   Section        0  stm32f4xx_hal_cortex.o(i.HAL_NVIC_SetPriorityGrouping)
    i.HAL_RCC_ClockConfig                    0x08001308   Section        0  stm32f4xx_hal_rcc.o(i.HAL_RCC_ClockConfig)
    i.HAL_RCC_GetHCLKFreq                    0x0800148c   Section        0  stm32f4xx_hal_rcc.o(i.HAL_RCC_GetHCLKFreq)
    i.HAL_RCC_GetPCLK1Freq                   0x08001498   Section        0  stm32f4xx_hal_rcc.o(i.HAL_RCC_GetPCLK1Freq)
    i.HAL_RCC_GetPCLK2Freq                   0x080014b8   Section        0  stm32f4xx_hal_rcc.o(i.HAL_RCC_GetPCLK2Freq)
    i.HAL_RCC_GetSysClockFreq                0x080014d8   Section        0  stm32f4xx_hal_rcc.o(i.HAL_RCC_GetSysClockFreq)
    i.HAL_RCC_OscConfig                      0x08001588   Section        0  stm32f4xx_hal_rcc.o(i.HAL_RCC_OscConfig)
    i.HAL_SYSTICK_Config                     0x08001a24   Section        0  stm32f4xx_hal_cortex.o(i.HAL_SYSTICK_Config)
    i.HAL_TIMEx_BreakCallback                0x08001a58   Section        0  stm32f4xx_hal_tim_ex.o(i.HAL_TIMEx_BreakCallback)
    i.HAL_TIMEx_CommutCallback               0x08001a5a   Section        0  stm32f4xx_hal_tim_ex.o(i.HAL_TIMEx_CommutCallback)
    i.HAL_TIM_IC_CaptureCallback             0x08001a5c   Section        0  stm32f4xx_hal_tim.o(i.HAL_TIM_IC_CaptureCallback)
    i.HAL_TIM_IRQHandler                     0x08001a5e   Section        0  stm32f4xx_hal_tim.o(i.HAL_TIM_IRQHandler)
    i.HAL_TIM_OC_DelayElapsedCallback        0x08001bf4   Section        0  stm32f4xx_hal_tim.o(i.HAL_TIM_OC_DelayElapsedCallback)
    i.HAL_TIM_PWM_PulseFinishedCallback      0x08001bf6   Section        0  stm32f4xx_hal_tim.o(i.HAL_TIM_PWM_PulseFinishedCallback)
    i.HAL_TIM_PeriodElapsedCallback          0x08001bf8   Section        0  stm32f4xx_hal_tim.o(i.HAL_TIM_PeriodElapsedCallback)
    i.HAL_TIM_TriggerCallback                0x08001bfa   Section        0  stm32f4xx_hal_tim.o(i.HAL_TIM_TriggerCallback)
    i.HAL_UART_Init                          0x08001bfc   Section        0  stm32f4xx_hal_uart.o(i.HAL_UART_Init)
    i.HAL_UART_MspInit                       0x08001c70   Section        0  stm32f4xx_hal_msp.o(i.HAL_UART_MspInit)
    i.HCD_HC_IN_IRQHandler                   0x08001f3c   Section        0  stm32f4xx_hal_hcd.o(i.HCD_HC_IN_IRQHandler)
    HCD_HC_IN_IRQHandler                     0x08001f3d   Thumb Code  1890  stm32f4xx_hal_hcd.o(i.HCD_HC_IN_IRQHandler)
    i.HCD_HC_OUT_IRQHandler                  0x0800269e   Section        0  stm32f4xx_hal_hcd.o(i.HCD_HC_OUT_IRQHandler)
    HCD_HC_OUT_IRQHandler                    0x0800269f   Thumb Code  1860  stm32f4xx_hal_hcd.o(i.HCD_HC_OUT_IRQHandler)
    i.HCD_Port_IRQHandler                    0x08002de2   Section        0  stm32f4xx_hal_hcd.o(i.HCD_Port_IRQHandler)
    HCD_Port_IRQHandler                      0x08002de3   Thumb Code   182  stm32f4xx_hal_hcd.o(i.HCD_Port_IRQHandler)
    i.HCD_RXQLVL_IRQHandler                  0x08002e98   Section        0  stm32f4xx_hal_hcd.o(i.HCD_RXQLVL_IRQHandler)
    HCD_RXQLVL_IRQHandler                    0x08002e99   Thumb Code   388  stm32f4xx_hal_hcd.o(i.HCD_RXQLVL_IRQHandler)
    i.HardFault_Handler                      0x0800301c   Section        0  stm32f4xx_it.o(i.HardFault_Handler)
    i.IAP_Init                               0x08003020   Section        0  main.o(i.IAP_Init)
    IAP_Init                                 0x08003021   Thumb Code    14  main.o(i.IAP_Init)
    i.Int2Str                                0x08003030   Section        0  common.o(i.Int2Str)
    i.Main_Menu                              0x08003088   Section        0  menu.o(i.Main_Menu)
    i.MemManage_Handler                      0x08003494   Section        0  stm32f4xx_it.o(i.MemManage_Handler)
    i.NMI_Handler                            0x08003498   Section        0  stm32f4xx_it.o(i.NMI_Handler)
    i.OTG_FS_IRQHandler                      0x0800349c   Section        0  stm32f4xx_it.o(i.OTG_FS_IRQHandler)
    i.Osal_MutexCreate                       0x080034b8   Section        0  osal.o(i.Osal_MutexCreate)
    i.Osal_MutexLock                         0x080034d4   Section        0  osal.o(i.Osal_MutexLock)
    i.Osal_MutexUnlock                       0x080034fc   Section        0  osal.o(i.Osal_MutexUnlock)
    i.Osal_TaskSleepMs                       0x0800351c   Section        0  osal.o(i.Osal_TaskSleepMs)
    i.PrepareIntialPacket                    0x08003536   Section        0  ymodem.o(i.PrepareIntialPacket)
    PrepareIntialPacket                      0x08003537   Thumb Code   102  ymodem.o(i.PrepareIntialPacket)
    i.PreparePacket                          0x0800359c   Section        0  ymodem.o(i.PreparePacket)
    PreparePacket                            0x0800359d   Thumb Code   122  ymodem.o(i.PreparePacket)
    i.PsdkUser_StartTask                     0x08003618   Section        0  main.o(i.PsdkUser_StartTask)
    PsdkUser_StartTask                       0x08003619   Thumb Code   172  main.o(i.PsdkUser_StartTask)
    i.ReceivePacket                          0x080036d4   Section        0  ymodem.o(i.ReceivePacket)
    ReceivePacket                            0x080036d5   Thumb Code   210  ymodem.o(i.ReceivePacket)
    i.RingBuf_CutBufSizeToPowOfTwo           0x080037a6   Section        0  gdu_ringbuffer.o(i.RingBuf_CutBufSizeToPowOfTwo)
    RingBuf_CutBufSizeToPowOfTwo             0x080037a7   Thumb Code    34  gdu_ringbuffer.o(i.RingBuf_CutBufSizeToPowOfTwo)
    i.RingBuf_Get                            0x080037c8   Section        0  gdu_ringbuffer.o(i.RingBuf_Get)
    i.RingBuf_GetUnusedSize                  0x0800383c   Section        0  gdu_ringbuffer.o(i.RingBuf_GetUnusedSize)
    i.RingBuf_Init                           0x0800384c   Section        0  gdu_ringbuffer.o(i.RingBuf_Init)
    i.RingBuf_Put                            0x08003866   Section        0  gdu_ringbuffer.o(i.RingBuf_Put)
    i.SerialDownload                         0x080038e4   Section        0  menu.o(i.SerialDownload)
    i.SerialUpload                           0x08003a64   Section        0  menu.o(i.SerialUpload)
    i.Serial_PutByte                         0x08003b30   Section        0  common.o(i.Serial_PutByte)
    i.Serial_PutString                       0x08003b40   Section        0  common.o(i.Serial_PutString)
    i.Str2Int                                0x08003b5e   Section        0  common.o(i.Str2Int)
    i.SysTick_Handler                        0x08003c54   Section        0  port.o(i.SysTick_Handler)
    i.SystemClock_Config                     0x08003c88   Section        0  main.o(i.SystemClock_Config)
    SystemClock_Config                       0x08003c89   Thumb Code   168  main.o(i.SystemClock_Config)
    i.SystemInit                             0x08003d3c   Section        0  system_stm32f4xx.o(i.SystemInit)
    i.TIM1_UP_TIM10_IRQHandler               0x08003d58   Section        0  stm32f4xx_it.o(i.TIM1_UP_TIM10_IRQHandler)
    i.UART_Init                              0x08003d68   Section        0  uart.o(i.UART_Init)
    i.UART_Read                              0x08003f38   Section        0  uart.o(i.UART_Read)
    i.UART_SetConfig                         0x08003ffc   Section        0  stm32f4xx_hal_uart.o(i.UART_SetConfig)
    UART_SetConfig                           0x08003ffd   Thumb Code   546  stm32f4xx_hal_uart.o(i.UART_SetConfig)
    i.UART_Write                             0x08004228   Section        0  uart.o(i.UART_Write)
    i.USART1_IRQHandler                      0x08004400   Section        0  uart.o(i.USART1_IRQHandler)
    i.USART2_IRQHandler                      0x080044b4   Section        0  uart.o(i.USART2_IRQHandler)
    i.USART3_IRQHandler                      0x08004568   Section        0  uart.o(i.USART3_IRQHandler)
    i.USART6_IRQHandler                      0x0800461c   Section        0  uart.o(i.USART6_IRQHandler)
    i.USB_GetMode                            0x080046d0   Section        0  stm32f4xx_ll_usb.o(i.USB_GetMode)
    i.USB_HC_Halt                            0x080046da   Section        0  stm32f4xx_ll_usb.o(i.USB_HC_Halt)
    i.USB_HC_ReadInterrupt                   0x0800488a   Section        0  stm32f4xx_ll_usb.o(i.USB_HC_ReadInterrupt)
    i.USB_InitFSLSPClkSel                    0x08004898   Section        0  stm32f4xx_ll_usb.o(i.USB_InitFSLSPClkSel)
    i.USB_ReadInterrupts                     0x080048dc   Section        0  stm32f4xx_ll_usb.o(i.USB_ReadInterrupts)
    i.USB_ReadPacket                         0x080048e6   Section        0  stm32f4xx_ll_usb.o(i.USB_ReadPacket)
    i.Uart_ReadWithTimeOut                   0x08004908   Section        0  ymodem.o(i.Uart_ReadWithTimeOut)
    i.Uart_WriteWithTimeOut                  0x0800494c   Section        0  ymodem.o(i.Uart_WriteWithTimeOut)
    i.UpdateCRC16                            0x08004972   Section        0  ymodem.o(i.UpdateCRC16)
    i.UsageFault_Handler                     0x080049a4   Section        0  stm32f4xx_it.o(i.UsageFault_Handler)
    i.Ymodem_Receive                         0x080049a8   Section        0  ymodem.o(i.Ymodem_Receive)
    i.Ymodem_Transmit                        0x08004b84   Section        0  ymodem.o(i.Ymodem_Transmit)
    i.__NVIC_GetPriorityGrouping             0x08004dd0   Section        0  stm32f4xx_hal_cortex.o(i.__NVIC_GetPriorityGrouping)
    __NVIC_GetPriorityGrouping               0x08004dd1   Thumb Code    10  stm32f4xx_hal_cortex.o(i.__NVIC_GetPriorityGrouping)
    i.__NVIC_SetPriority                     0x08004de0   Section        0  stm32f4xx_hal_cortex.o(i.__NVIC_SetPriority)
    __NVIC_SetPriority                       0x08004de1   Thumb Code    32  stm32f4xx_hal_cortex.o(i.__NVIC_SetPriority)
    i.__scatterload_copy                     0x08004e08   Section       14  handlers.o(i.__scatterload_copy)
    i.__scatterload_null                     0x08004e16   Section        2  handlers.o(i.__scatterload_null)
    i.__scatterload_zeroinit                 0x08004e18   Section       14  handlers.o(i.__scatterload_zeroinit)
    i.main                                   0x08004e28   Section        0  main.o(i.main)
    i.prvAddCurrentTaskToDelayedList         0x08004e68   Section        0  tasks.o(i.prvAddCurrentTaskToDelayedList)
    prvAddCurrentTaskToDelayedList           0x08004e69   Thumb Code   124  tasks.o(i.prvAddCurrentTaskToDelayedList)
    i.prvAddNewTaskToReadyList               0x08004f00   Section        0  tasks.o(i.prvAddNewTaskToReadyList)
    prvAddNewTaskToReadyList                 0x08004f01   Thumb Code   150  tasks.o(i.prvAddNewTaskToReadyList)
    i.prvCheckTasksWaitingTermination        0x08004fb4   Section        0  tasks.o(i.prvCheckTasksWaitingTermination)
    prvCheckTasksWaitingTermination          0x08004fb5   Thumb Code    60  tasks.o(i.prvCheckTasksWaitingTermination)
    i.prvCopyDataToQueue                     0x08004ffc   Section        0  queue.o(i.prvCopyDataToQueue)
    prvCopyDataToQueue                       0x08004ffd   Thumb Code   126  queue.o(i.prvCopyDataToQueue)
    i.prvDeleteTCB                           0x0800507a   Section        0  tasks.o(i.prvDeleteTCB)
    prvDeleteTCB                             0x0800507b   Thumb Code    18  tasks.o(i.prvDeleteTCB)
    i.prvGetDisinheritPriorityAfterTimeout   0x0800508c   Section        0  queue.o(i.prvGetDisinheritPriorityAfterTimeout)
    prvGetDisinheritPriorityAfterTimeout     0x0800508d   Thumb Code    20  queue.o(i.prvGetDisinheritPriorityAfterTimeout)
    i.prvHeapInit                            0x080050a0   Section        0  heap_4.o(i.prvHeapInit)
    prvHeapInit                              0x080050a1   Thumb Code    96  heap_4.o(i.prvHeapInit)
    i.prvIdleTask                            0x0800511c   Section        0  tasks.o(i.prvIdleTask)
    prvIdleTask                              0x0800511d   Thumb Code    32  tasks.o(i.prvIdleTask)
    i.prvInitialiseMutex                     0x08005144   Section        0  queue.o(i.prvInitialiseMutex)
    prvInitialiseMutex                       0x08005145   Thumb Code    30  queue.o(i.prvInitialiseMutex)
    i.prvInitialiseNewQueue                  0x08005162   Section        0  queue.o(i.prvInitialiseNewQueue)
    prvInitialiseNewQueue                    0x08005163   Thumb Code    38  queue.o(i.prvInitialiseNewQueue)
    i.prvInitialiseNewTask                   0x08005188   Section        0  tasks.o(i.prvInitialiseNewTask)
    prvInitialiseNewTask                     0x08005189   Thumb Code   180  tasks.o(i.prvInitialiseNewTask)
    i.prvInitialiseTaskLists                 0x0800523c   Section        0  tasks.o(i.prvInitialiseTaskLists)
    prvInitialiseTaskLists                   0x0800523d   Thumb Code    70  tasks.o(i.prvInitialiseTaskLists)
    i.prvInsertBlockIntoFreeList             0x080052a4   Section        0  heap_4.o(i.prvInsertBlockIntoFreeList)
    prvInsertBlockIntoFreeList               0x080052a5   Thumb Code    96  heap_4.o(i.prvInsertBlockIntoFreeList)
    i.prvIsQueueEmpty                        0x0800530c   Section        0  queue.o(i.prvIsQueueEmpty)
    prvIsQueueEmpty                          0x0800530d   Thumb Code    26  queue.o(i.prvIsQueueEmpty)
    i.prvIsQueueFull                         0x08005326   Section        0  queue.o(i.prvIsQueueFull)
    prvIsQueueFull                           0x08005327   Thumb Code    30  queue.o(i.prvIsQueueFull)
    i.prvResetNextTaskUnblockTime            0x08005344   Section        0  tasks.o(i.prvResetNextTaskUnblockTime)
    prvResetNextTaskUnblockTime              0x08005345   Thumb Code    42  tasks.o(i.prvResetNextTaskUnblockTime)
    i.prvTaskExitError                       0x08005378   Section        0  port.o(i.prvTaskExitError)
    prvTaskExitError                         0x08005379   Thumb Code    60  port.o(i.prvTaskExitError)
    i.prvUnlockQueue                         0x080053b8   Section        0  queue.o(i.prvUnlockQueue)
    prvUnlockQueue                           0x080053b9   Thumb Code   126  queue.o(i.prvUnlockQueue)
    i.pvPortMalloc                           0x08005438   Section        0  heap_4.o(i.pvPortMalloc)
    i.pvTaskIncrementMutexHeldCount          0x08005584   Section        0  tasks.o(i.pvTaskIncrementMutexHeldCount)
    i.pxPortInitialiseStack                  0x080055a4   Section        0  port.o(i.pxPortInitialiseStack)
    i.uxListRemove                           0x080055d0   Section        0  list.o(i.uxListRemove)
    i.vListInitialise                        0x080055f8   Section        0  list.o(i.vListInitialise)
    i.vListInitialiseItem                    0x08005612   Section        0  list.o(i.vListInitialiseItem)
    i.vListInsert                            0x08005618   Section        0  list.o(i.vListInsert)
    i.vListInsertEnd                         0x0800564c   Section        0  list.o(i.vListInsertEnd)
    i.vPortEnterCritical                     0x08005664   Section        0  port.o(i.vPortEnterCritical)
    i.vPortExitCritical                      0x080056b8   Section        0  port.o(i.vPortExitCritical)
    i.vPortFree                              0x080056f4   Section        0  heap_4.o(i.vPortFree)
    i.vPortSetupTimerInterrupt               0x08005798   Section        0  port.o(i.vPortSetupTimerInterrupt)
    i.vTaskDelay                             0x080057b8   Section        0  tasks.o(i.vTaskDelay)
    i.vTaskInternalSetTimeOutState           0x08005814   Section        0  tasks.o(i.vTaskInternalSetTimeOutState)
    i.vTaskMissedYield                       0x0800582c   Section        0  tasks.o(i.vTaskMissedYield)
    i.vTaskPlaceOnEventList                  0x08005838   Section        0  tasks.o(i.vTaskPlaceOnEventList)
    i.vTaskPriorityDisinheritAfterTimeout    0x08005870   Section        0  tasks.o(i.vTaskPriorityDisinheritAfterTimeout)
    i.vTaskStartScheduler                    0x08005954   Section        0  tasks.o(i.vTaskStartScheduler)
    i.vTaskSuspendAll                        0x080059dc   Section        0  tasks.o(i.vTaskSuspendAll)
    i.vTaskSwitchContext                     0x080059ec   Section        0  tasks.o(i.vTaskSwitchContext)
    i.xPortStartScheduler                    0x08005a78   Section        0  port.o(i.xPortStartScheduler)
    i.xQueueCreateMutex                      0x08005bb4   Section        0  queue.o(i.xQueueCreateMutex)
    i.xQueueGenericCreate                    0x08005bd6   Section        0  queue.o(i.xQueueGenericCreate)
    i.xQueueGenericReset                     0x08005c2c   Section        0  queue.o(i.xQueueGenericReset)
    i.xQueueGenericSend                      0x08005cc4   Section        0  queue.o(i.xQueueGenericSend)
    i.xQueueSemaphoreTake                    0x08005e6c   Section        0  queue.o(i.xQueueSemaphoreTake)
    i.xTaskCheckForTimeOut                   0x08006024   Section        0  tasks.o(i.xTaskCheckForTimeOut)
    i.xTaskCreate                            0x080060b0   Section        0  tasks.o(i.xTaskCreate)
    i.xTaskGetSchedulerState                 0x08006110   Section        0  tasks.o(i.xTaskGetSchedulerState)
    i.xTaskIncrementTick                     0x08006130   Section        0  tasks.o(i.xTaskIncrementTick)
    i.xTaskPriorityDisinherit                0x08006278   Section        0  tasks.o(i.xTaskPriorityDisinherit)
    i.xTaskPriorityInherit                   0x08006340   Section        0  tasks.o(i.xTaskPriorityInherit)
    i.xTaskRemoveFromEventList               0x080063f8   Section        0  tasks.o(i.xTaskRemoveFromEventList)
    i.xTaskResumeAll                         0x08006490   Section        0  tasks.o(i.xTaskResumeAll)
    .constdata                               0x08006594   Section        2  button.o(.constdata)
    .constdata                               0x08006596   Section       24  system_stm32f4xx.o(.constdata)
    .conststring                             0x080065b0   Section      461  menu.o(.conststring)
    .data                                    0x20000000   Section        4  main.o(.data)
    startTask                                0x20000000   Data           4  main.o(.data)
    .data                                    0x20000004   Section       12  menu.o(.data)
    .data                                    0x20000010   Section        4  ymodem.o(.data)
    .data                                    0x20000014   Section        4  stm32f4xx_it.o(.data)
    .data                                    0x20000018   Section       80  uart.o(.data)
    s_uart1ReadBufferState                   0x20000018   Data           8  uart.o(.data)
    s_uart1WriteBufferState                  0x20000020   Data           8  uart.o(.data)
    s_uart1Mutex                             0x20000028   Data           4  uart.o(.data)
    s_uart2ReadBufferState                   0x2000002c   Data           8  uart.o(.data)
    s_uart2WriteBufferState                  0x20000034   Data           8  uart.o(.data)
    s_uart2Mutex                             0x2000003c   Data           4  uart.o(.data)
    s_uart3ReadBufferState                   0x20000040   Data           8  uart.o(.data)
    s_uart3WriteBufferState                  0x20000048   Data           8  uart.o(.data)
    s_uart3Mutex                             0x20000050   Data           4  uart.o(.data)
    s_uart6ReadBufferState                   0x20000054   Data           8  uart.o(.data)
    s_uart6WriteBufferState                  0x2000005c   Data           8  uart.o(.data)
    s_uart6Mutex                             0x20000064   Data           4  uart.o(.data)
    .data                                    0x20000068   Section        4  button.o(.data)
    .data                                    0x2000006c   Section        4  system_stm32f4xx.o(.data)
    .data                                    0x20000070   Section        9  stm32f4xx_hal.o(.data)
    .data                                    0x2000007c   Section       32  heap_4.o(.data)
    xStart                                   0x2000007c   Data           8  heap_4.o(.data)
    pxEnd                                    0x20000084   Data           4  heap_4.o(.data)
    xFreeBytesRemaining                      0x20000088   Data           4  heap_4.o(.data)
    xMinimumEverFreeBytesRemaining           0x2000008c   Data           4  heap_4.o(.data)
    xNumberOfSuccessfulAllocations           0x20000090   Data           4  heap_4.o(.data)
    xNumberOfSuccessfulFrees                 0x20000094   Data           4  heap_4.o(.data)
    xBlockAllocatedBit                       0x20000098   Data           4  heap_4.o(.data)
    .data                                    0x2000009c   Section       12  port.o(.data)
    uxCriticalNesting                        0x2000009c   Data           4  port.o(.data)
    ucMaxSysCallPriority                     0x200000a0   Data           1  port.o(.data)
    ulMaxPRIGROUPValue                       0x200000a4   Data           4  port.o(.data)
    .data                                    0x200000a8   Section       60  tasks.o(.data)
    pxDelayedTaskList                        0x200000ac   Data           4  tasks.o(.data)
    pxOverflowDelayedTaskList                0x200000b0   Data           4  tasks.o(.data)
    uxDeletedTasksWaitingCleanUp             0x200000b4   Data           4  tasks.o(.data)
    uxCurrentNumberOfTasks                   0x200000b8   Data           4  tasks.o(.data)
    xTickCount                               0x200000bc   Data           4  tasks.o(.data)
    uxTopReadyPriority                       0x200000c0   Data           4  tasks.o(.data)
    xSchedulerRunning                        0x200000c4   Data           4  tasks.o(.data)
    xPendedTicks                             0x200000c8   Data           4  tasks.o(.data)
    xYieldPending                            0x200000cc   Data           4  tasks.o(.data)
    xNumOfOverflows                          0x200000d0   Data           4  tasks.o(.data)
    uxTaskNumber                             0x200000d4   Data           4  tasks.o(.data)
    xNextTaskUnblockTime                     0x200000d8   Data           4  tasks.o(.data)
    xIdleTaskHandle                          0x200000dc   Data           4  tasks.o(.data)
    uxSchedulerSuspended                     0x200000e0   Data           4  tasks.o(.data)
    .bss                                     0x200000e4   Section       64  menu.o(.bss)
    .bss                                     0x20000124   Section     1030  ymodem.o(.bss)
    .bss                                     0x2000052c   Section      844  stm32f4xx_it.o(.bss)
    .bss                                     0x20000878   Section    14704  uart.o(.bss)
    s_uart1ReadRingBuffer                    0x20000878   Data          12  uart.o(.bss)
    s_uart1WriteRingBuffer                   0x20000884   Data          12  uart.o(.bss)
    s_uart1ReadBuf                           0x20000890   Data        1024  uart.o(.bss)
    s_uart1WriteBuf                          0x20000c90   Data        4096  uart.o(.bss)
    s_uart1Handle                            0x20001c90   Data          68  uart.o(.bss)
    s_uart2ReadRingBuffer                    0x20001cd4   Data          12  uart.o(.bss)
    s_uart2WriteRingBuffer                   0x20001ce0   Data          12  uart.o(.bss)
    s_uart2ReadBuf                           0x20001cec   Data        2048  uart.o(.bss)
    s_uart2WriteBuf                          0x200024ec   Data        2048  uart.o(.bss)
    s_uart2Handle                            0x20002cec   Data          68  uart.o(.bss)
    s_uart3ReadRingBuffer                    0x20002d30   Data          12  uart.o(.bss)
    s_uart3WriteRingBuffer                   0x20002d3c   Data          12  uart.o(.bss)
    s_uart3ReadBuf                           0x20002d48   Data        2048  uart.o(.bss)
    s_uart3WriteBuf                          0x20003548   Data        1024  uart.o(.bss)
    s_uart3Handle                            0x20003948   Data          68  uart.o(.bss)
    s_uart6ReadRingBuffer                    0x2000398c   Data          12  uart.o(.bss)
    s_uart6WriteRingBuffer                   0x20003998   Data          12  uart.o(.bss)
    s_uart6ReadBuf                           0x200039a4   Data        1024  uart.o(.bss)
    s_uart6WriteBuf                          0x20003da4   Data        1024  uart.o(.bss)
    s_uart6Handle                            0x200041a4   Data          68  uart.o(.bss)
    .bss                                     0x200041e8   Section       32  stm32f4xx_hal_flash.o(.bss)
    .bss                                     0x20004208   Section    75000  heap_4.o(.bss)
    ucHeap                                   0x20004208   Data       75000  heap_4.o(.bss)
    .bss                                     0x20016700   Section      240  tasks.o(.bss)
    pxReadyTasksLists                        0x20016700   Data         140  tasks.o(.bss)
    xDelayedTaskList1                        0x2001678c   Data          20  tasks.o(.bss)
    xDelayedTaskList2                        0x200167a0   Data          20  tasks.o(.bss)
    xPendingReadyList                        0x200167b4   Data          20  tasks.o(.bss)
    xTasksWaitingTermination                 0x200167c8   Data          20  tasks.o(.bss)
    xSuspendedTaskList                       0x200167dc   Data          20  tasks.o(.bss)
    STACK                                    0x200167f0   Section     1024  startup_stm32f407xx.o(STACK)

    Global Symbols

    Symbol Name                              Value     Ov Type        Size  Object(Section)

    BuildAttributes$$THM_ISAv4$E$P$D$K$B$S$7EM$VFPi3$EXTD16$VFPS$VFMA$PE$A:L22UL41UL21$X:L11$S22US41US21$IEEE1$IW$USESV6$~STKCKD$USESV7$~SHL$OSPACE$EBA8$MICROLIB$REQ8$PRES8$EABIv2 0x00000000   Number         0  anon$$obj.o ABSOLUTE
    __ARM_use_no_argv                        0x00000000   Number         0  main.o ABSOLUTE
    __cpp_initialize__aeabi_                  - Undefined Weak Reference
    __cxa_finalize                            - Undefined Weak Reference
    __decompress                              - Undefined Weak Reference
    _clock_init                               - Undefined Weak Reference
    _microlib_exit                            - Undefined Weak Reference
    __Vectors_Size                           0x00000188   Number         0  startup_stm32f407xx.o ABSOLUTE
    __Vectors                                0x08000000   Data           4  startup_stm32f407xx.o(RESET)
    __Vectors_End                            0x08000188   Data           0  startup_stm32f407xx.o(RESET)
    __main                                   0x08000189   Thumb Code     0  entry.o(.ARM.Collect$$$$00000000)
    _main_stk                                0x08000189   Thumb Code     0  entry2.o(.ARM.Collect$$$$00000001)
    _main_scatterload                        0x0800018d   Thumb Code     0  entry5.o(.ARM.Collect$$$$00000004)
    __main_after_scatterload                 0x08000191   Thumb Code     0  entry5.o(.ARM.Collect$$$$00000004)
    _main_clock                              0x08000191   Thumb Code     0  entry7b.o(.ARM.Collect$$$$00000008)
    _main_cpp_init                           0x08000191   Thumb Code     0  entry8b.o(.ARM.Collect$$$$0000000A)
    _main_init                               0x08000191   Thumb Code     0  entry9a.o(.ARM.Collect$$$$0000000B)
    __rt_final_cpp                           0x08000199   Thumb Code     0  entry10a.o(.ARM.Collect$$$$0000000D)
    __rt_final_exit                          0x08000199   Thumb Code     0  entry11a.o(.ARM.Collect$$$$0000000F)
    SVC_Handler                              0x0800019d   Thumb Code    28  port.o(.emb_text)
    __asm___6_port_c_39a90d8d__prvStartFirstTask 0x080001bd   Thumb Code    28  port.o(.emb_text)
    __asm___6_port_c_39a90d8d__prvEnableVFP  0x080001dd   Thumb Code    16  port.o(.emb_text)
    PendSV_Handler                           0x080001f1   Thumb Code    88  port.o(.emb_text)
    vPortGetIPSR                             0x0800024d   Thumb Code     6  port.o(.emb_text)
    Reset_Handler                            0x08000255   Thumb Code     8  startup_stm32f407xx.o(.text)
    ADC_IRQHandler                           0x0800026f   Thumb Code     0  startup_stm32f407xx.o(.text)
    CAN1_RX0_IRQHandler                      0x0800026f   Thumb Code     0  startup_stm32f407xx.o(.text)
    CAN1_RX1_IRQHandler                      0x0800026f   Thumb Code     0  startup_stm32f407xx.o(.text)
    CAN1_SCE_IRQHandler                      0x0800026f   Thumb Code     0  startup_stm32f407xx.o(.text)
    CAN1_TX_IRQHandler                       0x0800026f   Thumb Code     0  startup_stm32f407xx.o(.text)
    CAN2_RX0_IRQHandler                      0x0800026f   Thumb Code     0  startup_stm32f407xx.o(.text)
    CAN2_RX1_IRQHandler                      0x0800026f   Thumb Code     0  startup_stm32f407xx.o(.text)
    CAN2_SCE_IRQHandler                      0x0800026f   Thumb Code     0  startup_stm32f407xx.o(.text)
    CAN2_TX_IRQHandler                       0x0800026f   Thumb Code     0  startup_stm32f407xx.o(.text)
    DCMI_IRQHandler                          0x0800026f   Thumb Code     0  startup_stm32f407xx.o(.text)
    DMA1_Stream0_IRQHandler                  0x0800026f   Thumb Code     0  startup_stm32f407xx.o(.text)
    DMA1_Stream1_IRQHandler                  0x0800026f   Thumb Code     0  startup_stm32f407xx.o(.text)
    DMA1_Stream2_IRQHandler                  0x0800026f   Thumb Code     0  startup_stm32f407xx.o(.text)
    DMA1_Stream3_IRQHandler                  0x0800026f   Thumb Code     0  startup_stm32f407xx.o(.text)
    DMA1_Stream4_IRQHandler                  0x0800026f   Thumb Code     0  startup_stm32f407xx.o(.text)
    DMA1_Stream5_IRQHandler                  0x0800026f   Thumb Code     0  startup_stm32f407xx.o(.text)
    DMA1_Stream6_IRQHandler                  0x0800026f   Thumb Code     0  startup_stm32f407xx.o(.text)
    DMA1_Stream7_IRQHandler                  0x0800026f   Thumb Code     0  startup_stm32f407xx.o(.text)
    DMA2_Stream0_IRQHandler                  0x0800026f   Thumb Code     0  startup_stm32f407xx.o(.text)
    DMA2_Stream1_IRQHandler                  0x0800026f   Thumb Code     0  startup_stm32f407xx.o(.text)
    DMA2_Stream2_IRQHandler                  0x0800026f   Thumb Code     0  startup_stm32f407xx.o(.text)
    DMA2_Stream3_IRQHandler                  0x0800026f   Thumb Code     0  startup_stm32f407xx.o(.text)
    DMA2_Stream4_IRQHandler                  0x0800026f   Thumb Code     0  startup_stm32f407xx.o(.text)
    DMA2_Stream5_IRQHandler                  0x0800026f   Thumb Code     0  startup_stm32f407xx.o(.text)
    DMA2_Stream6_IRQHandler                  0x0800026f   Thumb Code     0  startup_stm32f407xx.o(.text)
    DMA2_Stream7_IRQHandler                  0x0800026f   Thumb Code     0  startup_stm32f407xx.o(.text)
    ETH_IRQHandler                           0x0800026f   Thumb Code     0  startup_stm32f407xx.o(.text)
    ETH_WKUP_IRQHandler                      0x0800026f   Thumb Code     0  startup_stm32f407xx.o(.text)
    EXTI0_IRQHandler                         0x0800026f   Thumb Code     0  startup_stm32f407xx.o(.text)
    EXTI15_10_IRQHandler                     0x0800026f   Thumb Code     0  startup_stm32f407xx.o(.text)
    EXTI1_IRQHandler                         0x0800026f   Thumb Code     0  startup_stm32f407xx.o(.text)
    EXTI2_IRQHandler                         0x0800026f   Thumb Code     0  startup_stm32f407xx.o(.text)
    EXTI3_IRQHandler                         0x0800026f   Thumb Code     0  startup_stm32f407xx.o(.text)
    EXTI4_IRQHandler                         0x0800026f   Thumb Code     0  startup_stm32f407xx.o(.text)
    EXTI9_5_IRQHandler                       0x0800026f   Thumb Code     0  startup_stm32f407xx.o(.text)
    FLASH_IRQHandler                         0x0800026f   Thumb Code     0  startup_stm32f407xx.o(.text)
    FMC_IRQHandler                           0x0800026f   Thumb Code     0  startup_stm32f407xx.o(.text)
    FPU_IRQHandler                           0x0800026f   Thumb Code     0  startup_stm32f407xx.o(.text)
    HASH_RNG_IRQHandler                      0x0800026f   Thumb Code     0  startup_stm32f407xx.o(.text)
    I2C1_ER_IRQHandler                       0x0800026f   Thumb Code     0  startup_stm32f407xx.o(.text)
    I2C1_EV_IRQHandler                       0x0800026f   Thumb Code     0  startup_stm32f407xx.o(.text)
    I2C2_ER_IRQHandler                       0x0800026f   Thumb Code     0  startup_stm32f407xx.o(.text)
    I2C2_EV_IRQHandler                       0x0800026f   Thumb Code     0  startup_stm32f407xx.o(.text)
    I2C3_ER_IRQHandler                       0x0800026f   Thumb Code     0  startup_stm32f407xx.o(.text)
    I2C3_EV_IRQHandler                       0x0800026f   Thumb Code     0  startup_stm32f407xx.o(.text)
    OTG_FS_WKUP_IRQHandler                   0x0800026f   Thumb Code     0  startup_stm32f407xx.o(.text)
    OTG_HS_EP1_IN_IRQHandler                 0x0800026f   Thumb Code     0  startup_stm32f407xx.o(.text)
    OTG_HS_EP1_OUT_IRQHandler                0x0800026f   Thumb Code     0  startup_stm32f407xx.o(.text)
    OTG_HS_IRQHandler                        0x0800026f   Thumb Code     0  startup_stm32f407xx.o(.text)
    OTG_HS_WKUP_IRQHandler                   0x0800026f   Thumb Code     0  startup_stm32f407xx.o(.text)
    PVD_IRQHandler                           0x0800026f   Thumb Code     0  startup_stm32f407xx.o(.text)
    RCC_IRQHandler                           0x0800026f   Thumb Code     0  startup_stm32f407xx.o(.text)
    RTC_Alarm_IRQHandler                     0x0800026f   Thumb Code     0  startup_stm32f407xx.o(.text)
    RTC_WKUP_IRQHandler                      0x0800026f   Thumb Code     0  startup_stm32f407xx.o(.text)
    SDIO_IRQHandler                          0x0800026f   Thumb Code     0  startup_stm32f407xx.o(.text)
    SPI1_IRQHandler                          0x0800026f   Thumb Code     0  startup_stm32f407xx.o(.text)
    SPI2_IRQHandler                          0x0800026f   Thumb Code     0  startup_stm32f407xx.o(.text)
    SPI3_IRQHandler                          0x0800026f   Thumb Code     0  startup_stm32f407xx.o(.text)
    TAMP_STAMP_IRQHandler                    0x0800026f   Thumb Code     0  startup_stm32f407xx.o(.text)
    TIM1_BRK_TIM9_IRQHandler                 0x0800026f   Thumb Code     0  startup_stm32f407xx.o(.text)
    TIM1_CC_IRQHandler                       0x0800026f   Thumb Code     0  startup_stm32f407xx.o(.text)
    TIM1_TRG_COM_TIM11_IRQHandler            0x0800026f   Thumb Code     0  startup_stm32f407xx.o(.text)
    TIM2_IRQHandler                          0x0800026f   Thumb Code     0  startup_stm32f407xx.o(.text)
    TIM3_IRQHandler                          0x0800026f   Thumb Code     0  startup_stm32f407xx.o(.text)
    TIM4_IRQHandler                          0x0800026f   Thumb Code     0  startup_stm32f407xx.o(.text)
    TIM5_IRQHandler                          0x0800026f   Thumb Code     0  startup_stm32f407xx.o(.text)
    TIM6_DAC_IRQHandler                      0x0800026f   Thumb Code     0  startup_stm32f407xx.o(.text)
    TIM7_IRQHandler                          0x0800026f   Thumb Code     0  startup_stm32f407xx.o(.text)
    TIM8_BRK_TIM12_IRQHandler                0x0800026f   Thumb Code     0  startup_stm32f407xx.o(.text)
    TIM8_CC_IRQHandler                       0x0800026f   Thumb Code     0  startup_stm32f407xx.o(.text)
    TIM8_TRG_COM_TIM14_IRQHandler            0x0800026f   Thumb Code     0  startup_stm32f407xx.o(.text)
    TIM8_UP_TIM13_IRQHandler                 0x0800026f   Thumb Code     0  startup_stm32f407xx.o(.text)
    UART4_IRQHandler                         0x0800026f   Thumb Code     0  startup_stm32f407xx.o(.text)
    UART5_IRQHandler                         0x0800026f   Thumb Code     0  startup_stm32f407xx.o(.text)
    WWDG_IRQHandler                          0x0800026f   Thumb Code     0  startup_stm32f407xx.o(.text)
    __aeabi_uldivmod                         0x08000279   Thumb Code    98  uldiv.o(.text)
    __aeabi_memcpy                           0x080002db   Thumb Code    36  memcpya.o(.text)
    __aeabi_memcpy4                          0x080002db   Thumb Code     0  memcpya.o(.text)
    __aeabi_memcpy8                          0x080002db   Thumb Code     0  memcpya.o(.text)
    __aeabi_llsl                             0x080002ff   Thumb Code    30  llshl.o(.text)
    _ll_shift_l                              0x080002ff   Thumb Code     0  llshl.o(.text)
    __aeabi_llsr                             0x0800031d   Thumb Code    32  llushr.o(.text)
    _ll_ushift_r                             0x0800031d   Thumb Code     0  llushr.o(.text)
    __scatterload                            0x0800033d   Thumb Code    28  init.o(.text)
    __scatterload_rt2                        0x0800033d   Thumb Code     0  init.o(.text)
    BusFault_Handler                         0x08000361   Thumb Code     4  stm32f4xx_it.o(i.BusFault_Handler)
    Button_GetState                          0x08000365   Thumb Code    22  button.o(i.Button_GetState)
    Button_Init                              0x08000385   Thumb Code    84  button.o(i.Button_Init)
    Cal_CRC16                                0x080003e5   Thumb Code    52  ymodem.o(i.Cal_CRC16)
    DebugMon_Handler                         0x08000419   Thumb Code     2  stm32f4xx_it.o(i.DebugMon_Handler)
    FLASH_Erase_Sector                       0x0800041d   Thumb Code    86  stm32f4xx_hal_flash_ex.o(i.FLASH_Erase_Sector)
    FLASH_FlushCaches                        0x08000479   Thumb Code   114  stm32f4xx_hal_flash_ex.o(i.FLASH_FlushCaches)
    FLASH_If_Erase                           0x080004f1   Thumb Code    90  flash_if.o(i.FLASH_If_Erase)
    FLASH_If_GetWriteProtectionStatus        0x08000551   Thumb Code    42  flash_if.o(i.FLASH_If_GetWriteProtectionStatus)
    FLASH_If_Write                           0x0800057d   Thumb Code   162  flash_if.o(i.FLASH_If_Write)
    FLASH_If_WriteProtectionConfig           0x08000629   Thumb Code    68  flash_if.o(i.FLASH_If_WriteProtectionConfig)
    FLASH_WaitForLastOperation               0x08000901   Thumb Code    90  stm32f4xx_hal_flash.o(i.FLASH_WaitForLastOperation)
    GduUpgradePlatformStm32_GetUpgradeRebootState 0x08000965   Thumb Code    44  upgrade_platform_opt_stm32.o(i.GduUpgradePlatformStm32_GetUpgradeRebootState)
    GduUpgradePlatformStm32_ReplaceOldProgram 0x08000999   Thumb Code    64  upgrade_platform_opt_stm32.o(i.GduUpgradePlatformStm32_ReplaceOldProgram)
    GduUpgradePlatformStm32_SetUpgradeRebootState 0x080009e5   Thumb Code    58  upgrade_platform_opt_stm32.o(i.GduUpgradePlatformStm32_SetUpgradeRebootState)
    HAL_Delay                                0x08000b11   Thumb Code    36  stm32f4xx_hal.o(i.HAL_Delay)
    HAL_FLASHEx_Erase                        0x08000b39   Thumb Code   164  stm32f4xx_hal_flash_ex.o(i.HAL_FLASHEx_Erase)
    HAL_FLASHEx_OBGetConfig                  0x08000be5   Thumb Code    34  stm32f4xx_hal_flash_ex.o(i.HAL_FLASHEx_OBGetConfig)
    HAL_FLASHEx_OBProgram                    0x08000c09   Thumb Code   144  stm32f4xx_hal_flash_ex.o(i.HAL_FLASHEx_OBProgram)
    HAL_FLASH_Lock                           0x08000c9d   Thumb Code    16  stm32f4xx_hal_flash.o(i.HAL_FLASH_Lock)
    HAL_FLASH_OB_Launch                      0x08000cb1   Thumb Code    24  stm32f4xx_hal_flash.o(i.HAL_FLASH_OB_Launch)
    HAL_FLASH_OB_Unlock                      0x08000ccd   Thumb Code    32  stm32f4xx_hal_flash.o(i.HAL_FLASH_OB_Unlock)
    HAL_FLASH_Program                        0x08000cf9   Thumb Code   142  stm32f4xx_hal_flash.o(i.HAL_FLASH_Program)
    HAL_FLASH_Unlock                         0x08000d91   Thumb Code    38  stm32f4xx_hal_flash.o(i.HAL_FLASH_Unlock)
    HAL_GPIO_Init                            0x08000dc5   Thumb Code   470  stm32f4xx_hal_gpio.o(i.HAL_GPIO_Init)
    HAL_GPIO_ReadPin                         0x08000fc9   Thumb Code    16  stm32f4xx_hal_gpio.o(i.HAL_GPIO_ReadPin)
    HAL_GetREVID                             0x08000fd9   Thumb Code     8  stm32f4xx_hal.o(i.HAL_GetREVID)
    HAL_GetTick                              0x08000fe5   Thumb Code     6  stm32f4xx_hal.o(i.HAL_GetTick)
    HAL_HCD_Connect_Callback                 0x08000ff1   Thumb Code     2  stm32f4xx_hal_hcd.o(i.HAL_HCD_Connect_Callback)
    HAL_HCD_Disconnect_Callback              0x08000ff3   Thumb Code     2  stm32f4xx_hal_hcd.o(i.HAL_HCD_Disconnect_Callback)
    HAL_HCD_HC_NotifyURBChange_Callback      0x08000ff5   Thumb Code     2  stm32f4xx_hal_hcd.o(i.HAL_HCD_HC_NotifyURBChange_Callback)
    HAL_HCD_IRQHandler                       0x08000ff7   Thumb Code   364  stm32f4xx_hal_hcd.o(i.HAL_HCD_IRQHandler)
    HAL_HCD_PortDisabled_Callback            0x08001163   Thumb Code     2  stm32f4xx_hal_hcd.o(i.HAL_HCD_PortDisabled_Callback)
    HAL_HCD_PortEnabled_Callback             0x08001165   Thumb Code     2  stm32f4xx_hal_hcd.o(i.HAL_HCD_PortEnabled_Callback)
    HAL_HCD_SOF_Callback                     0x08001167   Thumb Code     2  stm32f4xx_hal_hcd.o(i.HAL_HCD_SOF_Callback)
    HAL_Init                                 0x08001169   Thumb Code    54  stm32f4xx_hal.o(i.HAL_Init)
    HAL_InitTick                             0x080011a5   Thumb Code    64  stm32f4xx_hal.o(i.HAL_InitTick)
    HAL_MspInit                              0x080011f1   Thumb Code    78  stm32f4xx_hal_msp.o(i.HAL_MspInit)
    HAL_NVIC_EnableIRQ                       0x08001245   Thumb Code    32  stm32f4xx_hal_cortex.o(i.HAL_NVIC_EnableIRQ)
    HAL_NVIC_SetPriority                     0x08001265   Thumb Code   124  stm32f4xx_hal_cortex.o(i.HAL_NVIC_SetPriority)
    HAL_NVIC_SetPriorityGrouping             0x080012e1   Thumb Code    32  stm32f4xx_hal_cortex.o(i.HAL_NVIC_SetPriorityGrouping)
    HAL_RCC_ClockConfig                      0x08001309   Thumb Code   368  stm32f4xx_hal_rcc.o(i.HAL_RCC_ClockConfig)
    HAL_RCC_GetHCLKFreq                      0x0800148d   Thumb Code     6  stm32f4xx_hal_rcc.o(i.HAL_RCC_GetHCLKFreq)
    HAL_RCC_GetPCLK1Freq                     0x08001499   Thumb Code    22  stm32f4xx_hal_rcc.o(i.HAL_RCC_GetPCLK1Freq)
    HAL_RCC_GetPCLK2Freq                     0x080014b9   Thumb Code    22  stm32f4xx_hal_rcc.o(i.HAL_RCC_GetPCLK2Freq)
    HAL_RCC_GetSysClockFreq                  0x080014d9   Thumb Code   162  stm32f4xx_hal_rcc.o(i.HAL_RCC_GetSysClockFreq)
    HAL_RCC_OscConfig                        0x08001589   Thumb Code  1172  stm32f4xx_hal_rcc.o(i.HAL_RCC_OscConfig)
    HAL_SYSTICK_Config                       0x08001a25   Thumb Code    52  stm32f4xx_hal_cortex.o(i.HAL_SYSTICK_Config)
    HAL_TIMEx_BreakCallback                  0x08001a59   Thumb Code     2  stm32f4xx_hal_tim_ex.o(i.HAL_TIMEx_BreakCallback)
    HAL_TIMEx_CommutCallback                 0x08001a5b   Thumb Code     2  stm32f4xx_hal_tim_ex.o(i.HAL_TIMEx_CommutCallback)
    HAL_TIM_IC_CaptureCallback               0x08001a5d   Thumb Code     2  stm32f4xx_hal_tim.o(i.HAL_TIM_IC_CaptureCallback)
    HAL_TIM_IRQHandler                       0x08001a5f   Thumb Code   406  stm32f4xx_hal_tim.o(i.HAL_TIM_IRQHandler)
    HAL_TIM_OC_DelayElapsedCallback          0x08001bf5   Thumb Code     2  stm32f4xx_hal_tim.o(i.HAL_TIM_OC_DelayElapsedCallback)
    HAL_TIM_PWM_PulseFinishedCallback        0x08001bf7   Thumb Code     2  stm32f4xx_hal_tim.o(i.HAL_TIM_PWM_PulseFinishedCallback)
    HAL_TIM_PeriodElapsedCallback            0x08001bf9   Thumb Code     2  stm32f4xx_hal_tim.o(i.HAL_TIM_PeriodElapsedCallback)
    HAL_TIM_TriggerCallback                  0x08001bfb   Thumb Code     2  stm32f4xx_hal_tim.o(i.HAL_TIM_TriggerCallback)
    HAL_UART_Init                            0x08001bfd   Thumb Code   114  stm32f4xx_hal_uart.o(i.HAL_UART_Init)
    HAL_UART_MspInit                         0x08001c71   Thumb Code   684  stm32f4xx_hal_msp.o(i.HAL_UART_MspInit)
    HardFault_Handler                        0x0800301d   Thumb Code     4  stm32f4xx_it.o(i.HardFault_Handler)
    Int2Str                                  0x08003031   Thumb Code    84  common.o(i.Int2Str)
    Main_Menu                                0x08003089   Thumb Code   268  menu.o(i.Main_Menu)
    MemManage_Handler                        0x08003495   Thumb Code     4  stm32f4xx_it.o(i.MemManage_Handler)
    NMI_Handler                              0x08003499   Thumb Code     4  stm32f4xx_it.o(i.NMI_Handler)
    OTG_FS_IRQHandler                        0x0800349d   Thumb Code    20  stm32f4xx_it.o(i.OTG_FS_IRQHandler)
    Osal_MutexCreate                         0x080034b9   Thumb Code    28  osal.o(i.Osal_MutexCreate)
    Osal_MutexLock                           0x080034d5   Thumb Code    40  osal.o(i.Osal_MutexLock)
    Osal_MutexUnlock                         0x080034fd   Thumb Code    32  osal.o(i.Osal_MutexUnlock)
    Osal_TaskSleepMs                         0x0800351d   Thumb Code    26  osal.o(i.Osal_TaskSleepMs)
    RingBuf_Get                              0x080037c9   Thumb Code   116  gdu_ringbuffer.o(i.RingBuf_Get)
    RingBuf_GetUnusedSize                    0x0800383d   Thumb Code    16  gdu_ringbuffer.o(i.RingBuf_GetUnusedSize)
    RingBuf_Init                             0x0800384d   Thumb Code    26  gdu_ringbuffer.o(i.RingBuf_Init)
    RingBuf_Put                              0x08003867   Thumb Code   124  gdu_ringbuffer.o(i.RingBuf_Put)
    SerialDownload                           0x080038e5   Thumb Code   118  menu.o(i.SerialDownload)
    SerialUpload                             0x08003a65   Thumb Code    70  menu.o(i.SerialUpload)
    Serial_PutByte                           0x08003b31   Thumb Code    16  common.o(i.Serial_PutByte)
    Serial_PutString                         0x08003b41   Thumb Code    30  common.o(i.Serial_PutString)
    Str2Int                                  0x08003b5f   Thumb Code   244  common.o(i.Str2Int)
    SysTick_Handler                          0x08003c55   Thumb Code    46  port.o(i.SysTick_Handler)
    SystemInit                               0x08003d3d   Thumb Code    24  system_stm32f4xx.o(i.SystemInit)
    TIM1_UP_TIM10_IRQHandler                 0x08003d59   Thumb Code    10  stm32f4xx_it.o(i.TIM1_UP_TIM10_IRQHandler)
    UART_Init                                0x08003d69   Thumb Code   352  uart.o(i.UART_Init)
    UART_Read                                0x08003f39   Thumb Code   162  uart.o(i.UART_Read)
    UART_Write                               0x08004229   Thumb Code   406  uart.o(i.UART_Write)
    USART1_IRQHandler                        0x08004401   Thumb Code   164  uart.o(i.USART1_IRQHandler)
    USART2_IRQHandler                        0x080044b5   Thumb Code   164  uart.o(i.USART2_IRQHandler)
    USART3_IRQHandler                        0x08004569   Thumb Code   164  uart.o(i.USART3_IRQHandler)
    USART6_IRQHandler                        0x0800461d   Thumb Code   164  uart.o(i.USART6_IRQHandler)
    USB_GetMode                              0x080046d1   Thumb Code    10  stm32f4xx_ll_usb.o(i.USB_GetMode)
    USB_HC_Halt                              0x080046db   Thumb Code   432  stm32f4xx_ll_usb.o(i.USB_HC_Halt)
    USB_HC_ReadInterrupt                     0x0800488b   Thumb Code    14  stm32f4xx_ll_usb.o(i.USB_HC_ReadInterrupt)
    USB_InitFSLSPClkSel                      0x08004899   Thumb Code    68  stm32f4xx_ll_usb.o(i.USB_InitFSLSPClkSel)
    USB_ReadInterrupts                       0x080048dd   Thumb Code    10  stm32f4xx_ll_usb.o(i.USB_ReadInterrupts)
    USB_ReadPacket                           0x080048e7   Thumb Code    34  stm32f4xx_ll_usb.o(i.USB_ReadPacket)
    Uart_ReadWithTimeOut                     0x08004909   Thumb Code    68  ymodem.o(i.Uart_ReadWithTimeOut)
    Uart_WriteWithTimeOut                    0x0800494d   Thumb Code    38  ymodem.o(i.Uart_WriteWithTimeOut)
    UpdateCRC16                              0x08004973   Thumb Code    50  ymodem.o(i.UpdateCRC16)
    UsageFault_Handler                       0x080049a5   Thumb Code     4  stm32f4xx_it.o(i.UsageFault_Handler)
    Ymodem_Receive                           0x080049a9   Thumb Code   450  ymodem.o(i.Ymodem_Receive)
    Ymodem_Transmit                          0x08004b85   Thumb Code   582  ymodem.o(i.Ymodem_Transmit)
    __scatterload_copy                       0x08004e09   Thumb Code    14  handlers.o(i.__scatterload_copy)
    __scatterload_null                       0x08004e17   Thumb Code     2  handlers.o(i.__scatterload_null)
    __scatterload_zeroinit                   0x08004e19   Thumb Code    14  handlers.o(i.__scatterload_zeroinit)
    main                                     0x08004e29   Thumb Code    42  main.o(i.main)
    pvPortMalloc                             0x08005439   Thumb Code   306  heap_4.o(i.pvPortMalloc)
    pvTaskIncrementMutexHeldCount            0x08005585   Thumb Code    26  tasks.o(i.pvTaskIncrementMutexHeldCount)
    pxPortInitialiseStack                    0x080055a5   Thumb Code    38  port.o(i.pxPortInitialiseStack)
    uxListRemove                             0x080055d1   Thumb Code    40  list.o(i.uxListRemove)
    vListInitialise                          0x080055f9   Thumb Code    26  list.o(i.vListInitialise)
    vListInitialiseItem                      0x08005613   Thumb Code     6  list.o(i.vListInitialiseItem)
    vListInsert                              0x08005619   Thumb Code    52  list.o(i.vListInsert)
    vListInsertEnd                           0x0800564d   Thumb Code    24  list.o(i.vListInsertEnd)
    vPortEnterCritical                       0x08005665   Thumb Code    76  port.o(i.vPortEnterCritical)
    vPortExitCritical                        0x080056b9   Thumb Code    56  port.o(i.vPortExitCritical)
    vPortFree                                0x080056f5   Thumb Code   150  heap_4.o(i.vPortFree)
    vPortSetupTimerInterrupt                 0x08005799   Thumb Code    26  port.o(i.vPortSetupTimerInterrupt)
    vTaskDelay                               0x080057b9   Thumb Code    82  tasks.o(i.vTaskDelay)
    vTaskInternalSetTimeOutState             0x08005815   Thumb Code    14  tasks.o(i.vTaskInternalSetTimeOutState)
    vTaskMissedYield                         0x0800582d   Thumb Code     8  tasks.o(i.vTaskMissedYield)
    vTaskPlaceOnEventList                    0x08005839   Thumb Code    52  tasks.o(i.vTaskPlaceOnEventList)
    vTaskPriorityDisinheritAfterTimeout      0x08005871   Thumb Code   216  tasks.o(i.vTaskPriorityDisinheritAfterTimeout)
    vTaskStartScheduler                      0x08005955   Thumb Code   108  tasks.o(i.vTaskStartScheduler)
    vTaskSuspendAll                          0x080059dd   Thumb Code    12  tasks.o(i.vTaskSuspendAll)
    vTaskSwitchContext                       0x080059ed   Thumb Code   118  tasks.o(i.vTaskSwitchContext)
    xPortStartScheduler                      0x08005a79   Thumb Code   288  port.o(i.xPortStartScheduler)
    xQueueCreateMutex                        0x08005bb5   Thumb Code    34  queue.o(i.xQueueCreateMutex)
    xQueueGenericCreate                      0x08005bd7   Thumb Code    84  queue.o(i.xQueueGenericCreate)
    xQueueGenericReset                       0x08005c2d   Thumb Code   146  queue.o(i.xQueueGenericReset)
    xQueueGenericSend                        0x08005cc5   Thumb Code   420  queue.o(i.xQueueGenericSend)
    xQueueSemaphoreTake                      0x08005e6d   Thumb Code   434  queue.o(i.xQueueSemaphoreTake)
    xTaskCheckForTimeOut                     0x08006025   Thumb Code   132  tasks.o(i.xTaskCheckForTimeOut)
    xTaskCreate                              0x080060b1   Thumb Code    96  tasks.o(i.xTaskCreate)
    xTaskGetSchedulerState                   0x08006111   Thumb Code    24  tasks.o(i.xTaskGetSchedulerState)
    xTaskIncrementTick                       0x08006131   Thumb Code   282  tasks.o(i.xTaskIncrementTick)
    xTaskPriorityDisinherit                  0x08006279   Thumb Code   188  tasks.o(i.xTaskPriorityDisinherit)
    xTaskPriorityInherit                     0x08006341   Thumb Code   172  tasks.o(i.xTaskPriorityInherit)
    xTaskRemoveFromEventList                 0x080063f9   Thumb Code   128  tasks.o(i.xTaskRemoveFromEventList)
    xTaskResumeAll                           0x08006491   Thumb Code   224  tasks.o(i.xTaskResumeAll)
    BUTTON_PIN                               0x08006594   Data           2  button.o(.constdata)
    AHBPrescTable                            0x08006596   Data          16  system_stm32f4xx.o(.constdata)
    APBPrescTable                            0x080065a6   Data           8  system_stm32f4xx.o(.constdata)
    Region$$Table$$Base                      0x08006780   Number         0  anon$$obj.o(Region$$Table)
    Region$$Table$$Limit                     0x080067a0   Number         0  anon$$obj.o(Region$$Table)
    JumpToApplication                        0x20000004   Data           4  menu.o(.data)
    JumpAddress                              0x20000008   Data           4  menu.o(.data)
    FlashProtection                          0x2000000c   Data           4  menu.o(.data)
    flashdestination                         0x20000010   Data           4  ymodem.o(.data)
    usbIrqFlag                               0x20000014   Data           4  stm32f4xx_it.o(.data)
    BUTTON_PORT                              0x20000068   Data           4  button.o(.data)
    SystemCoreClock                          0x2000006c   Data           4  system_stm32f4xx.o(.data)
    uwTick                                   0x20000070   Data           4  stm32f4xx_hal.o(.data)
    uwTickPrio                               0x20000074   Data           4  stm32f4xx_hal.o(.data)
    uwTickFreq                               0x20000078   Data           1  stm32f4xx_hal.o(.data)
    pxCurrentTCB                             0x200000a8   Data           4  tasks.o(.data)
    aFileName                                0x200000e4   Data          64  menu.o(.bss)
    aPacketData                              0x20000124   Data        1030  ymodem.o(.bss)
    hhcd_USB_OTG_FS                          0x2000052c   Data         772  stm32f4xx_it.o(.bss)
    htim1                                    0x20000830   Data          72  stm32f4xx_it.o(.bss)
    pFlash                                   0x200041e8   Data          32  stm32f4xx_hal_flash.o(.bss)
    __initial_sp                             0x20016bf0   Data           0  startup_stm32f407xx.o(STACK)



==============================================================================

Memory Map of the image

  Image Entry point : 0x08000189

  Load Region LR_IROM1 (Base: 0x08000000, Size: 0x00006884, Max: 0x00100000, ABSOLUTE)

    Execution Region ER_IROM1 (Exec base: 0x08000000, Load base: 0x08000000, Size: 0x000067a0, Max: 0x00100000, ABSOLUTE)

    Exec Addr    Load Addr    Size         Type   Attr      Idx    E Section Name        Object

    0x08000000   0x08000000   0x00000188   Data   RO          791    RESET               startup_stm32f407xx.o
    0x08000188   0x08000188   0x00000000   Code   RO         4752  * .ARM.Collect$$$$00000000  mc_w.l(entry.o)
    0x08000188   0x08000188   0x00000004   Code   RO         4763    .ARM.Collect$$$$00000001  mc_w.l(entry2.o)
    0x0800018c   0x0800018c   0x00000004   Code   RO         4766    .ARM.Collect$$$$00000004  mc_w.l(entry5.o)
    0x08000190   0x08000190   0x00000000   Code   RO         4768    .ARM.Collect$$$$00000008  mc_w.l(entry7b.o)
    0x08000190   0x08000190   0x00000000   Code   RO         4770    .ARM.Collect$$$$0000000A  mc_w.l(entry8b.o)
    0x08000190   0x08000190   0x00000008   Code   RO         4771    .ARM.Collect$$$$0000000B  mc_w.l(entry9a.o)
    0x08000198   0x08000198   0x00000000   Code   RO         4773    .ARM.Collect$$$$0000000D  mc_w.l(entry10a.o)
    0x08000198   0x08000198   0x00000000   Code   RO         4775    .ARM.Collect$$$$0000000F  mc_w.l(entry11a.o)
    0x08000198   0x08000198   0x00000004   Code   RO         4764    .ARM.Collect$$$$00002712  mc_w.l(entry2.o)
    0x0800019c   0x0800019c   0x000000b6   Code   RO         4044    .emb_text           port.o
    0x08000252   0x08000252   0x00000002   PAD
    0x08000254   0x08000254   0x00000024   Code   RO          792    .text               startup_stm32f407xx.o
    0x08000278   0x08000278   0x00000062   Code   RO         4755    .text               mc_w.l(uldiv.o)
    0x080002da   0x080002da   0x00000024   Code   RO         4757    .text               mc_w.l(memcpya.o)
    0x080002fe   0x080002fe   0x0000001e   Code   RO         4777    .text               mc_w.l(llshl.o)
    0x0800031c   0x0800031c   0x00000020   Code   RO         4779    .text               mc_w.l(llushr.o)
    0x0800033c   0x0800033c   0x00000024   Code   RO         4781    .text               mc_w.l(init.o)
    0x08000360   0x08000360   0x00000004   Code   RO          393    i.BusFault_Handler  stm32f4xx_it.o
    0x08000364   0x08000364   0x00000020   Code   RO          630    i.Button_GetState   button.o
    0x08000384   0x08000384   0x00000060   Code   RO          631    i.Button_Init       button.o
    0x080003e4   0x080003e4   0x00000034   Code   RO          314    i.Cal_CRC16         ymodem.o
    0x08000418   0x08000418   0x00000002   Code   RO          394    i.DebugMon_Handler  stm32f4xx_it.o
    0x0800041a   0x0800041a   0x00000002   PAD
    0x0800041c   0x0800041c   0x0000005c   Code   RO         1499    i.FLASH_Erase_Sector  stm32f4xx_hal_flash_ex.o
    0x08000478   0x08000478   0x00000078   Code   RO         1500    i.FLASH_FlushCaches  stm32f4xx_hal_flash_ex.o
    0x080004f0   0x080004f0   0x00000060   Code   RO          583    i.FLASH_If_Erase    flash_if.o
    0x08000550   0x08000550   0x0000002a   Code   RO          584    i.FLASH_If_GetWriteProtectionStatus  flash_if.o
    0x0800057a   0x0800057a   0x00000002   PAD
    0x0800057c   0x0800057c   0x000000ac   Code   RO          585    i.FLASH_If_Write    flash_if.o
    0x08000628   0x08000628   0x00000044   Code   RO          586    i.FLASH_If_WriteProtectionConfig  flash_if.o
    0x0800066c   0x0800066c   0x00000030   Code   RO         1501    i.FLASH_MassErase   stm32f4xx_hal_flash_ex.o
    0x0800069c   0x0800069c   0x00000020   Code   RO         1502    i.FLASH_OB_BOR_LevelConfig  stm32f4xx_hal_flash_ex.o
    0x080006bc   0x080006bc   0x00000028   Code   RO         1503    i.FLASH_OB_DisableWRP  stm32f4xx_hal_flash_ex.o
    0x080006e4   0x080006e4   0x00000028   Code   RO         1504    i.FLASH_OB_EnableWRP  stm32f4xx_hal_flash_ex.o
    0x0800070c   0x0800070c   0x00000010   Code   RO         1505    i.FLASH_OB_GetBOR   stm32f4xx_hal_flash_ex.o
    0x0800071c   0x0800071c   0x00000024   Code   RO         1506    i.FLASH_OB_GetRDP   stm32f4xx_hal_flash_ex.o
    0x08000740   0x08000740   0x00000010   Code   RO         1507    i.FLASH_OB_GetUser  stm32f4xx_hal_flash_ex.o
    0x08000750   0x08000750   0x0000000c   Code   RO         1508    i.FLASH_OB_GetWRP   stm32f4xx_hal_flash_ex.o
    0x0800075c   0x0800075c   0x00000020   Code   RO         1509    i.FLASH_OB_RDP_LevelConfig  stm32f4xx_hal_flash_ex.o
    0x0800077c   0x0800077c   0x0000003c   Code   RO         1510    i.FLASH_OB_UserConfig  stm32f4xx_hal_flash_ex.o
    0x080007b8   0x080007b8   0x00000024   Code   RO         1381    i.FLASH_Program_Byte  stm32f4xx_hal_flash.o
    0x080007dc   0x080007dc   0x0000003c   Code   RO         1382    i.FLASH_Program_DoubleWord  stm32f4xx_hal_flash.o
    0x08000818   0x08000818   0x00000028   Code   RO         1383    i.FLASH_Program_HalfWord  stm32f4xx_hal_flash.o
    0x08000840   0x08000840   0x00000028   Code   RO         1384    i.FLASH_Program_Word  stm32f4xx_hal_flash.o
    0x08000868   0x08000868   0x00000098   Code   RO         1385    i.FLASH_SetErrorCode  stm32f4xx_hal_flash.o
    0x08000900   0x08000900   0x00000064   Code   RO         1386    i.FLASH_WaitForLastOperation  stm32f4xx_hal_flash.o
    0x08000964   0x08000964   0x00000034   Code   RO          668    i.GduUpgradePlatformStm32_GetUpgradeRebootState  upgrade_platform_opt_stm32.o
    0x08000998   0x08000998   0x0000004c   Code   RO          671    i.GduUpgradePlatformStm32_ReplaceOldProgram  upgrade_platform_opt_stm32.o
    0x080009e4   0x080009e4   0x00000048   Code   RO          672    i.GduUpgradePlatformStm32_SetUpgradeRebootState  upgrade_platform_opt_stm32.o
    0x08000a2c   0x08000a2c   0x000000e4   Code   RO          587    i.GetSector         flash_if.o
    0x08000b10   0x08000b10   0x00000028   Code   RO          843    i.HAL_Delay         stm32f4xx_hal.o
    0x08000b38   0x08000b38   0x000000ac   Code   RO         1511    i.HAL_FLASHEx_Erase  stm32f4xx_hal_flash_ex.o
    0x08000be4   0x08000be4   0x00000022   Code   RO         1513    i.HAL_FLASHEx_OBGetConfig  stm32f4xx_hal_flash_ex.o
    0x08000c06   0x08000c06   0x00000002   PAD
    0x08000c08   0x08000c08   0x00000094   Code   RO         1514    i.HAL_FLASHEx_OBProgram  stm32f4xx_hal_flash_ex.o
    0x08000c9c   0x08000c9c   0x00000014   Code   RO         1390    i.HAL_FLASH_Lock    stm32f4xx_hal_flash.o
    0x08000cb0   0x08000cb0   0x0000001c   Code   RO         1391    i.HAL_FLASH_OB_Launch  stm32f4xx_hal_flash.o
    0x08000ccc   0x08000ccc   0x0000002c   Code   RO         1393    i.HAL_FLASH_OB_Unlock  stm32f4xx_hal_flash.o
    0x08000cf8   0x08000cf8   0x00000098   Code   RO         1395    i.HAL_FLASH_Program  stm32f4xx_hal_flash.o
    0x08000d90   0x08000d90   0x00000034   Code   RO         1397    i.HAL_FLASH_Unlock  stm32f4xx_hal_flash.o
    0x08000dc4   0x08000dc4   0x00000204   Code   RO         1625    i.HAL_GPIO_Init     stm32f4xx_hal_gpio.o
    0x08000fc8   0x08000fc8   0x00000010   Code   RO         1627    i.HAL_GPIO_ReadPin  stm32f4xx_hal_gpio.o
    0x08000fd8   0x08000fd8   0x0000000c   Code   RO          848    i.HAL_GetREVID      stm32f4xx_hal.o
    0x08000fe4   0x08000fe4   0x0000000c   Code   RO          849    i.HAL_GetTick       stm32f4xx_hal.o
    0x08000ff0   0x08000ff0   0x00000002   Code   RO         1688    i.HAL_HCD_Connect_Callback  stm32f4xx_hal_hcd.o
    0x08000ff2   0x08000ff2   0x00000002   Code   RO         1690    i.HAL_HCD_Disconnect_Callback  stm32f4xx_hal_hcd.o
    0x08000ff4   0x08000ff4   0x00000002   Code   RO         1699    i.HAL_HCD_HC_NotifyURBChange_Callback  stm32f4xx_hal_hcd.o
    0x08000ff6   0x08000ff6   0x0000016c   Code   RO         1701    i.HAL_HCD_IRQHandler  stm32f4xx_hal_hcd.o
    0x08001162   0x08001162   0x00000002   Code   RO         1705    i.HAL_HCD_PortDisabled_Callback  stm32f4xx_hal_hcd.o
    0x08001164   0x08001164   0x00000002   Code   RO         1706    i.HAL_HCD_PortEnabled_Callback  stm32f4xx_hal_hcd.o
    0x08001166   0x08001166   0x00000002   Code   RO         1708    i.HAL_HCD_SOF_Callback  stm32f4xx_hal_hcd.o
    0x08001168   0x08001168   0x0000003c   Code   RO          856    i.HAL_Init          stm32f4xx_hal.o
    0x080011a4   0x080011a4   0x0000004c   Code   RO          857    i.HAL_InitTick      stm32f4xx_hal.o
    0x080011f0   0x080011f0   0x00000054   Code   RO          547    i.HAL_MspInit       stm32f4xx_hal_msp.o
    0x08001244   0x08001244   0x00000020   Code   RO         1027    i.HAL_NVIC_EnableIRQ  stm32f4xx_hal_cortex.o
    0x08001264   0x08001264   0x0000007c   Code   RO         1033    i.HAL_NVIC_SetPriority  stm32f4xx_hal_cortex.o
    0x080012e0   0x080012e0   0x00000028   Code   RO         1034    i.HAL_NVIC_SetPriorityGrouping  stm32f4xx_hal_cortex.o
    0x08001308   0x08001308   0x00000184   Code   RO         2045    i.HAL_RCC_ClockConfig  stm32f4xx_hal_rcc.o
    0x0800148c   0x0800148c   0x0000000c   Code   RO         2050    i.HAL_RCC_GetHCLKFreq  stm32f4xx_hal_rcc.o
    0x08001498   0x08001498   0x00000020   Code   RO         2052    i.HAL_RCC_GetPCLK1Freq  stm32f4xx_hal_rcc.o
    0x080014b8   0x080014b8   0x00000020   Code   RO         2053    i.HAL_RCC_GetPCLK2Freq  stm32f4xx_hal_rcc.o
    0x080014d8   0x080014d8   0x000000b0   Code   RO         2054    i.HAL_RCC_GetSysClockFreq  stm32f4xx_hal_rcc.o
    0x08001588   0x08001588   0x0000049c   Code   RO         2057    i.HAL_RCC_OscConfig  stm32f4xx_hal_rcc.o
    0x08001a24   0x08001a24   0x00000034   Code   RO         1038    i.HAL_SYSTICK_Config  stm32f4xx_hal_cortex.o
    0x08001a58   0x08001a58   0x00000002   Code   RO         2917    i.HAL_TIMEx_BreakCallback  stm32f4xx_hal_tim_ex.o
    0x08001a5a   0x08001a5a   0x00000002   Code   RO         2918    i.HAL_TIMEx_CommutCallback  stm32f4xx_hal_tim_ex.o
    0x08001a5c   0x08001a5c   0x00000002   Code   RO         2236    i.HAL_TIM_IC_CaptureCallback  stm32f4xx_hal_tim.o
    0x08001a5e   0x08001a5e   0x00000196   Code   RO         2250    i.HAL_TIM_IRQHandler  stm32f4xx_hal_tim.o
    0x08001bf4   0x08001bf4   0x00000002   Code   RO         2253    i.HAL_TIM_OC_DelayElapsedCallback  stm32f4xx_hal_tim.o
    0x08001bf6   0x08001bf6   0x00000002   Code   RO         2280    i.HAL_TIM_PWM_PulseFinishedCallback  stm32f4xx_hal_tim.o
    0x08001bf8   0x08001bf8   0x00000002   Code   RO         2288    i.HAL_TIM_PeriodElapsedCallback  stm32f4xx_hal_tim.o
    0x08001bfa   0x08001bfa   0x00000002   Code   RO         2293    i.HAL_TIM_TriggerCallback  stm32f4xx_hal_tim.o
    0x08001bfc   0x08001bfc   0x00000072   Code   RO         3213    i.HAL_UART_Init     stm32f4xx_hal_uart.o
    0x08001c6e   0x08001c6e   0x00000002   PAD
    0x08001c70   0x08001c70   0x000002cc   Code   RO          549    i.HAL_UART_MspInit  stm32f4xx_hal_msp.o
    0x08001f3c   0x08001f3c   0x00000762   Code   RO         1712    i.HCD_HC_IN_IRQHandler  stm32f4xx_hal_hcd.o
    0x0800269e   0x0800269e   0x00000744   Code   RO         1713    i.HCD_HC_OUT_IRQHandler  stm32f4xx_hal_hcd.o
    0x08002de2   0x08002de2   0x000000b6   Code   RO         1714    i.HCD_Port_IRQHandler  stm32f4xx_hal_hcd.o
    0x08002e98   0x08002e98   0x00000184   Code   RO         1715    i.HCD_RXQLVL_IRQHandler  stm32f4xx_hal_hcd.o
    0x0800301c   0x0800301c   0x00000004   Code   RO          395    i.HardFault_Handler  stm32f4xx_it.o
    0x08003020   0x08003020   0x0000000e   Code   RO          157    i.IAP_Init          main.o
    0x0800302e   0x0800302e   0x00000002   PAD
    0x08003030   0x08003030   0x00000058   Code   RO            4    i.Int2Str           common.o
    0x08003088   0x08003088   0x0000040c   Code   RO          270    i.Main_Menu         menu.o
    0x08003494   0x08003494   0x00000004   Code   RO          396    i.MemManage_Handler  stm32f4xx_it.o
    0x08003498   0x08003498   0x00000004   Code   RO          397    i.NMI_Handler       stm32f4xx_it.o
    0x0800349c   0x0800349c   0x0000001c   Code   RO          398    i.OTG_FS_IRQHandler  stm32f4xx_it.o
    0x080034b8   0x080034b8   0x0000001c   Code   RO         3857    i.Osal_MutexCreate  osal.o
    0x080034d4   0x080034d4   0x00000028   Code   RO         3859    i.Osal_MutexLock    osal.o
    0x080034fc   0x080034fc   0x00000020   Code   RO         3860    i.Osal_MutexUnlock  osal.o
    0x0800351c   0x0800351c   0x0000001a   Code   RO         3868    i.Osal_TaskSleepMs  osal.o
    0x08003536   0x08003536   0x00000066   Code   RO          316    i.PrepareIntialPacket  ymodem.o
    0x0800359c   0x0800359c   0x0000007a   Code   RO          317    i.PreparePacket     ymodem.o
    0x08003616   0x08003616   0x00000002   PAD
    0x08003618   0x08003618   0x000000bc   Code   RO          158    i.PsdkUser_StartTask  main.o
    0x080036d4   0x080036d4   0x000000d2   Code   RO          318    i.ReceivePacket     ymodem.o
    0x080037a6   0x080037a6   0x00000022   Code   RO          748    i.RingBuf_CutBufSizeToPowOfTwo  gdu_ringbuffer.o
    0x080037c8   0x080037c8   0x00000074   Code   RO          749    i.RingBuf_Get       gdu_ringbuffer.o
    0x0800383c   0x0800383c   0x00000010   Code   RO          750    i.RingBuf_GetUnusedSize  gdu_ringbuffer.o
    0x0800384c   0x0800384c   0x0000001a   Code   RO          751    i.RingBuf_Init      gdu_ringbuffer.o
    0x08003866   0x08003866   0x0000007c   Code   RO          752    i.RingBuf_Put       gdu_ringbuffer.o
    0x080038e2   0x080038e2   0x00000002   PAD
    0x080038e4   0x080038e4   0x00000180   Code   RO          271    i.SerialDownload    menu.o
    0x08003a64   0x08003a64   0x000000cc   Code   RO          272    i.SerialUpload      menu.o
    0x08003b30   0x08003b30   0x00000010   Code   RO            5    i.Serial_PutByte    common.o
    0x08003b40   0x08003b40   0x0000001e   Code   RO            6    i.Serial_PutString  common.o
    0x08003b5e   0x08003b5e   0x000000f4   Code   RO            7    i.Str2Int           common.o
    0x08003c52   0x08003c52   0x00000002   PAD
    0x08003c54   0x08003c54   0x00000034   Code   RO         4045    i.SysTick_Handler   port.o
    0x08003c88   0x08003c88   0x000000b4   Code   RO          159    i.SystemClock_Config  main.o
    0x08003d3c   0x08003d3c   0x0000001c   Code   RO          800    i.SystemInit        system_stm32f4xx.o
    0x08003d58   0x08003d58   0x00000010   Code   RO          399    i.TIM1_UP_TIM10_IRQHandler  stm32f4xx_it.o
    0x08003d68   0x08003d68   0x000001d0   Code   RO          467    i.UART_Init         uart.o
    0x08003f38   0x08003f38   0x000000c4   Code   RO          468    i.UART_Read         uart.o
    0x08003ffc   0x08003ffc   0x0000022c   Code   RO         3240    i.UART_SetConfig    stm32f4xx_hal_uart.o
    0x08004228   0x08004228   0x000001d8   Code   RO          469    i.UART_Write        uart.o
    0x08004400   0x08004400   0x000000b4   Code   RO          470    i.USART1_IRQHandler  uart.o
    0x080044b4   0x080044b4   0x000000b4   Code   RO          471    i.USART2_IRQHandler  uart.o
    0x08004568   0x08004568   0x000000b4   Code   RO          472    i.USART3_IRQHandler  uart.o
    0x0800461c   0x0800461c   0x000000b4   Code   RO          473    i.USART6_IRQHandler  uart.o
    0x080046d0   0x080046d0   0x0000000a   Code   RO         3578    i.USB_GetMode       stm32f4xx_ll_usb.o
    0x080046da   0x080046da   0x000001b0   Code   RO         3579    i.USB_HC_Halt       stm32f4xx_ll_usb.o
    0x0800488a   0x0800488a   0x0000000e   Code   RO         3581    i.USB_HC_ReadInterrupt  stm32f4xx_ll_usb.o
    0x08004898   0x08004898   0x00000044   Code   RO         3584    i.USB_InitFSLSPClkSel  stm32f4xx_ll_usb.o
    0x080048dc   0x080048dc   0x0000000a   Code   RO         3589    i.USB_ReadInterrupts  stm32f4xx_ll_usb.o
    0x080048e6   0x080048e6   0x00000022   Code   RO         3590    i.USB_ReadPacket    stm32f4xx_ll_usb.o
    0x08004908   0x08004908   0x00000044   Code   RO          319    i.Uart_ReadWithTimeOut  ymodem.o
    0x0800494c   0x0800494c   0x00000026   Code   RO          320    i.Uart_WriteWithTimeOut  ymodem.o
    0x08004972   0x08004972   0x00000032   Code   RO          321    i.UpdateCRC16       ymodem.o
    0x080049a4   0x080049a4   0x00000004   Code   RO          400    i.UsageFault_Handler  stm32f4xx_it.o
    0x080049a8   0x080049a8   0x000001dc   Code   RO          322    i.Ymodem_Receive    ymodem.o
    0x08004b84   0x08004b84   0x0000024c   Code   RO          323    i.Ymodem_Transmit   ymodem.o
    0x08004dd0   0x08004dd0   0x00000010   Code   RO         1040    i.__NVIC_GetPriorityGrouping  stm32f4xx_hal_cortex.o
    0x08004de0   0x08004de0   0x00000028   Code   RO         1041    i.__NVIC_SetPriority  stm32f4xx_hal_cortex.o
    0x08004e08   0x08004e08   0x0000000e   Code   RO         4785    i.__scatterload_copy  mc_w.l(handlers.o)
    0x08004e16   0x08004e16   0x00000002   Code   RO         4786    i.__scatterload_null  mc_w.l(handlers.o)
    0x08004e18   0x08004e18   0x0000000e   Code   RO         4787    i.__scatterload_zeroinit  mc_w.l(handlers.o)
    0x08004e26   0x08004e26   0x00000002   PAD
    0x08004e28   0x08004e28   0x00000040   Code   RO          160    i.main              main.o
    0x08004e68   0x08004e68   0x00000098   Code   RO         4434    i.prvAddCurrentTaskToDelayedList  tasks.o
    0x08004f00   0x08004f00   0x000000b4   Code   RO         4435    i.prvAddNewTaskToReadyList  tasks.o
    0x08004fb4   0x08004fb4   0x00000048   Code   RO         4436    i.prvCheckTasksWaitingTermination  tasks.o
    0x08004ffc   0x08004ffc   0x0000007e   Code   RO         4254    i.prvCopyDataToQueue  queue.o
    0x0800507a   0x0800507a   0x00000012   Code   RO         4437    i.prvDeleteTCB      tasks.o
    0x0800508c   0x0800508c   0x00000014   Code   RO         4255    i.prvGetDisinheritPriorityAfterTimeout  queue.o
    0x080050a0   0x080050a0   0x0000007c   Code   RO         3968    i.prvHeapInit       heap_4.o
    0x0800511c   0x0800511c   0x00000028   Code   RO         4438    i.prvIdleTask       tasks.o
    0x08005144   0x08005144   0x0000001e   Code   RO         4256    i.prvInitialiseMutex  queue.o
    0x08005162   0x08005162   0x00000026   Code   RO         4257    i.prvInitialiseNewQueue  queue.o
    0x08005188   0x08005188   0x000000b4   Code   RO         4439    i.prvInitialiseNewTask  tasks.o
    0x0800523c   0x0800523c   0x00000068   Code   RO         4440    i.prvInitialiseTaskLists  tasks.o
    0x080052a4   0x080052a4   0x00000068   Code   RO         3969    i.prvInsertBlockIntoFreeList  heap_4.o
    0x0800530c   0x0800530c   0x0000001a   Code   RO         4258    i.prvIsQueueEmpty   queue.o
    0x08005326   0x08005326   0x0000001e   Code   RO         4259    i.prvIsQueueFull    queue.o
    0x08005344   0x08005344   0x00000034   Code   RO         4441    i.prvResetNextTaskUnblockTime  tasks.o
    0x08005378   0x08005378   0x00000040   Code   RO         4046    i.prvTaskExitError  port.o
    0x080053b8   0x080053b8   0x0000007e   Code   RO         4260    i.prvUnlockQueue    queue.o
    0x08005436   0x08005436   0x00000002   PAD
    0x08005438   0x08005438   0x0000014c   Code   RO         3970    i.pvPortMalloc      heap_4.o
    0x08005584   0x08005584   0x00000020   Code   RO         4443    i.pvTaskIncrementMutexHeldCount  tasks.o
    0x080055a4   0x080055a4   0x0000002c   Code   RO         4047    i.pxPortInitialiseStack  port.o
    0x080055d0   0x080055d0   0x00000028   Code   RO         4213    i.uxListRemove      list.o
    0x080055f8   0x080055f8   0x0000001a   Code   RO         4214    i.vListInitialise   list.o
    0x08005612   0x08005612   0x00000006   Code   RO         4215    i.vListInitialiseItem  list.o
    0x08005618   0x08005618   0x00000034   Code   RO         4216    i.vListInsert       list.o
    0x0800564c   0x0800564c   0x00000018   Code   RO         4217    i.vListInsertEnd    list.o
    0x08005664   0x08005664   0x00000054   Code   RO         4049    i.vPortEnterCritical  port.o
    0x080056b8   0x080056b8   0x0000003c   Code   RO         4050    i.vPortExitCritical  port.o
    0x080056f4   0x080056f4   0x000000a4   Code   RO         3971    i.vPortFree         heap_4.o
    0x08005798   0x08005798   0x00000020   Code   RO         4051    i.vPortSetupTimerInterrupt  port.o
    0x080057b8   0x080057b8   0x0000005c   Code   RO         4450    i.vTaskDelay        tasks.o
    0x08005814   0x08005814   0x00000018   Code   RO         4453    i.vTaskInternalSetTimeOutState  tasks.o
    0x0800582c   0x0800582c   0x0000000c   Code   RO         4454    i.vTaskMissedYield  tasks.o
    0x08005838   0x08005838   0x00000038   Code   RO         4456    i.vTaskPlaceOnEventList  tasks.o
    0x08005870   0x08005870   0x000000e4   Code   RO         4458    i.vTaskPriorityDisinheritAfterTimeout  tasks.o
    0x08005954   0x08005954   0x00000088   Code   RO         4463    i.vTaskStartScheduler  tasks.o
    0x080059dc   0x080059dc   0x00000010   Code   RO         4465    i.vTaskSuspendAll   tasks.o
    0x080059ec   0x080059ec   0x0000008c   Code   RO         4466    i.vTaskSwitchContext  tasks.o
    0x08005a78   0x08005a78   0x0000013c   Code   RO         4053    i.xPortStartScheduler  port.o
    0x08005bb4   0x08005bb4   0x00000022   Code   RO         4268    i.xQueueCreateMutex  queue.o
    0x08005bd6   0x08005bd6   0x00000054   Code   RO         4269    i.xQueueGenericCreate  queue.o
    0x08005c2a   0x08005c2a   0x00000002   PAD
    0x08005c2c   0x08005c2c   0x00000098   Code   RO         4270    i.xQueueGenericReset  queue.o
    0x08005cc4   0x08005cc4   0x000001a8   Code   RO         4271    i.xQueueGenericSend  queue.o
    0x08005e6c   0x08005e6c   0x000001b8   Code   RO         4280    i.xQueueSemaphoreTake  queue.o
    0x08006024   0x08006024   0x0000008c   Code   RO         4468    i.xTaskCheckForTimeOut  tasks.o
    0x080060b0   0x080060b0   0x00000060   Code   RO         4469    i.xTaskCreate       tasks.o
    0x08006110   0x08006110   0x00000020   Code   RO         4473    i.xTaskGetSchedulerState  tasks.o
    0x08006130   0x08006130   0x00000148   Code   RO         4476    i.xTaskIncrementTick  tasks.o
    0x08006278   0x08006278   0x000000c8   Code   RO         4479    i.xTaskPriorityDisinherit  tasks.o
    0x08006340   0x08006340   0x000000b8   Code   RO         4480    i.xTaskPriorityInherit  tasks.o
    0x080063f8   0x080063f8   0x00000098   Code   RO         4481    i.xTaskRemoveFromEventList  tasks.o
    0x08006490   0x08006490   0x00000104   Code   RO         4482    i.xTaskResumeAll    tasks.o
    0x08006594   0x08006594   0x00000002   Data   RO          632    .constdata          button.o
    0x08006596   0x08006596   0x00000018   Data   RO          801    .constdata          system_stm32f4xx.o
    0x080065ae   0x080065ae   0x00000002   PAD
    0x080065b0   0x080065b0   0x000001cd   Data   RO          274    .conststring        menu.o
    0x0800677d   0x0800677d   0x00000003   PAD
    0x08006780   0x08006780   0x00000020   Data   RO         4783    Region$$Table       anon$$obj.o


    Execution Region RW_IRAM1 (Exec base: 0x20000000, Load base: 0x080067a0, Size: 0x00016bf0, Max: 0x00020000, ABSOLUTE)

    Exec Addr    Load Addr    Size         Type   Attr      Idx    E Section Name        Object

    0x20000000   0x080067a0   0x00000004   Data   RW          161    .data               main.o
    0x20000004   0x080067a4   0x0000000c   Data   RW          275    .data               menu.o
    0x20000010   0x080067b0   0x00000004   Data   RW          325    .data               ymodem.o
    0x20000014   0x080067b4   0x00000004   Data   RW          402    .data               stm32f4xx_it.o
    0x20000018   0x080067b8   0x00000050   Data   RW          476    .data               uart.o
    0x20000068   0x08006808   0x00000004   Data   RW          633    .data               button.o
    0x2000006c   0x0800680c   0x00000004   Data   RW          802    .data               system_stm32f4xx.o
    0x20000070   0x08006810   0x00000009   Data   RW          863    .data               stm32f4xx_hal.o
    0x20000079   0x08006819   0x00000003   PAD
    0x2000007c   0x0800681c   0x00000020   Data   RW         3977    .data               heap_4.o
    0x2000009c   0x0800683c   0x0000000c   Data   RW         4054    .data               port.o
    0x200000a8   0x08006848   0x0000003c   Data   RW         4485    .data               tasks.o
    0x200000e4        -       0x00000040   Zero   RW          273    .bss                menu.o
    0x20000124        -       0x00000406   Zero   RW          324    .bss                ymodem.o
    0x2000052a   0x08006884   0x00000002   PAD
    0x2000052c        -       0x0000034c   Zero   RW          401    .bss                stm32f4xx_it.o
    0x20000878        -       0x00003970   Zero   RW          475    .bss                uart.o
    0x200041e8        -       0x00000020   Zero   RW         1398    .bss                stm32f4xx_hal_flash.o
    0x20004208        -       0x000124f8   Zero   RW         3976    .bss                heap_4.o
    0x20016700        -       0x000000f0   Zero   RW         4484    .bss                tasks.o
    0x200167f0        -       0x00000400   Zero   RW          789    STACK               startup_stm32f407xx.o


==============================================================================

Image component sizes


      Code (inc. data)   RO Data    RW Data    ZI Data      Debug   Object Name

       128         22          2          4          0       2473   button.o
       378          4          0          0          0     708424   common.o
         0          0          0          0          0       8520   event_groups.o
       606         62          0          0          0       4683   flash_if.o
       316          0          0          0          0       4603   gdu_ringbuffer.o
       724         76          0         32      75000      10471   heap_4.o
       148          0          0          0          0       4010   list.o
       446         50          0          4          0      28255   main.o
      1624       1168        461         12         64       3362   menu.o
       126          0          0          0          0       2750   osal.o
       834         78          0         12          0      11936   port.o
      1530         16          0          0          0      15893   queue.o
        36          8        392          0       1024        996   startup_stm32f407xx.o
       200         32          0          9          0      10018   stm32f4xx_hal.o
       304         22          0          0          0      34991   stm32f4xx_hal_cortex.o
       724         80          0          0         32       8066   stm32f4xx_hal_flash.o
       898         82          0          0          0      11392   stm32f4xx_hal_flash_ex.o
       532         46          0          0          0       2355   stm32f4xx_hal_gpio.o
      4696          0          0          0          0       9966   stm32f4xx_hal_hcd.o
       800         38          0          0          0       4137   stm32f4xx_hal_msp.o
      1820         84          0          0          0       6144   stm32f4xx_hal_rcc.o
       416          0          0          0          0       4750   stm32f4xx_hal_tim.o
         4          0          0          0          0       1793   stm32f4xx_hal_tim_ex.o
       670         10          0          0          0       2064   stm32f4xx_hal_uart.o
        66         14          0          4        844       4827   stm32f4xx_it.o
       568          0          0          0          0       5335   stm32f4xx_ll_usb.o
        28          4         24          4          0       1439   system_stm32f4xx.o
      2926        368          0         60        240      28857   tasks.o
      1852        276          0         80      14704       9141   uart.o
       200         34          0          0          0       3408   upgrade_platform_opt_stm32.o
      1706         32          0          4       1030      10271   ymodem.o

    ----------------------------------------------------------------------
     25328       2606        916        228      92940     965330   Object Totals
         0          0         32          0          0          0   (incl. Generated)
        22          0          5          3          2          0   (incl. Padding)

    ----------------------------------------------------------------------

      Code (inc. data)   RO Data    RW Data    ZI Data      Debug   Library Member Name

         0          0          0          0          0          0   entry.o
         0          0          0          0          0          0   entry10a.o
         0          0          0          0          0          0   entry11a.o
         8          4          0          0          0          0   entry2.o
         4          0          0          0          0          0   entry5.o
         0          0          0          0          0          0   entry7b.o
         0          0          0          0          0          0   entry8b.o
         8          4          0          0          0          0   entry9a.o
        30          0          0          0          0          0   handlers.o
        36          8          0          0          0         68   init.o
        30          0          0          0          0         68   llshl.o
        32          0          0          0          0         68   llushr.o
        36          0          0          0          0         68   memcpya.o
        98          0          0          0          0         92   uldiv.o

    ----------------------------------------------------------------------
       284         16          0          0          0        364   Library Totals
         2          0          0          0          0          0   (incl. Padding)

    ----------------------------------------------------------------------

      Code (inc. data)   RO Data    RW Data    ZI Data      Debug   Library Name

       282         16          0          0          0        364   mc_w.l

    ----------------------------------------------------------------------
       284         16          0          0          0        364   Library Totals

    ----------------------------------------------------------------------

==============================================================================


      Code (inc. data)   RO Data    RW Data    ZI Data      Debug   

     25612       2622        916        228      92940     948094   Grand Totals
     25612       2622        916        228      92940     948094   ELF Image Totals
     25612       2622        916        228          0          0   ROM Totals

==============================================================================

    Total RO  Size (Code + RO Data)                26528 (  25.91kB)
    Total RW  Size (RW Data + ZI Data)             93168 (  90.98kB)
    Total ROM Size (Code + RO Data + RW Data)      26756 (  26.13kB)

==============================================================================

