Component: ARM Compiler 5.06 update 5 (build 528) Tool: armlink [4d35e2]

==============================================================================

Section Cross References

    application.o(.text) refers to memseta.o(.text) for __aeabi_memclr
    application.o(.text) refers to gdu_logger.o(.text) for GduLogger_LogOutput
    application.o(.text) refers to strcmp.o(.text) for strcmp
    application.o(.text) refers to strncpy.o(.text) for strncpy
    application.o(.text) refers to memcpya.o(.text) for __aeabi_memcpy
    application.o(.text) refers to uart.o(.text) for UART_Init
    application.o(.text) refers to led.o(.text) for Led_Init
    application.o(.text) refers to gdu_platform.o(.text) for GduPlatform_RegOsalHandler
    application.o(.text) refers to printfa.o(i.__0printf) for __2printf
    application.o(.text) refers to gdu_core.o(.text) for GduCore_Init
    application.o(.text) refers to gdu_aircraft_info.o(.text) for GduAircraftInfo_GetBaseInfo
    application.o(.text) refers to test_power_management.o(.text) for GduTest_RegApplyHighPowerHandler
    application.o(.text) refers to test_payload_cam_emu_base.o(.text) for GduTest_CameraEmuBaseStartService
    application.o(.text) refers to test_widget.o(.text) for GduTest_WidgetStartService
    application.o(.text) refers to test_fc_subscription.o(.text) for GduTest_FcSubscriptionStartService
    application.o(.text) refers to test_payload_gimbal_emu.o(.text) for GduTest_GimbalStartService
    application.o(.text) refers to test_time_sync.o(.text) for GduTest_TimeSyncRegHandler
    application.o(.text) refers to test_positioning.o(.text) for GduTest_PositioningStartService
    application.o(.text) refers to application.o(.constdata) for __FUNCTION__
    application.o(.text) refers to application.o(.conststring) for .conststring
    application.o(.text) refers to gdu_flight_controller.o(.text) for GduFlightController_Init
    application.o(.text) refers to test_upgrade.o(.text) for GduTest_UpgradeStartService
    application.o(.text) refers to osal.o(.text) for Osal_TaskSleepMs
    application.o(.text) refers to tasks.o(.text) for xTaskGetCurrentTaskHandle
    application.o(.text) refers to heap_4.o(.text) for xPortGetFreeHeapSize
    application.o(.text) refers to application.o(.data) for runIndicateTaskStep
    application.o(.constdata) refers to osal.o(.text) for Osal_TaskCreate
    application.o(.constdata) refers to application.o(.text) for GduUser_PrintConsole
    application.o(.constdata) refers to hal_uart.o(.text) for HalUart_Init
    application.o(.constdata) refers to apply_high_power.o(.text) for GduTest_HighPowerApplyPinInit
    application.o(.constdata) refers to pps.o(.text) for GduTest_PpsSignalResponseInit
    application.o(.constdata) refers to upgrade_platform_opt_stm32.o(.text) for GduUpgradePlatformStm32_RebootSystem
    hal_uart.o(.text) refers to malloc.o(i.malloc) for malloc
    hal_uart.o(.text) refers to uart.o(.text) for UART_Init
    hal_uart.o(.text) refers to usbh_cdc.o(.text) for USBH_CDC_WriteData
    main.o(.text) refers to memseta.o(.text) for __aeabi_memclr4
    main.o(.text) refers to stm32f4xx_hal_rcc.o(.text) for HAL_RCC_OscConfig
    main.o(.text) refers to stm32f4xx_hal.o(.text) for HAL_Init
    main.o(.text) refers to tasks.o(.text) for xTaskCreate
    main.o(.text) refers to main.o(.data) for startTask
    main.o(.text) refers to application.o(.text) for GduUser_StartTask
    osal.o(.text) refers to strncpy.o(.text) for strncpy
    osal.o(.text) refers to tasks.o(.text) for xTaskCreate
    osal.o(.text) refers to queue.o(.text) for xQueueCreateMutex
    osal.o(.text) refers to heap_4.o(.text) for pvPortMalloc
    flash_if.o(.text) refers to stm32f4xx_hal_flash.o(.text) for HAL_FLASH_Unlock
    flash_if.o(.text) refers to stm32f4xx_hal_flash_ex.o(.text) for HAL_FLASHEx_Erase
    freertos.o(.text) refers to freertos.o(.bss) for xIdleTaskTCBBuffer
    led.o(.text) refers to stm32f4xx_hal_gpio.o(.text) for HAL_GPIO_Init
    led.o(.text) refers to led.o(.constdata) for s_ledPin
    led.o(.text) refers to led.o(.data) for s_ledPort
    pps.o(.text) refers to osal.o(.text) for Osal_GetTimeMs
    pps.o(.text) refers to gdu_logger.o(.text) for GduLogger_LogOutput
    pps.o(.text) refers to stm32f4xx_hal_gpio.o(.text) for HAL_GPIO_Init
    pps.o(.text) refers to stm32f4xx_hal_cortex.o(.text) for HAL_NVIC_SetPriority
    pps.o(.text) refers to pps.o(.data) for s_ppsNewestTriggerLocalTimeMs
    pps.o(.text) refers to pps.o(.constdata) for __FUNCTION__
    startup_stm32f407xx.o(RESET) refers to startup_stm32f407xx.o(STACK) for __initial_sp
    startup_stm32f407xx.o(RESET) refers to startup_stm32f407xx.o(.text) for Reset_Handler
    startup_stm32f407xx.o(RESET) refers to stm32f4xx_it.o(.text) for NMI_Handler
    startup_stm32f407xx.o(RESET) refers to port.o(.emb_text) for SVC_Handler
[...]
    osMutexWait                              0x0802077b   Thumb Code   100  cmsis_os.o(.text)
    osMutexRelease                           0x080207df   Thumb Code    76  cmsis_os.o(.text)
    osMutexDelete                            0x0802082b   Thumb Code    24  cmsis_os.o(.text)
    osSemaphoreCreate                        0x08020843   Thumb Code    50  cmsis_os.o(.text)
    osSemaphoreWait                          0x08020875   Thumb Code   100  cmsis_os.o(.text)
    osSemaphoreRelease                       0x080208d9   Thumb Code    76  cmsis_os.o(.text)
    osSemaphoreDelete                        0x08020925   Thumb Code    24  cmsis_os.o(.text)
    osPoolCreate                             0x0802093d   Thumb Code   112  cmsis_os.o(.text)
    osPoolAlloc                              0x080209ad   Thumb Code   130  cmsis_os.o(.text)
    osPoolCAlloc                             0x08020a2f   Thumb Code    22  cmsis_os.o(.text)
    osPoolFree                               0x08020a45   Thumb Code    74  cmsis_os.o(.text)
    osMessageCreate                          0x08020a8f   Thumb Code    18  cmsis_os.o(.text)
    osMessagePut                             0x08020aa1   Thumb Code    92  cmsis_os.o(.text)
    osMessageGet                             0x08020afd   Thumb Code   150  cmsis_os.o(.text)
    osMailCreate                             0x08020b93   Thumb Code   122  cmsis_os.o(.text)
    osMailAlloc                              0x08020c0d   Thumb Code    24  cmsis_os.o(.text)
    osMailCAlloc                             0x08020c25   Thumb Code    44  cmsis_os.o(.text)
    osMailPut                                0x08020c51   Thumb Code    90  cmsis_os.o(.text)
    osMailGet                                0x08020cab   Thumb Code   146  cmsis_os.o(.text)
    osMailFree                               0x08020d3d   Thumb Code    22  cmsis_os.o(.text)
    osSystickHandler                         0x08020d53   Thumb Code    16  cmsis_os.o(.text)
    osThreadSuspend                          0x08020d63   Thumb Code    14  cmsis_os.o(.text)
    osThreadResume                           0x08020d71   Thumb Code    46  cmsis_os.o(.text)
    osThreadSuspendAll                       0x08020d9f   Thumb Code    10  cmsis_os.o(.text)
    osThreadResumeAll                        0x08020da9   Thumb Code    18  cmsis_os.o(.text)
    osDelayUntil                             0x08020dbb   Thumb Code     6  cmsis_os.o(.text)
    osAbortDelay                             0x08020dc1   Thumb Code     6  cmsis_os.o(.text)
    osThreadList                             0x08020dc7   Thumb Code     6  cmsis_os.o(.text)
    osMessagePeek                            0x08020dcd   Thumb Code    86  cmsis_os.o(.text)
    osMessageWaiting                         0x08020e23   Thumb Code    26  cmsis_os.o(.text)
    osMessageAvailableSpace                  0x08020e3d   Thumb Code    12  cmsis_os.o(.text)
    osMessageDelete                          0x08020e49   Thumb Code    24  cmsis_os.o(.text)
    osRecursiveMutexCreate                   0x08020e61   Thumb Code     6  cmsis_os.o(.text)
    osRecursiveMutexRelease                  0x08020e67   Thumb Code     6  cmsis_os.o(.text)
    osRecursiveMutexWait                     0x08020e6d   Thumb Code     6  cmsis_os.o(.text)
    osSemaphoreGetCount                      0x08020e73   Thumb Code    12  cmsis_os.o(.text)
    pvPortMalloc                             0x08020f45   Thumb Code   306  heap_4.o(.text)
    vPortFree                                0x08021077   Thumb Code   150  heap_4.o(.text)
    xPortGetFreeHeapSize                     0x0802110d   Thumb Code     6  heap_4.o(.text)
    xPortGetMinimumEverFreeHeapSize          0x08021113   Thumb Code     6  heap_4.o(.text)
    vPortInitialiseBlocks                    0x08021119   Thumb Code     2  heap_4.o(.text)
    vPortGetHeapStats                        0x0802111b   Thumb Code   104  heap_4.o(.text)
    pxPortInitialiseStack                    0x080211e5   Thumb Code    38  port.o(.text)
    vPortSetupTimerInterrupt                 0x0802120b   Thumb Code    26  port.o(.text)
    xPortStartScheduler                      0x08021225   Thumb Code   288  port.o(.text)
    vPortEndScheduler                        0x08021345   Thumb Code    42  port.o(.text)
    vPortEnterCritical                       0x0802136f   Thumb Code    78  port.o(.text)
    vPortExitCritical                        0x080213bd   Thumb Code    56  port.o(.text)
    SysTick_Handler                          0x080213f5   Thumb Code    48  port.o(.text)
    vPortValidateInterruptPriority           0x08021425   Thumb Code   108  port.o(.text)
    vListInitialise                          0x080214b5   Thumb Code    26  list.o(.text)
    vListInitialiseItem                      0x080214cf   Thumb Code     6  list.o(.text)
    vListInsertEnd                           0x080214d5   Thumb Code    24  list.o(.text)
    vListInsert                              0x080214ed   Thumb Code    52  list.o(.text)
    uxListRemove                             0x08021521   Thumb Code    40  list.o(.text)
    xQueueGenericReset                       0x08021549   Thumb Code   146  queue.o(.text)
    xQueueGenericCreate                      0x08021601   Thumb Code    84  queue.o(.text)
    xQueueGenericSend                        0x0802176f   Thumb Code   420  queue.o(.text)
    xQueueCreateMutex                        0x08021931   Thumb Code    34  queue.o(.text)
    xQueueCreateCountingSemaphore            0x08021953   Thumb Code    98  queue.o(.text)
    xQueueGenericSendFromISR                 0x080219b5   Thumb Code   252  queue.o(.text)
    xQueueGiveFromISR                        0x08021ab1   Thumb Code   224  queue.o(.text)
    xQueueReceive                            0x08021bd5   Thumb Code   356  queue.o(.text)
    xQueueSemaphoreTake                      0x08021d4d   Thumb Code   434  queue.o(.text)
    xQueuePeek                               0x08021eff   Thumb Code   366  queue.o(.text)
    xQueueReceiveFromISR                     0x0802206d   Thumb Code   202  queue.o(.text)
    xQueuePeekFromISR                        0x08022137   Thumb Code   176  queue.o(.text)
    uxQueueMessagesWaiting                   0x080221e7   Thumb Code    42  queue.o(.text)
    uxQueueSpacesAvailable                   0x08022211   Thumb Code    48  queue.o(.text)
    uxQueueMessagesWaitingFromISR            0x08022241   Thumb Code    34  queue.o(.text)
    vQueueUnregisterQueue                    0x08022263   Thumb Code    44  queue.o(.text)
    vQueueDelete                             0x0802228f   Thumb Code    44  queue.o(.text)
    xQueueIsQueueEmptyFromISR                0x080222bb   Thumb Code    42  queue.o(.text)
    xQueueIsQueueFullFromISR                 0x080222e5   Thumb Code    46  queue.o(.text)
    vQueueAddToRegistry                      0x08022313   Thumb Code    38  queue.o(.text)
    pcQueueGetName                           0x08022339   Thumb Code    38  queue.o(.text)
    xTaskCreate                              0x080224f5   Thumb Code    96  tasks.o(.text)
    vTaskDelete                              0x08022591   Thumb Code   202  tasks.o(.text)
    xTaskIncrementTick                       0x0802265b   Thumb Code   362  tasks.o(.text)
    xTaskResumeAll                           0x080227c5   Thumb Code   224  tasks.o(.text)
    vTaskSuspendAll                          0x08022921   Thumb Code    12  tasks.o(.text)
    vTaskDelay                               0x0802292d   Thumb Code    82  tasks.o(.text)
    uxTaskPriorityGet                        0x0802297f   Thumb Code    30  tasks.o(.text)
    uxTaskPriorityGetFromISR                 0x0802299d   Thumb Code    62  tasks.o(.text)
    vTaskPrioritySet                         0x080229db   Thumb Code   260  tasks.o(.text)
    vTaskSwitchContext                       0x08022adf   Thumb Code   118  tasks.o(.text)
    vTaskSuspend                             0x08022b55   Thumb Code   268  tasks.o(.text)
    vTaskResume                              0x08022cb1   Thumb Code   128  tasks.o(.text)
    xTaskResumeFromISR                       0x08022d31   Thumb Code   158  tasks.o(.text)
    vTaskStartScheduler                      0x08022e2b   Thumb Code   108  tasks.o(.text)
    vTaskEndScheduler                        0x08022e97   Thumb Code    32  tasks.o(.text)
    xTaskGetTickCount                        0x08022eb7   Thumb Code     6  tasks.o(.text)
    xTaskGetTickCountFromISR                 0x08022ebd   Thumb Code    16  tasks.o(.text)
    uxTaskGetNumberOfTasks                   0x08022ecd   Thumb Code     6  tasks.o(.text)
    pcTaskGetName                            0x08022ed3   Thumb Code    44  tasks.o(.text)
    xTaskCatchUpTicks                        0x08022eff   Thumb Code    66  tasks.o(.text)
    vTaskPlaceOnEventList                    0x08022f41   Thumb Code    52  tasks.o(.text)
    vTaskPlaceOnUnorderedEventList           0x08022f75   Thumb Code   172  tasks.o(.text)
    xTaskRemoveFromEventList                 0x08023021   Thumb Code   128  tasks.o(.text)
    vTaskRemoveFromUnorderedEventList        0x080230a1   Thumb Code   142  tasks.o(.text)
    vTaskSetTimeOutState                     0x0802312f   Thumb Code    50  tasks.o(.text)
    vTaskInternalSetTimeOutState             0x08023161   Thumb Code    14  tasks.o(.text)
    xTaskCheckForTimeOut                     0x0802316f   Thumb Code   132  tasks.o(.text)
    vTaskMissedYield                         0x080231f3   Thumb Code     8  tasks.o(.text)
    xTaskGetCurrentTaskHandle                0x080231fb   Thumb Code     6  tasks.o(.text)
    xTaskGetSchedulerState                   0x08023201   Thumb Code    24  tasks.o(.text)
    xTaskPriorityInherit                     0x08023219   Thumb Code   172  tasks.o(.text)
    xTaskPriorityDisinherit                  0x080232c5   Thumb Code   188  tasks.o(.text)
    vTaskPriorityDisinheritAfterTimeout      0x08023381   Thumb Code   256  tasks.o(.text)
    uxTaskResetEventItemValue                0x08023481   Thumb Code    24  tasks.o(.text)
    pvTaskIncrementMutexHeldCount            0x08023499   Thumb Code    26  tasks.o(.text)
    ulTaskNotifyTake                         0x080234b3   Thumb Code   108  tasks.o(.text)
    xTaskNotifyWait                          0x0802351f   Thumb Code   150  tasks.o(.text)
    xTaskGenericNotify                       0x080235b5   Thumb Code   280  tasks.o(.text)
    xTaskGenericNotifyFromISR                0x080236cd   Thumb Code   334  tasks.o(.text)
    vTaskNotifyGiveFromISR                   0x0802381b   Thumb Code   246  tasks.o(.text)
    xTaskNotifyStateClear                    0x08023911   Thumb Code    48  tasks.o(.text)
    ulTaskNotifyValueClear                   0x08023941   Thumb Code    46  tasks.o(.text)
    HAL_HCD_MspInit                          0x08023989   Thumb Code   160  usbh_conf.o(.text)
    HAL_HCD_MspDeInit                        0x08023a29   Thumb Code    46  usbh_conf.o(.text)
    HAL_HCD_SOF_Callback                     0x08023a57   Thumb Code    14  usbh_conf.o(.text)
    HAL_HCD_Connect_Callback                 0x08023a65   Thumb Code    14  usbh_conf.o(.text)
    HAL_HCD_Disconnect_Callback              0x08023a73   Thumb Code    14  usbh_conf.o(.text)
    HAL_HCD_HC_NotifyURBChange_Callback      0x08023a81   Thumb Code    18  usbh_conf.o(.text)
    HAL_HCD_PortEnabled_Callback             0x08023a93   Thumb Code    14  usbh_conf.o(.text)
    HAL_HCD_PortDisabled_Callback            0x08023aa1   Thumb Code    14  usbh_conf.o(.text)
    USBH_LL_Init                             0x08023aaf   Thumb Code    82  usbh_conf.o(.text)
    USBH_Get_USB_Status                      0x08023b01   Thumb Code    44  usbh_conf.o(.text)
    USBH_LL_DeInit                           0x08023b2d   Thumb Code    30  usbh_conf.o(.text)
    USBH_LL_Start                            0x08023b4b   Thumb Code    30  usbh_conf.o(.text)
    USBH_LL_Stop                             0x08023b69   Thumb Code    30  usbh_conf.o(.text)
    USBH_LL_GetSpeed                         0x08023b87   Thumb Code    48  usbh_conf.o(.text)
    USBH_LL_ResetPort                        0x08023bb7   Thumb Code    30  usbh_conf.o(.text)
    USBH_LL_GetLastXferSize                  0x08023bd5   Thumb Code    18  usbh_conf.o(.text)
    USBH_LL_OpenPipe                         0x08023be7   Thumb Code    64  usbh_conf.o(.text)
    USBH_LL_ClosePipe                        0x08023c27   Thumb Code    38  usbh_conf.o(.text)
    USBH_LL_SubmitURB                        0x08023c4d   Thumb Code    64  usbh_conf.o(.text)
    USBH_LL_GetURBState                      0x08023c8d   Thumb Code    18  usbh_conf.o(.text)
    USBH_LL_DriverVBUS                       0x08023c9f   Thumb Code    26  usbh_conf.o(.text)
    USBH_LL_SetToggle                        0x08023cb9   Thumb Code    70  usbh_conf.o(.text)
    USBH_LL_GetToggle                        0x08023cff   Thumb Code    70  usbh_conf.o(.text)
    USBH_Delay                               0x08023d45   Thumb Code    12  usbh_conf.o(.text)
    GduTest_CameraGetMode                    0x080257b1   Thumb Code   138  test_payload_cam_emu_base.o(.text)
    GduTest_CameraEmuBaseStartService        0x0802583b   Thumb Code  1184  test_payload_cam_emu_base.o(.text)
    GduTest_CameraGetDigitalZoomFactor       0x08025cdb   Thumb Code   142  test_payload_cam_emu_base.o(.text)
    GduTest_CameraGetOpticalZoomFactor       0x08025d69   Thumb Code   154  test_payload_cam_emu_base.o(.text)
    GduTest_CameraGetVideoStreamType         0x08025e03   Thumb Code    26  test_payload_cam_emu_base.o(.text)
    GduTest_CameraIsInited                   0x08025e1d   Thumb Code     6  test_payload_cam_emu_base.o(.text)
    GduReceiveGpsPositionCallback            0x08025eb1   Thumb Code    16  test_fc_subscription.o(.text)
    GduTest_FcSubscriptionStartService       0x080260a9   Thumb Code   178  test_fc_subscription.o(.text)
    GduTest_FcSubscriptionRunSample          0x080265e7   Thumb Code  1466  test_fc_subscription.o(.text)
    GduTest_FcSubscriptionDataShowTrigger    0x08026ba1   Thumb Code    18  test_fc_subscription.o(.text)
    GduTest_FcSubscriptionGetTotalSatelliteNumber 0x08026bb3   Thumb Code    14  test_fc_subscription.o(.text)
    GduTest_GimbalRotate                     0x08028555   Thumb Code  1484  test_payload_gimbal_emu.o(.text)
    GduTest_GimbalStartService               0x08028e53   Thumb Code   362  test_payload_gimbal_emu.o(.text)
    GduTest_GimbalDeInit                     0x08028fbd   Thumb Code   244  test_payload_gimbal_emu.o(.text)
    GduTest_PositioningStartService          0x080294c9   Thumb Code   128  test_positioning.o(.text)
    GduTest_TimeSyncRegHandler               0x080297a1   Thumb Code    70  test_time_sync.o(.text)
    GduTest_TimeSyncStartService             0x080298e9   Thumb Code   256  test_time_sync.o(.text)
    GduTest_TimeSyncGetNewestPpsTriggerLocalTimeUs 0x080299e9   Thumb Code    42  test_time_sync.o(.text)
    UtilMd5_Transform                        0x08029c25   Thumb Code  2434  util_md5.o(.text)
    UtilMd5_Init                             0x0802a5a7   Thumb Code    30  util_md5.o(.text)
    UtilMd5_Update                           0x0802a5c5   Thumb Code    68  util_md5.o(.text)
    UtilMd5_Final                            0x0802a609   Thumb Code   234  util_md5.o(.text)
    GduTest_RegApplyHighPowerHandler         0x0802a7f9   Thumb Code    70  test_power_management.o(.text)
    GduTest_PowerManagementStartService      0x0802a83f   Thumb Code   322  test_power_management.o(.text)
    GduTest_WidgetStartService               0x0802ac4b   Thumb Code   232  test_widget.o(.text)
    GduTest_WidgetSetConfigFilePath          0x0802ad33   Thumb Code    62  test_widget.o(.text)
    GduTest_WidgetLogAppend                  0x0802ad71   Thumb Code     2  test_widget.o(.text)
    GduTest_UpgradeStartService              0x0802b101   Thumb Code   494  test_upgrade.o(.text)
    GduTestCommonFileTransfer_Start          0x0802b5d9   Thumb Code    86  test_upgrade_common_file_transfer.o(.text)
    GduTestCommonFileTransfer_getTransferProccess 0x0802b62f   Thumb Code    18  test_upgrade_common_file_transfer.o(.text)
    GduTestCommonFileTransfer_Transfer       0x0802b641   Thumb Code   118  test_upgrade_common_file_transfer.o(.text)
    GduTestCommonFileTransfer_Finish         0x0802b79f   Thumb Code   154  test_upgrade_common_file_transfer.o(.text)
    GduTest_RegUpgradePlatformOpt            0x0802b971   Thumb Code   280  test_upgrade_platform_opt.o(.text)
    GduTest_RebootSystem                     0x0802ba89   Thumb Code    10  test_upgrade_platform_opt.o(.text)
    GduTest_CleanUpgradeProgramFileStoreArea 0x0802ba93   Thumb Code    10  test_upgrade_platform_opt.o(.text)
    GduTest_CreateUpgradeProgramFile         0x0802ba9d   Thumb Code    14  test_upgrade_platform_opt.o(.text)
    GduTest_WriteUpgradeProgramFile          0x0802baab   Thumb Code    22  test_upgrade_platform_opt.o(.text)
    GduTest_ReadUpgradeProgramFile           0x0802bac1   Thumb Code    32  test_upgrade_platform_opt.o(.text)
    GduTest_CloseUpgradeProgramFile          0x0802bae1   Thumb Code    10  test_upgrade_platform_opt.o(.text)
    GduTest_ReplaceOldProgram                0x0802baeb   Thumb Code    10  test_upgrade_platform_opt.o(.text)
    GduTest_SetUpgradeRebootState            0x0802baf5   Thumb Code    14  test_upgrade_platform_opt.o(.text)
    GduTest_GetUpgradeRebootState            0x0802bb03   Thumb Code    18  test_upgrade_platform_opt.o(.text)
    GduTest_CleanUpgradeRebootState          0x0802bb15   Thumb Code    10  test_upgrade_platform_opt.o(.text)
    GduAircraftInfo_GetBaseInfo              0x0802bd59   Thumb Code     8  gdu_aircraft_info.o(.text)
    GduAircraftInfo_GetMobileAppInfo         0x0802bd61   Thumb Code    24  gdu_aircraft_info.o(.text)
    GduCore_SendData                         0x0802bf1d   Thumb Code    32  gdu_core.o(.text)
    GduCore_SetAliasMsgSend                  0x0802bf3d   Thumb Code   158  gdu_core.o(.text)
    GduCore_Init                             0x0802c09b   Thumb Code   252  gdu_core.o(.text)
    GduCore_SetAlias                         0x0802c197   Thumb Code    26  gdu_core.o(.text)
    GduCore_ApplicationStart                 0x0802c1b1   Thumb Code    18  gdu_core.o(.text)
    GduCore_Reg_FunList                      0x0802c1c3   Thumb Code   144  gdu_core.o(.text)
    GduCore_Del_FunList                      0x0802c253   Thumb Code    72  gdu_core.o(.text)
    GduCode_GetIdInfo                        0x0802c29b   Thumb Code    74  gdu_core.o(.text)
    GduCore_Subscibe                         0x0802c2e5   Thumb Code   496  gdu_core.o(.text)
    GduGimbal_RegCommonHandler               0x0802c4d9   Thumb Code   118  gdu_gimbal.o(.text)
    GimbalSetMode                            0x0802c54f   Thumb Code    60  gdu_gimbal.o(.text)
    GimbalReset                              0x0802c58b   Thumb Code    44  gdu_gimbal.o(.text)
    ctrlDeviceCheck                          0x0802c5b7   Thumb Code    30  gdu_gimbal.o(.text)
    GduGimbal_Init                           0x0802c92b   Thumb Code    52  gdu_gimbal.o(.text)
    GduGimbal_DeInit                         0x0802c95f   Thumb Code     6  gdu_gimbal.o(.text)
    GduLogger_LogInit                        0x0802c971   Thumb Code    16  gdu_logger.o(.text)
    GduLogger_AddConsole                     0x0802c981   Thumb Code    68  gdu_logger.o(.text)
    Gdu_LogColourSet                         0x0802c9c5   Thumb Code    56  gdu_logger.o(.text)
    GduLogger_LogOutput                      0x0802cab1   Thumb Code   118  gdu_logger.o(.text)
    GduLogger_LogBin                         0x0802cb27   Thumb Code    28  gdu_logger.o(.text)
    GduCam_TakeVideoStatus                   0x0802cf03   Thumb Code   116  gdu_payload_camera.o(.text)
    GduPayloadCamera_Init                    0x0802d073   Thumb Code   106  gdu_payload_camera.o(.text)
    GduPayloadCamera_RegCommonHandler        0x0802d0dd   Thumb Code   320  gdu_payload_camera.o(.text)
    GduPayloadCamera_RegExposureMeteringHandler 0x0802d21d   Thumb Code    80  gdu_payload_camera.o(.text)
    GduPayloadCamera_RegFocusHandler         0x0802d26d   Thumb Code   100  gdu_payload_camera.o(.text)
    GduPayloadCamera_RegDigitalZoomHandler   0x0802d2d1   Thumb Code    72  gdu_payload_camera.o(.text)
    GduPayloadCamera_RegOpticalZoomHandler   0x0802d319   Thumb Code    92  gdu_payload_camera.o(.text)
    GduPayloadCamera_RegTapZoomHandler       0x0802d375   Thumb Code    92  gdu_payload_camera.o(.text)
    GduPayloadCamera_SetVideoStreamType      0x0802d3d1   Thumb Code     8  gdu_payload_camera.o(.text)
    GduPayloadCamera_GetVideoStreamRemoteAddress 0x0802d3d9   Thumb Code    10  gdu_payload_camera.o(.text)
    GduPayloadCamera_RegMediaDownloadPlaybackHandler 0x0802d3e3   Thumb Code     8  gdu_payload_camera.o(.text)
    GduPayloadCamera_SendVideoStream         0x0802d3eb   Thumb Code    10  gdu_payload_camera.o(.text)
    GduPayloadCamera_GetVideoStreamState     0x0802d3f5   Thumb Code     8  gdu_payload_camera.o(.text)
    GduPayloadCamera_PushAddedMediaFileInfo  0x0802d3fd   Thumb Code    10  gdu_payload_camera.o(.text)
    GduPayloadCamera_GetCameraTypeOfPayload  0x0802d407   Thumb Code    10  gdu_payload_camera.o(.text)
    GduPayloadCamera_GetCameraOpticalZoomSpecOfPayload 0x0802d411   Thumb Code    10  gdu_payload_camera.o(.text)
    GduPayloadCamera_GetCameraHybridZoomFocalLengthOfPayload 0x0802d41b   Thumb Code    10  gdu_payload_camera.o(.text)
    GduCam_GetParam                          0x0802d425   Thumb Code   318  gdu_payload_camera.o(.text)
    GduCam_SetMode                           0x0802d563   Thumb Code   826  gdu_payload_camera.o(.text)
    GduCam_Cmd                               0x0802d8f1   Thumb Code   416  gdu_payload_camera.o(.text)
    GduCam_SetShootPhotoP                    0x0802da91   Thumb Code   228  gdu_payload_camera.o(.text)
    GduCam_ShootPhoto                        0x0802db75   Thumb Code   500  gdu_payload_camera.o(.text)
    GduCam_SetShootPhotoPar                  0x0802dd69   Thumb Code   238  gdu_payload_camera.o(.text)
    GduCam_RecordVideo                       0x0802de57   Thumb Code   354  gdu_payload_camera.o(.text)
    GduCam_FormatSDCard                      0x0802dfb9   Thumb Code   236  gdu_payload_camera.o(.text)
    GduCam_Focus                             0x0802e0a5   Thumb Code   514  gdu_payload_camera.o(.text)
    GduCam_DigitalZoomFocus                  0x0802e2a7   Thumb Code     8  gdu_payload_camera.o(.text)
    GduCam_OpticalZoomFocal                  0x0802e2af   Thumb Code   224  gdu_payload_camera.o(.text)
    GduCam_OpticalZoomFocalParSet            0x0802e38f   Thumb Code   162  gdu_payload_camera.o(.text)
    GduCam_Metering                          0x0802e431   Thumb Code   308  gdu_payload_camera.o(.text)
    GduCam_DigitalZoomFactor                 0x0802e565   Thumb Code   198  gdu_payload_camera.o(.text)
    GduPlatform_RegHalUartHandler            0x0802ef41   Thumb Code    20  gdu_platform.o(.text)
    GduPlatform_RegHalUsbBulkHandler         0x0802ef55   Thumb Code    20  gdu_platform.o(.text)
    GduPlatform_RegHalNetworkHandler         0x0802ef69   Thumb Code    20  gdu_platform.o(.text)
    GduPlatform_RegOsalHandler               0x0802ef7d   Thumb Code    20  gdu_platform.o(.text)
    GduPlatform_RegFileSystemHandler         0x0802ef91   Thumb Code    20  gdu_platform.o(.text)
    GduPlatform_RegSocketHandler             0x0802efa5   Thumb Code    20  gdu_platform.o(.text)
    GduPlatform_GetOsalHandler               0x0802efb9   Thumb Code     6  gdu_platform.o(.text)
    GduPlatform_GetFileSystemHandler         0x0802efbf   Thumb Code     6  gdu_platform.o(.text)
    GduPlatform_GetSocketHandler             0x0802efc5   Thumb Code     6  gdu_platform.o(.text)
    GduPositioning_getDate                   0x0802f129   Thumb Code    34  gdu_positioning.o(.text)
    GduPositioning_setFlag                   0x0802f8a3   Thumb Code     6  gdu_positioning.o(.text)
    GduPositioning_Init                      0x0802f9b9   Thumb Code   184  gdu_positioning.o(.text)
    GduPositioning_SetTaskIndex              0x0802fa71   Thumb Code     2  gdu_positioning.o(.text)
    GduPositioning_GetPositionInformationSync 0x0802fb63   Thumb Code  2070  gdu_positioning.o(.text)
    GduPowerManagement_Init                  0x08030491   Thumb Code    14  gdu_power_management.o(.text)
    GduPowerManagement_ApplyHighPowerSync    0x0803049f   Thumb Code    20  gdu_power_management.o(.text)
    GduPowerManagement_RegWriteHighPowerApplyPinCallback 0x080304b3   Thumb Code    12  gdu_power_management.o(.text)
    GduFcSubscription_getPosSolutionProperty 0x080304c5   Thumb Code     6  gdu_subscribeinfo.o(.text)
    GduPayloadSubscribe_Init                 0x08030da7   Thumb Code    78  gdu_subscribeinfo.o(.text)
    GduFcSubscription_Init                   0x08030df5   Thumb Code    22  gdu_subscribeinfo.o(.text)
    GduFcSubscription_DeInit                 0x08030e0b   Thumb Code    22  gdu_subscribeinfo.o(.text)
    GduFcSubscription_SubscribeTopic         0x08030e21   Thumb Code   128  gdu_subscribeinfo.o(.text)
    GduFcSubscription_GetLatestValueOfTopic  0x08030ea1   Thumb Code    32  gdu_subscribeinfo.o(.text)
    getPostioningInfo                        0x08030ec1   Thumb Code     4  gdu_subscribeinfo.o(.text)
    GduUpdate_ftp_connect                    0x08031919   Thumb Code   120  gdu_upgrade.o(.text)
    GduUpdate_req_fileinfo                   0x08031991   Thumb Code   128  gdu_upgrade.o(.text)
    GduUpdate_req_download                   0x08031a11   Thumb Code   146  gdu_upgrade.o(.text)
    StringToHex                              0x08031aa3   Thumb Code   188  gdu_upgrade.o(.text)
    HandleRequest_Message                    0x08031b5f   Thumb Code   982  gdu_upgrade.o(.text)
    HandleRequestAckMessage                  0x08031f35   Thumb Code   216  gdu_upgrade.o(.text)
    GduUpgrade_Init                          0x08032051   Thumb Code   118  gdu_upgrade.o(.text)
    GduUpgrade_EnableLocalUpgrade            0x080320c7   Thumb Code     6  gdu_upgrade.o(.text)
    GduUpgrade_RegHandler                    0x080320cd   Thumb Code    18  gdu_upgrade.o(.text)
    GduUpgrade_PushUpgradeState              0x080320df   Thumb Code   140  gdu_upgrade.o(.text)
    GduWidget_Init                           0x08032bc1   Thumb Code    94  gdu_widget.o(.text)
    GduWidget_RegDefaultUiConfigByDirPath    0x08032c1f   Thumb Code     8  gdu_widget.o(.text)
    GduWidget_RegUiConfigByDirPath           0x08032c27   Thumb Code    12  gdu_widget.o(.text)
    GduWidget_RegDefaultUiConfigByBinaryArray 0x08032c33   Thumb Code    44  gdu_widget.o(.text)
    GduWidget_RegUiConfigByBinaryArray       0x08032c5f   Thumb Code    12  gdu_widget.o(.text)
    GduWidget_RegHandlerList                 0x08032c6b   Thumb Code    30  gdu_widget.o(.text)
    GduWidgetFloatingWindow_ShowMessage      0x08032c89   Thumb Code   236  gdu_widget.o(.text)
    GduWidgetFloatingWindow_GetChannelState  0x08032d75   Thumb Code     8  gdu_widget.o(.text)
    standard_to_stamp                        0x08033505   Thumb Code   108  time_sync.o(.text)
    GduTimeSync_Init                         0x0803386b   Thumb Code    82  time_sync.o(.text)
    GduTimeSync_RegGetNewestPpsTriggerTimeCallback 0x080338bd   Thumb Code    12  time_sync.o(.text)
    GduTimeSync_TransferToAircraftTime       0x080338c9   Thumb Code   180  time_sync.o(.text)
    GduFlightController_SetHorizontalVisualObstacleAvoidanceEnableStatus 0x08033ecf   Thumb Code    98  gdu_flight_controller.o(.text)
    GduFlightController_SetRCLostAction      0x08033f31   Thumb Code   166  gdu_flight_controller.o(.text)
    GduFlightController_StartLanding         0x08033fd7   Thumb Code   124  gdu_flight_controller.o(.text)
    GduFlightController_StartForceLanding    0x08034053   Thumb Code    12  gdu_flight_controller.o(.text)
    GduFlightController_CancelLanding        0x0803405f   Thumb Code    86  gdu_flight_controller.o(.text)
    GduFlightController_StartTakeoff         0x080340b5   Thumb Code   592  gdu_flight_controller.o(.text)
    GduFlightController_Init                 0x08034a07   Thumb Code   106  gdu_flight_controller.o(.text)
    GduFlightController_Deinit               0x08034a71   Thumb Code     2  gdu_flight_controller.o(.text)
    GduFlightController_SetRtkPositionEnableStatus 0x08034a73   Thumb Code     8  gdu_flight_controller.o(.text)
    GduFlightController_GetRtkPositionEnableStatus 0x08034a7b   Thumb Code     8  gdu_flight_controller.o(.text)
    GduFlightController_GetRCLostAction      0x08034a83   Thumb Code    56  gdu_flight_controller.o(.text)
    GduFlightController_GetHorizontalVisualObstacleAvoidanceEnableStatus 0x08034c3f   Thumb Code   324  gdu_flight_controller.o(.text)
    GduFlightController_SetHorizontalRadarObstacleAvoidanceEnableStatus 0x08034d83   Thumb Code    16  gdu_flight_controller.o(.text)
    GduFlightController_GetHorizontalRadarObstacleAvoidanceEnableStatus 0x08034d93   Thumb Code    24  gdu_flight_controller.o(.text)
    GduFlightController_SetUpwardsVisualObstacleAvoidanceEnableStatus 0x08034dab   Thumb Code   102  gdu_flight_controller.o(.text)
    GduFlightController_GetUpwardsVisualObstacleAvoidanceEnableStatus 0x08034e11   Thumb Code    24  gdu_flight_controller.o(.text)
    GduFlightController_SetUpwardsRadarObstacleAvoidanceEnableStatus 0x08034e29   Thumb Code    16  gdu_flight_controller.o(.text)
    GduFlightController_GetUpwardsRadarObstacleAvoidanceEnableStatus 0x08034e39   Thumb Code    24  gdu_flight_controller.o(.text)
    GduFlightController_SetDownwardsVisualObstacleAvoidanceEnableStatus 0x08034e51   Thumb Code   102  gdu_flight_controller.o(.text)
    GduFlightController_GetDownwardsVisualObstacleAvoidanceEnableStatus 0x08034eb7   Thumb Code    24  gdu_flight_controller.o(.text)
    GduFlightController_ArrestFlying         0x08034ecf   Thumb Code     6  gdu_flight_controller.o(.text)
    GduFlightController_CancelArrestFlying   0x08034ed5   Thumb Code     6  gdu_flight_controller.o(.text)
    GduFlightController_TurnOnMotors         0x08034edb   Thumb Code     6  gdu_flight_controller.o(.text)
    GduFlightController_TurnOffMotors        0x08034ee1   Thumb Code     6  gdu_flight_controller.o(.text)
    DjiFlightController_EmergencyStopMotor   0x08034ee7   Thumb Code    10  gdu_flight_controller.o(.text)
    GduFlightController_StartConfirmLanding  0x08034ef1   Thumb Code     6  gdu_flight_controller.o(.text)
    GduFlightController_SetHomeLocationUsingGPSCoordinates 0x08034ef7   Thumb Code   162  gdu_flight_controller.o(.text)
    GduFlightController_SetHomeLocationUsingCurrentAircraftLocation 0x08034f99   Thumb Code   182  gdu_flight_controller.o(.text)
    GduFlightController_SetGoHomeAltitude    0x0803504f   Thumb Code   122  gdu_flight_controller.o(.text)
    GduFlightController_GetGoHomeAltitude    0x080350c9   Thumb Code    14  gdu_flight_controller.o(.text)
    GduFlightController_StartGoHome          0x080350d7   Thumb Code   112  gdu_flight_controller.o(.text)
    GduFlightController_CancelGoHome         0x08035147   Thumb Code   488  gdu_flight_controller.o(.text)
    GduFlightController_ObtainJoystickCtrlAuthority 0x0803532f   Thumb Code     6  gdu_flight_controller.o(.text)
    GduFlightController_ReleaseJoystickCtrlAuthority 0x08035335   Thumb Code     6  gdu_flight_controller.o(.text)
    GduFlightController_RegJoystickCtrlAuthorityEventCallback 0x0803533b   Thumb Code     8  gdu_flight_controller.o(.text)
    GduFlightController_SetJoystickMode      0x08035343   Thumb Code     2  gdu_flight_controller.o(.text)
    GduFlightController_ExecuteJoystickAction 0x08035345   Thumb Code     6  gdu_flight_controller.o(.text)
    GduFlightController_ExecuteEmergencyBrakeAction 0x0803534b   Thumb Code   116  gdu_flight_controller.o(.text)
    GduFlightController_CancelEmergencyBrakeAction 0x080353bf   Thumb Code     6  gdu_flight_controller.o(.text)
    GduFlightController_GetGeneralInfo       0x080353c5   Thumb Code     8  gdu_flight_controller.o(.text)
    get_adaptRingSn                          0x08035b59   Thumb Code    16  basemsghandle.o(.text)
    get_comId                                0x08035b69   Thumb Code     6  basemsghandle.o(.text)
    get_appInfo                              0x08035b6f   Thumb Code    14  basemsghandle.o(.text)
    baseMessage_requestComID                 0x08035ba5   Thumb Code    72  basemsghandle.o(.text)
    getMobileAppInfo                         0x08035bed   Thumb Code    62  basemsghandle.o(.text)
    baseMsg_assignComId_ack                  0x08035c2b   Thumb Code   138  basemsghandle.o(.text)
    baseMsg_adapterRingSn_ack                0x08035cb5   Thumb Code    10  basemsghandle.o(.text)
    baseMsg_getAppInfo_ack                   0x08035cbf   Thumb Code   124  basemsghandle.o(.text)
    GduPayloadBaseMsg_Init                   0x08035d95   Thumb Code    30  basemsghandle.o(.text)
    GduSerial_Init                           0x08035f09   Thumb Code   128  gdu_serial.o(.text)
    GduSerial_Read                           0x08035f89   Thumb Code    76  gdu_serial.o(.text)
    GduSerial_Write                          0x08035fd5   Thumb Code    76  gdu_serial.o(.text)
    npcInit                                  0x08036419   Thumb Code    10  npc.o(.text)
    NpcLinkCreate                            0x08036423   Thumb Code   312  npc.o(.text)
    NpcLinkSendPacket                        0x0803655b   Thumb Code   182  npc.o(.text)
    NpcLinkconnect                           0x08036611   Thumb Code   118  npc.o(.text)
    NpcLinkDisconnect                        0x08036687   Thumb Code    74  npc.o(.text)
    NpcLinkSendHeartbeat                     0x080366d1   Thumb Code    90  npc.o(.text)
    NpcLinkHandleReadyPaket                  0x080367a9   Thumb Code    64  npc.o(.text)
    NpcLinkHandleData                        0x080367e9   Thumb Code   200  npc.o(.text)
    npcSendData                              0x080368b1   Thumb Code    76  npc.o(.text)
    NpcLinkSubscibe                          0x080368fd   Thumb Code   112  npc.o(.text)
    npc_recvServer                           0x0803696d   Thumb Code   206  npc.o(.text)
    npc_unpackProcessServer                  0x08036a3b   Thumb Code   152  npc.o(.text)
    npc_heartbeatServer                      0x08036ad3   Thumb Code   140  npc.o(.text)
    npc_sendServer                           0x08036b5f   Thumb Code   144  npc.o(.text)
    npcStart                                 0x08036bef   Thumb Code   236  npc.o(.text)
    Queue_Create                             0x08036fed   Thumb Code     2  gdu_cache.o(.text)
    Queue_Close                              0x08036fef   Thumb Code     2  gdu_cache.o(.text)
    EnQueue                                  0x08036ff1   Thumb Code    92  gdu_cache.o(.text)
    DeQueue                                  0x0803704d   Thumb Code    80  gdu_cache.o(.text)
    GetQueuePercentUsed                      0x0803709d   Thumb Code    40  gdu_cache.o(.text)
    glListInit                               0x080370cd   Thumb Code    48  general_linked_list.o(.text)
    glListInsterNode                         0x080370fd   Thumb Code    62  general_linked_list.o(.text)
    glListDeleteNode                         0x0803713b   Thumb Code    74  general_linked_list.o(.text)
    glListErgodic                            0x08037185   Thumb Code    34  general_linked_list.o(.text)
    glListClearNullNode                      0x080371a7   Thumb Code   124  general_linked_list.o(.text)
    __aeabi_uldivmod                         0x08037223   Thumb Code    98  uldiv.o(.text)
    mktime                                   0x08037285   Thumb Code   150  mktime.o(.text)
    __aeabi_memcpy                           0x0803732d   Thumb Code    36  memcpya.o(.text)
    __aeabi_memcpy4                          0x0803732d   Thumb Code     0  memcpya.o(.text)
    __aeabi_memcpy8                          0x0803732d   Thumb Code     0  memcpya.o(.text)
    __aeabi_memset                           0x08037351   Thumb Code    14  memseta.o(.text)
    __aeabi_memset4                          0x08037351   Thumb Code     0  memseta.o(.text)
    __aeabi_memset8                          0x08037351   Thumb Code     0  memseta.o(.text)
    __aeabi_memclr                           0x0803735f   Thumb Code     4  memseta.o(.text)
    __aeabi_memclr4                          0x0803735f   Thumb Code     0  memseta.o(.text)
    __aeabi_memclr8                          0x0803735f   Thumb Code     0  memseta.o(.text)
    _memset$wrapper                          0x08037363   Thumb Code    18  memseta.o(.text)
    strstr                                   0x08037375   Thumb Code    36  strstr.o(.text)
    strncpy                                  0x08037399   Thumb Code    24  strncpy.o(.text)
    strlen                                   0x080373b1   Thumb Code    14  strlen.o(.text)
    strcmp                                   0x080373bf   Thumb Code    28  strcmp.o(.text)
    memcmp                                   0x080373db   Thumb Code    26  memcmp.o(.text)
    strcpy                                   0x080373f5   Thumb Code    18  strcpy.o(.text)
    strncmp                                  0x08037407   Thumb Code    30  strncmp.o(.text)
    atoi                                     0x08037425   Thumb Code    26  atoi.o(.text)
    __aeabi_dadd                             0x0803743f   Thumb Code   322  dadd.o(.text)
    __aeabi_dsub                             0x08037581   Thumb Code     6  dadd.o(.text)
    __aeabi_drsub                            0x08037587   Thumb Code     6  dadd.o(.text)
    __aeabi_dmul                             0x0803758d   Thumb Code   228  dmul.o(.text)
    __aeabi_ddiv                             0x08037671   Thumb Code   222  ddiv.o(.text)
    __aeabi_i2d                              0x0803774f   Thumb Code    34  dflti.o(.text)
    __aeabi_d2iz                             0x08037771   Thumb Code    62  dfixi.o(.text)
    __aeabi_f2d                              0x080377af   Thumb Code    38  f2d.o(.text)
    __aeabi_cdrcmple                         0x080377d5   Thumb Code    48  cdrcmple.o(.text)
    __aeabi_uidiv                            0x08037805   Thumb Code     0  uidiv.o(.text)
    __aeabi_uidivmod                         0x08037805   Thumb Code    44  uidiv.o(.text)
    __aeabi_llsl                             0x08037831   Thumb Code    30  llshl.o(.text)
    _ll_shift_l                              0x08037831   Thumb Code     0  llshl.o(.text)
    __aeabi_llsr                             0x0803784f   Thumb Code    32  llushr.o(.text)
    _ll_ushift_r                             0x0803784f   Thumb Code     0  llushr.o(.text)
    __aeabi_lasr                             0x0803786f   Thumb Code    36  llsshr.o(.text)
    _ll_sshift_r                             0x0803786f   Thumb Code     0  llsshr.o(.text)
    localtime                                0x08037895   Thumb Code     6  localtime_w.o(.text)
    _localtime                               0x080378a1   Thumb Code   134  localtime_i.o(.text)
    strtol                                   0x0803792d   Thumb Code   112  strtol.o(.text)
    __I$use$fp                               0x0803799d   Thumb Code     0  iusefp.o(.text)
    _double_round                            0x0803799d   Thumb Code    30  depilogue.o(.text)
    _double_epilogue                         0x080379bb   Thumb Code   156  depilogue.o(.text)
    __aeabi_d2ulz                            0x08037a57   Thumb Code    48  dfixul.o(.text)
    __scatterload                            0x08037a89   Thumb Code    28  init.o(.text)
    __scatterload_rt2                        0x08037a89   Thumb Code     0  init.o(.text)
    __rt_ctype_table                         0x08037aad   Thumb Code     4  ctype_o.o(.text)
    _strtoul                                 0x08037ab5   Thumb Code   158  _strtoul.o(.text)
    _chval                                   0x08037b53   Thumb Code    28  _chval.o(.text)
    __decompress                             0x08037b6f   Thumb Code     0  __dczerorl2.o(.text)
    __decompress1                            0x08037b6f   Thumb Code    86  __dczerorl2.o(.text)
    __0printf                                0x08037bc5   Thumb Code    22  printfa.o(i.__0printf)
    __1printf                                0x08037bc5   Thumb Code     0  printfa.o(i.__0printf)
    __2printf                                0x08037bc5   Thumb Code     0  printfa.o(i.__0printf)
    __c89printf                              0x08037bc5   Thumb Code     0  printfa.o(i.__0printf)
    printf                                   0x08037bc5   Thumb Code     0  printfa.o(i.__0printf)
    __0snprintf                              0x08037be5   Thumb Code    44  printfa.o(i.__0snprintf)
    __1snprintf                              0x08037be5   Thumb Code     0  printfa.o(i.__0snprintf)
    __2snprintf                              0x08037be5   Thumb Code     0  printfa.o(i.__0snprintf)
    __c89snprintf                            0x08037be5   Thumb Code     0  printfa.o(i.__0snprintf)
    snprintf                                 0x08037be5   Thumb Code     0  printfa.o(i.__0snprintf)
    __0sprintf                               0x08037c15   Thumb Code    34  printfa.o(i.__0sprintf)
    __1sprintf                               0x08037c15   Thumb Code     0  printfa.o(i.__0sprintf)
    __2sprintf                               0x08037c15   Thumb Code     0  printfa.o(i.__0sprintf)
    __c89sprintf                             0x08037c15   Thumb Code     0  printfa.o(i.__0sprintf)
    sprintf                                  0x08037c15   Thumb Code     0  printfa.o(i.__0sprintf)
    __0vsprintf                              0x08037c3d   Thumb Code    30  printfa.o(i.__0vsprintf)
    __1vsprintf                              0x08037c3d   Thumb Code     0  printfa.o(i.__0vsprintf)
    __2vsprintf                              0x08037c3d   Thumb Code     0  printfa.o(i.__0vsprintf)
    __c89vsprintf                            0x08037c3d   Thumb Code     0  printfa.o(i.__0vsprintf)
    vsprintf                                 0x08037c3d   Thumb Code     0  printfa.o(i.__0vsprintf)
    __ARM_fpclassifyf                        0x08037c61   Thumb Code    38  fpclassifyf.o(i.__ARM_fpclassifyf)
    __aeabi_errno_addr                       0x08037c89   Thumb Code     4  errno.o(i.__aeabi_errno_addr)
    __rt_errno_addr                          0x08037c89   Thumb Code     0  errno.o(i.__aeabi_errno_addr)
    __hardfp_asinf                           0x08037c91   Thumb Code   258  asinf.o(i.__hardfp_asinf)
    __hardfp_atan2f                          0x08037dbd   Thumb Code   502  atan2f.o(i.__hardfp_atan2f)
    __mathlib_flt_infnan                     0x0803800d   Thumb Code     6  funder.o(i.__mathlib_flt_infnan)
    __mathlib_flt_infnan2                    0x08038013   Thumb Code     6  funder.o(i.__mathlib_flt_infnan2)
    __mathlib_flt_invalid                    0x08038019   Thumb Code    10  funder.o(i.__mathlib_flt_invalid)
    __mathlib_flt_underflow                  0x08038029   Thumb Code    10  funder.o(i.__mathlib_flt_underflow)
    __scatterload_copy                       0x08038039   Thumb Code    14  handlers.o(i.__scatterload_copy)
    __scatterload_null                       0x08038047   Thumb Code     2  handlers.o(i.__scatterload_null)
    __scatterload_zeroinit                   0x08038049   Thumb Code    14  handlers.o(i.__scatterload_zeroinit)
    __set_errno                              0x08038059   Thumb Code     6  errno.o(i.__set_errno)
    free                                     0x08038939   Thumb Code    76  malloc.o(i.free)
    malloc                                   0x08038989   Thumb Code    92  malloc.o(i.malloc)
    sqrtf                                    0x080389f5   Thumb Code    62  sqrtf.o(i.sqrtf)
    s_ledPin                                 0x08038b12   Data           8  led.o(.constdata)
    AHBPrescTable                            0x08038b41   Data          16  system_stm32f4xx.o(.constdata)
    APBPrescTable                            0x08038b51   Data           8  system_stm32f4xx.o(.constdata)
    __ctype_table                            0x0803ee88   Data         129  ctype_o.o(.constdata)
    Region$$Table$$Base                      0x0803f8f0   Number         0  anon$$obj.o(Region$$Table)
    Region$$Table$$Limit                     0x0803f910   Number         0  anon$$obj.o(Region$$Table)
    s_ledPort                                0x2000000c   Data          16  led.o(.data)
    usbIrqFlag                               0x2000002c   Data           4  stm32f4xx_it.o(.data)
    SystemCoreClock                          0x20000030   Data           4  system_stm32f4xx.o(.data)
    CDC_Class                                0x20000084   Data          32  usbh_cdc.o(.data)
    ACMDataRecvQueue                         0x200000a4   Data           4  usbh_cdc.o(.data)
    ACMDataSendQueue                         0x200000a8   Data           4  usbh_cdc.o(.data)
    uwTick                                   0x200000ac   Data           4  stm32f4xx_hal.o(.data)
    uwTickPrio                               0x200000b0   Data           4  stm32f4xx_hal.o(.data)
    uwTickFreq                               0x200000b4   Data           1  stm32f4xx_hal.o(.data)
    pxCurrentTCB                             0x200000e4   Data           4  tasks.o(.data)
    g_EnBinaryArrayCount                     0x20000228   Data           4  file_binary_array_list_en.o(.data)
    g_EnFileBinaryArrayList                  0x2000022c   Data           4  file_binary_array_list_en.o(.data)
    UserInfo                                 0x20000274   Data           4  gdu_core.o(.data)
    GimbalCommonHandler                      0x20000280   Data           4  gdu_gimbal.o(.data)
    GimbalFunList                            0x20000284   Data          24  gdu_gimbal.o(.data)
    start_time                               0x200002ac   Data           4  gdu_logger.o(.data)
    loogerMutexHandle                        0x200002b0   Data           4  gdu_logger.o(.data)
    OsalHandler                              0x20000388   Data           4  gdu_platform.o(.data)
    HalUartHandler                           0x2000038c   Data           4  gdu_platform.o(.data)
    HalUsbBulkHandler                        0x20000390   Data           4  gdu_platform.o(.data)
    HalNetworkHandler                        0x20000394   Data           4  gdu_platform.o(.data)
    FileSystemHandler                        0x20000398   Data           4  gdu_platform.o(.data)
    SocketHandler                            0x2000039c   Data           4  gdu_platform.o(.data)
    LoggerConsole                            0x200003a0   Data           8  gdu_platform.o(.data)
    downloadFileAck                          0x200004c1   Data           6  gdu_upgrade.o(.data)
    GetNewestPpsTriggerLocalTimeUsCallback   0x20000534   Data           4  time_sync.o(.data)
    year                                     0x20000540   Data           1  time_sync.o(.data)
    month                                    0x20000541   Data           1  time_sync.o(.data)
    day                                      0x20000542   Data           1  time_sync.o(.data)
    comId                                    0x200005c4   Data           1  basemsghandle.o(.data)
    appInfo                                  0x200005c5   Data           2  basemsghandle.o(.data)
    sendQueuePercent                         0x200005fa   Data           1  npc.o(.data)
    recvQueuePercent                         0x200005fb   Data           1  npc.o(.data)
    __stdout                                 0x200005fc   Data           4  stdout.o(.data)
    __microlib_freelist                      0x20000600   Data           4  mvars.o(.data)
    __microlib_freelist_initialised          0x20000604   Data           4  mvars.o(.data)
    hhcd_USB_OTG_FS                          0x2000060c   Data         772  stm32f4xx_it.o(.bss)
    htim1                                    0x20000910   Data          72  stm32f4xx_it.o(.bss)
    pFlash                                   0x2000430c   Data          32  stm32f4xx_hal_flash.o(.bss)
    xQueueRegistry                           0x20016824   Data          64  queue.o(.bss)
    ProductAlias                             0x20016cac   Data          30  gdu_core.o(.bss)
    sprint_buf                               0x20016cca   Data         512  gdu_logger.o(.bss)
    log_buf                                  0x20016eca   Data         512  gdu_logger.o(.bss)
    posAck                                   0x200174d8   Data          22  gdu_positioning.o(.bss)
    posState                                 0x200174ee   Data         189  gdu_positioning.o(.bss)
    aircraftBasicStateInfo1                  0x2001adf0   Data          97  gdu_subscribeinfo.o(.bss)
    aircraftBasicStateInfo2                  0x2001ae51   Data          72  gdu_subscribeinfo.o(.bss)
    aircraftAttitudeInfo                     0x2001ae99   Data          34  gdu_subscribeinfo.o(.bss)
    aircraftSpeedInfo                        0x2001aebb   Data          14  gdu_subscribeinfo.o(.bss)
    aircraftGnssInfo                         0x2001aec9   Data          43  gdu_subscribeinfo.o(.bss)
    aircraftBatteryInfo                      0x2001aef4   Data          37  gdu_subscribeinfo.o(.bss)
    timeSyncInfo                             0x2001af19   Data          16  gdu_subscribeinfo.o(.bss)
    subscribeInfo                            0x2001b901   Data         384  gdu_subscribeinfo.o(.bss)
    upgradeConf                              0x2001ba94   Data          20  gdu_upgrade.o(.bss)
    upgradeHandl                             0x2001baa8   Data          16  gdu_upgrade.o(.bss)
    upgradeFileInfo                          0x2001bc60   Data          68  gdu_upgrade.o(.bss)
    adapterRingSn                            0x2001bfb0   Data          20  basemsghandle.o(.bss)
    __heap_base                              0x2001bff0   Data           0  startup_stm32f407xx.o(HEAP)
    __heap_limit                             0x2001c1f0   Data           0  startup_stm32f407xx.o(HEAP)
    __initial_sp                             0x2001c5f0   Data           0  startup_stm32f407xx.o(STACK)



==============================================================================

Memory Map of the image

  Image Entry point : 0x08010189

  Load Region LR_IROM1 (Base: 0x08010000, Size: 0x0002ff1c, Max: 0x00070000, ABSOLUTE, COMPRESSED[0x0002fad4])

    Execution Region ER_IROM1 (Exec base: 0x08010000, Load base: 0x08010000, Size: 0x0002f910, Max: 0x00070000, ABSOLUTE)

    Exec Addr    Load Addr    Size         Type   Attr      Idx    E Section Name        Object

    0x08010000   0x08010000   0x00000188   Data   RO           38    RESET               startup_stm32f407xx.o
    0x08010188   0x08010188   0x00000000   Code   RO          364  * .ARM.Collect$$$$00000000  mc_w.l(entry.o)
    0x08010188   0x08010188   0x00000004   Code   RO          579    .ARM.Collect$$$$00000001  mc_w.l(entry2.o)
    0x0801018c   0x0801018c   0x00000004   Code   RO          582    .ARM.Collect$$$$00000004  mc_w.l(entry5.o)
    0x08010190   0x08010190   0x00000000   Code   RO          584    .ARM.Collect$$$$00000008  mc_w.l(entry7b.o)
    0x08010190   0x08010190   0x00000000   Code   RO          586    .ARM.Collect$$$$0000000A  mc_w.l(entry8b.o)
    0x08010190   0x08010190   0x00000008   Code   RO          587    .ARM.Collect$$$$0000000B  mc_w.l(entry9a.o)
    0x08010198   0x08010198   0x00000000   Code   RO          589    .ARM.Collect$$$$0000000D  mc_w.l(entry10a.o)
    0x08010198   0x08010198   0x00000000   Code   RO          591    .ARM.Collect$$$$0000000F  mc_w.l(entry11a.o)
    0x08010198   0x08010198   0x00000004   Code   RO          580    .ARM.Collect$$$$00002712  mc_w.l(entry2.o)
    0x0801019c   0x0801019c   0x000000b6   Code   RO          183    .emb_text           port.o
    0x08010252   0x08010252   0x00000002   PAD
    0x08010254   0x08010254   0x000008e8   Code   RO            4    .text               application.o
    0x08010b3c   0x08010b3c   0x000000dc   Code   RO           11    .text               hal_uart.o
    0x08010c18   0x08010c18   0x00000130   Code   RO           15    .text               main.o
    0x08010d48   0x08010d48   0x000001de   Code   RO           17    .text               osal.o
    0x08010f26   0x08010f26   0x00000002   PAD
    0x08010f28   0x08010f28   0x00000254   Code   RO           21    .text               flash_if.o
    0x0801117c   0x0801117c   0x000000f4   Code   RO           27    .text               led.o
    0x08011270   0x08011270   0x0000016c   Code   RO           33    .text               pps.o
    0x080113dc   0x080113dc   0x00000024   Code   RO           39    .text               startup_stm32f407xx.o
    0x08011400   0x08011400   0x00000348   Code   RO           43    .text               stm32f4xx_hal_msp.o
    0x08011748   0x08011748   0x000000b0   Code   RO           47    .text               stm32f4xx_hal_timebase_tim.o
    0x080117f8   0x080117f8   0x00000040   Code   RO           51    .text               stm32f4xx_it.o
    0x08011838   0x08011838   0x000000dc   Code   RO           57    .text               system_stm32f4xx.o
    0x08011914   0x08011914   0x00000774   Code   RO           63    .text               uart.o
    0x08012088   0x08012088   0x0000081c   Code   RO           69    .text               usbh_cdc.o
    0x080128a4   0x080128a4   0x000010d6   Code   RO           76    .text               usbh_core.o
    0x0801397a   0x0801397a   0x00000002   PAD
    0x0801397c   0x0801397c   0x00000730   Code   RO           82    .text               usbh_ctlreq.o
    0x080140ac   0x080140ac   0x00000190   Code   RO           86    .text               usbh_ioreq.o
    0x0801423c   0x0801423c   0x000000ac   Code   RO           90    .text               usbh_pipes.o
    0x080142e8   0x080142e8   0x0000013c   Code   RO           91    .text               gdu_ringbuffer.o
    0x08014424   0x08014424   0x000000b0   Code   RO           95    .text               apply_high_power.o
    0x080144d4   0x080144d4   0x000001b4   Code   RO          100    .text               upgrade_platform_opt_stm32.o
    0x08014688   0x08014688   0x00000204   Code   RO          105    .text               stm32f4xx_hal.o
    0x0801488c   0x0801488c   0x000003d0   Code   RO          110    .text               stm32f4xx_hal_cortex.o
    0x08014c5c   0x08014c5c   0x000008b0   Code   RO          114    .text               stm32f4xx_hal_dma.o
    0x0801550c   0x0801550c   0x00000468   Code   RO          127    .text               stm32f4xx_hal_flash.o
    0x08015974   0x08015974   0x000003dc   Code   RO          132    .text               stm32f4xx_hal_flash_ex.o
    0x08015d50   0x08015d50   0x000003bc   Code   RO          139    .text               stm32f4xx_hal_gpio.o
    0x0801610c   0x0801610c   0x000017ac   Code   RO          143    .text               stm32f4xx_hal_hcd.o
    0x080178b8   0x080178b8   0x00000948   Code   RO          155    .text               stm32f4xx_hal_rcc.o
    0x08018200   0x08018200   0x00003bac   Code   RO          163    .text               stm32f4xx_hal_tim.o
    0x0801bdac   0x0801bdac   0x00001788   Code   RO          167    .text               stm32f4xx_hal_tim_ex.o
    0x0801d534   0x0801d534   0x0000170c   Code   RO          171    .text               stm32f4xx_hal_uart.o
    0x0801ec40   0x0801ec40   0x00001940   Code   RO          175    .text               stm32f4xx_ll_usb.o
    0x08020580   0x08020580   0x00000904   Code   RO          179    .text               cmsis_os.o
    0x08020e84   0x08020e84   0x00000324   Code   RO          180    .text               heap_4.o
    0x080211a8   0x080211a8   0x0000030c   Code   RO          184    .text               port.o
    0x080214b4   0x080214b4   0x00000094   Code   RO          187    .text               list.o
    0x08021548   0x08021548   0x00000e1c   Code   RO          188    .text               queue.o
    0x08022364   0x08022364   0x00001624   Code   RO          190    .text               tasks.o
    0x08023988   0x08023988   0x000003d4   Code   RO          202    .text               usbh_conf.o
    0x08023d5c   0x08023d5c   0x00002154   Code   RO          203    .text               test_payload_cam_emu_base.o
    0x08025eb0   0x08025eb0   0x00000de0   Code   RO          208    .text               test_fc_subscription.o
    0x08026c90   0x08026c90   0x000025cc   Code   RO          212    .text               test_payload_gimbal_emu.o
    0x0802925c   0x0802925c   0x00000544   Code   RO          217    .text               test_positioning.o
    0x080297a0   0x080297a0   0x00000484   Code   RO          221    .text               test_time_sync.o
    0x08029c24   0x08029c24   0x00000bd4   Code   RO          226    .text               util_md5.o
    0x0802a7f8   0x0802a7f8   0x000003cc   Code   RO          227    .text               test_power_management.o
    0x0802abc4   0x0802abc4   0x00000398   Code   RO          233    .text               test_widget.o
    0x0802af5c   0x0802af5c   0x0000067c   Code   RO          238    .text               test_upgrade.o
    0x0802b5d8   0x0802b5d8   0x00000398   Code   RO          242    .text               test_upgrade_common_file_transfer.o
    0x0802b970   0x0802b970   0x000003e8   Code   RO          247    .text               test_upgrade_platform_opt.o
    0x0802bd58   0x0802bd58   0x00000020   Code   RO          254    .text               mdk_app.lib(gdu_aircraft_info.o)
    0x0802bd78   0x0802bd78   0x00000760   Code   RO          255    .text               mdk_app.lib(gdu_core.o)
    0x0802c4d8   0x0802c4d8   0x00000498   Code   RO          259    .text               mdk_app.lib(gdu_gimbal.o)
    0x0802c970   0x0802c970   0x00000234   Code   RO          262    .text               mdk_app.lib(gdu_logger.o)
    0x0802cba4   0x0802cba4   0x0000239a   Code   RO          267    .text               mdk_app.lib(gdu_payload_camera.o)
    0x0802ef3e   0x0802ef3e   0x00000002   PAD
    0x0802ef40   0x0802ef40   0x000000a4   Code   RO          272    .text               mdk_app.lib(gdu_platform.o)
    0x0802efe4   0x0802efe4   0x000014ac   Code   RO          274    .text               mdk_app.lib(gdu_positioning.o)
    0x08030490   0x08030490   0x00000034   Code   RO          279    .text               mdk_app.lib(gdu_power_management.o)
    0x080304c4   0x080304c4   0x00000e64   Code   RO          281    .text               mdk_app.lib(gdu_subscribeinfo.o)
    0x08031328   0x08031328   0x000011c8   Code   RO          285    .text               mdk_app.lib(gdu_upgrade.o)
    0x080324f0   0x080324f0   0x00001014   Code   RO          289    .text               mdk_app.lib(gdu_widget.o)
    0x08033504   0x08033504   0x00000604   Code   RO          295    .text               mdk_app.lib(time_sync.o)
    0x08033b08   0x08033b08   0x00001f0c   Code   RO          298    .text               mdk_app.lib(gdu_flight_controller.o)
    0x08035a14   0x08035a14   0x000004f4   Code   RO          303    .text               mdk_app.lib(basemsghandle.o)
    0x08035f08   0x08035f08   0x000001a4   Code   RO          307    .text               mdk_app.lib(gdu_serial.o)
    0x080360ac   0x080360ac   0x00000f40   Code   RO          310    .text               mdk_app.lib(npc.o)
    0x08036fec   0x08036fec   0x000000e0   Code   RO          313    .text               mdk_app.lib(gdu_cache.o)
    0x080370cc   0x080370cc   0x00000156   Code   RO          314    .text               mdk_app.lib(general_linked_list.o)
    0x08037222   0x08037222   0x00000062   Code   RO          367    .text               mc_w.l(uldiv.o)
    0x08037284   0x08037284   0x000000a8   Code   RO          371    .text               mc_w.l(mktime.o)
    0x0803732c   0x0803732c   0x00000024   Code   RO          373    .text               mc_w.l(memcpya.o)
    0x08037350   0x08037350   0x00000024   Code   RO          374    .text               mc_w.l(memseta.o)
    0x08037374   0x08037374   0x00000024   Code   RO          375    .text               mc_w.l(strstr.o)
    0x08037398   0x08037398   0x00000018   Code   RO          376    .text               mc_w.l(strncpy.o)
    0x080373b0   0x080373b0   0x0000000e   Code   RO          377    .text               mc_w.l(strlen.o)
    0x080373be   0x080373be   0x0000001c   Code   RO          378    .text               mc_w.l(strcmp.o)
    0x080373da   0x080373da   0x0000001a   Code   RO          379    .text               mc_w.l(memcmp.o)
    0x080373f4   0x080373f4   0x00000012   Code   RO          380    .text               mc_w.l(strcpy.o)
    0x08037406   0x08037406   0x0000001e   Code   RO          381    .text               mc_w.l(strncmp.o)
    0x08037424   0x08037424   0x0000001a   Code   RO          528    .text               mc_w.l(atoi.o)
    0x0803743e   0x0803743e   0x0000014e   Code   RO          529    .text               mf_w.l(dadd.o)
    0x0803758c   0x0803758c   0x000000e4   Code   RO          530    .text               mf_w.l(dmul.o)
    0x08037670   0x08037670   0x000000de   Code   RO          531    .text               mf_w.l(ddiv.o)
    0x0803774e   0x0803774e   0x00000022   Code   RO          532    .text               mf_w.l(dflti.o)
    0x08037770   0x08037770   0x0000003e   Code   RO          533    .text               mf_w.l(dfixi.o)
    0x080377ae   0x080377ae   0x00000026   Code   RO          534    .text               mf_w.l(f2d.o)
    0x080377d4   0x080377d4   0x00000030   Code   RO          536    .text               mf_w.l(cdrcmple.o)
    0x08037804   0x08037804   0x0000002c   Code   RO          594    .text               mc_w.l(uidiv.o)
    0x08037830   0x08037830   0x0000001e   Code   RO          595    .text               mc_w.l(llshl.o)
    0x0803784e   0x0803784e   0x00000020   Code   RO          596    .text               mc_w.l(llushr.o)
    0x0803786e   0x0803786e   0x00000024   Code   RO          597    .text               mc_w.l(llsshr.o)
    0x08037892   0x08037892   0x00000002   PAD
    0x08037894   0x08037894   0x0000000c   Code   RO          598    .text               mc_w.l(localtime_w.o)
    0x080378a0   0x080378a0   0x0000008c   Code   RO          600    .text               mc_w.l(localtime_i.o)
    0x0803792c   0x0803792c   0x00000070   Code   RO          608    .text               mc_w.l(strtol.o)
    0x0803799c   0x0803799c   0x00000000   Code   RO          609    .text               mc_w.l(iusefp.o)
    0x0803799c   0x0803799c   0x000000ba   Code   RO          611    .text               mf_w.l(depilogue.o)
    0x08037a56   0x08037a56   0x00000030   Code   RO          615    .text               mf_w.l(dfixul.o)
    0x08037a86   0x08037a86   0x00000002   PAD
    0x08037a88   0x08037a88   0x00000024   Code   RO          616    .text               mc_w.l(init.o)
    0x08037aac   0x08037aac   0x00000008   Code   RO          617    .text               mc_w.l(ctype_o.o)
    0x08037ab4   0x08037ab4   0x0000009e   Code   RO          632    .text               mc_w.l(_strtoul.o)
    0x08037b52   0x08037b52   0x0000001c   Code   RO          634    .text               mc_w.l(_chval.o)
    0x08037b6e   0x08037b6e   0x00000056   Code   RO          640    .text               mc_w.l(__dczerorl2.o)
    0x08037bc4   0x08037bc4   0x00000020   Code   RO          500    i.__0printf         mc_w.l(printfa.o)
    0x08037be4   0x08037be4   0x00000030   Code   RO          501    i.__0snprintf       mc_w.l(printfa.o)
    0x08037c14   0x08037c14   0x00000028   Code   RO          502    i.__0sprintf        mc_w.l(printfa.o)
    0x08037c3c   0x08037c3c   0x00000024   Code   RO          506    i.__0vsprintf       mc_w.l(printfa.o)
    0x08037c60   0x08037c60   0x00000026   Code   RO          556    i.__ARM_fpclassifyf  m_wm.l(fpclassifyf.o)
    0x08037c86   0x08037c86   0x00000002   PAD
    0x08037c88   0x08037c88   0x00000008   Code   RO          604    i.__aeabi_errno_addr  mc_w.l(errno.o)
    0x08037c90   0x08037c90   0x0000012c   Code   RO          323    i.__hardfp_asinf    m_wm.l(asinf.o)
    0x08037dbc   0x08037dbc   0x00000250   Code   RO          335    i.__hardfp_atan2f   m_wm.l(atan2f.o)
    0x0803800c   0x0803800c   0x00000006   Code   RO          558    i.__mathlib_flt_infnan  m_wm.l(funder.o)
    0x08038012   0x08038012   0x00000006   Code   RO          559    i.__mathlib_flt_infnan2  m_wm.l(funder.o)
    0x08038018   0x08038018   0x00000010   Code   RO          560    i.__mathlib_flt_invalid  m_wm.l(funder.o)
    0x08038028   0x08038028   0x00000010   Code   RO          563    i.__mathlib_flt_underflow  m_wm.l(funder.o)
    0x08038038   0x08038038   0x0000000e   Code   RO          637    i.__scatterload_copy  mc_w.l(handlers.o)
    0x08038046   0x08038046   0x00000002   Code   RO          638    i.__scatterload_null  mc_w.l(handlers.o)
    0x08038048   0x08038048   0x0000000e   Code   RO          639    i.__scatterload_zeroinit  mc_w.l(handlers.o)
    0x08038056   0x08038056   0x00000002   PAD
    0x08038058   0x08038058   0x0000000c   Code   RO          606    i.__set_errno       mc_w.l(errno.o)
    0x08038064   0x08038064   0x00000184   Code   RO          507    i._fp_digits        mc_w.l(printfa.o)
    0x080381e8   0x080381e8   0x000006dc   Code   RO          508    i._printf_core      mc_w.l(printfa.o)
    0x080388c4   0x080388c4   0x00000024   Code   RO          509    i._printf_post_padding  mc_w.l(printfa.o)
    0x080388e8   0x080388e8   0x0000002e   Code   RO          510    i._printf_pre_padding  mc_w.l(printfa.o)
    0x08038916   0x08038916   0x00000016   Code   RO          511    i._snputc           mc_w.l(printfa.o)
    0x0803892c   0x0803892c   0x0000000a   Code   RO          512    i._sputc            mc_w.l(printfa.o)
    0x08038936   0x08038936   0x00000002   PAD
    0x08038938   0x08038938   0x00000050   Code   RO          514    i.free              mc_w.l(malloc.o)
    0x08038988   0x08038988   0x0000006c   Code   RO          515    i.malloc            mc_w.l(malloc.o)
    0x080389f4   0x080389f4   0x0000003e   Code   RO          575    i.sqrtf             m_wm.l(sqrtf.o)
    0x08038a32   0x08038a32   0x00000002   PAD
    0x08038a34   0x08038a34   0x000000dd   Data   RO            5    .constdata          application.o
    0x08038b11   0x08038b11   0x00000001   PAD
    0x08038b12   0x08038b12   0x00000008   Data   RO           28    .constdata          led.o
    0x08038b1a   0x08038b1a   0x00000027   Data   RO           34    .constdata          pps.o
    0x08038b41   0x08038b41   0x00000018   Data   RO           58    .constdata          system_stm32f4xx.o
    0x08038b59   0x08038b59   0x00000003   PAD
    0x08038b5c   0x08038b5c   0x0000001c   Data   RO           77    .constdata          usbh_core.o
    0x08038b78   0x08038b78   0x0000001f   Data   RO           96    .constdata          apply_high_power.o
    0x08038b97   0x08038b97   0x00000008   Data   RO          115    .constdata          stm32f4xx_hal_dma.o
    0x08038b9f   0x08038b9f   0x000002d1   Data   RO          205    .constdata          test_payload_cam_emu_base.o
    0x08038e70   0x08038e70   0x0000008b   Data   RO          209    .constdata          test_fc_subscription.o
    0x08038efb   0x08038efb   0x000001c1   Data   RO          214    .constdata          test_payload_gimbal_emu.o
    0x080390bc   0x080390bc   0x00000038   Data   RO          218    .constdata          test_positioning.o
    0x080390f4   0x080390f4   0x0000007c   Data   RO          222    .constdata          test_time_sync.o
    0x08039170   0x08039170   0x0000006a   Data   RO          228    .constdata          test_power_management.o
    0x080391da   0x080391da   0x000051f1   Data   RO          230    .constdata          file_binary_array_list_en.o
    0x0803e3cb   0x0803e3cb   0x00000001   PAD
    0x0803e3cc   0x0803e3cc   0x00000113   Data   RO          235    .constdata          test_widget.o
    0x0803e4df   0x0803e4df   0x00000001   PAD
    0x0803e4e0   0x0803e4e0   0x0000007f   Data   RO          239    .constdata          test_upgrade.o
    0x0803e55f   0x0803e55f   0x00000082   Data   RO          244    .constdata          test_upgrade_common_file_transfer.o
    0x0803e5e1   0x0803e5e1   0x0000001e   Data   RO          249    .constdata          test_upgrade_platform_opt.o
    0x0803e5ff   0x0803e5ff   0x0000004d   Data   RO          257    .constdata          mdk_app.lib(gdu_core.o)
    0x0803e64c   0x0803e64c   0x0000002a   Data   RO          260    .constdata          mdk_app.lib(gdu_gimbal.o)
    0x0803e676   0x0803e676   0x00000002   PAD
    0x0803e678   0x0803e678   0x00000010   Data   RO          264    .constdata          mdk_app.lib(gdu_logger.o)
    0x0803e688   0x0803e688   0x00000132   Data   RO          269    .constdata          mdk_app.lib(gdu_payload_camera.o)
    0x0803e7ba   0x0803e7ba   0x00000084   Data   RO          276    .constdata          mdk_app.lib(gdu_positioning.o)
    0x0803e83e   0x0803e83e   0x0000004d   Data   RO          283    .constdata          mdk_app.lib(gdu_subscribeinfo.o)
    0x0803e88b   0x0803e88b   0x0000009e   Data   RO          287    .constdata          mdk_app.lib(gdu_upgrade.o)
    0x0803e929   0x0803e929   0x00000044   Data   RO          296    .constdata          mdk_app.lib(time_sync.o)
    0x0803e96d   0x0803e96d   0x00000468   Data   RO          300    .constdata          mdk_app.lib(gdu_flight_controller.o)
    0x0803edd5   0x0803edd5   0x0000002f   Data   RO          305    .constdata          mdk_app.lib(basemsghandle.o)
    0x0803ee04   0x0803ee04   0x0000002e   Data   RO          308    .constdata          mdk_app.lib(gdu_serial.o)
    0x0803ee32   0x0803ee32   0x0000003e   Data   RO          311    .constdata          mdk_app.lib(npc.o)
    0x0803ee70   0x0803ee70   0x0000000c   Data   RO          372    .constdata          mc_w.l(mktime.o)
    0x0803ee7c   0x0803ee7c   0x0000000c   Data   RO          601    .constdata          mc_w.l(localtime_i.o)
    0x0803ee88   0x0803ee88   0x00000081   Data   RO          618    .constdata          mc_w.l(ctype_o.o)
    0x0803ef09   0x0803ef09   0x00000003   PAD
    0x0803ef0c   0x0803ef0c   0x00000004   Data   RO          619    .constdata          mc_w.l(ctype_o.o)
    0x0803ef10   0x0803ef10   0x000000dd   Data   RO            6    .conststring        application.o
    0x0803efed   0x0803efed   0x00000003   PAD
    0x0803eff0   0x0803eff0   0x0000004d   Data   RO           71    .conststring        usbh_cdc.o
    0x0803f03d   0x0803f03d   0x00000003   PAD
    0x0803f040   0x0803f040   0x0000004e   Data   RO           78    .conststring        usbh_core.o
    0x0803f08e   0x0803f08e   0x00000002   PAD
    0x0803f090   0x0803f090   0x0000011a   Data   RO          206    .conststring        test_payload_cam_emu_base.o
    0x0803f1aa   0x0803f1aa   0x00000002   PAD
    0x0803f1ac   0x0803f1ac   0x00000172   Data   RO          210    .conststring        test_fc_subscription.o
    0x0803f31e   0x0803f31e   0x00000002   PAD
    0x0803f320   0x0803f320   0x00000113   Data   RO          215    .conststring        test_payload_gimbal_emu.o
    0x0803f433   0x0803f433   0x00000001   PAD
    0x0803f434   0x0803f434   0x00000049   Data   RO          219    .conststring        test_positioning.o
    0x0803f47d   0x0803f47d   0x00000003   PAD
    0x0803f480   0x0803f480   0x0000012b   Data   RO          223    .conststring        test_time_sync.o
    0x0803f5ab   0x0803f5ab   0x00000001   PAD
    0x0803f5ac   0x0803f5ac   0x000000a7   Data   RO          231    .conststring        file_binary_array_list_en.o
    0x0803f653   0x0803f653   0x00000001   PAD
    0x0803f654   0x0803f654   0x000000ce   Data   RO          236    .conststring        test_widget.o
    0x0803f722   0x0803f722   0x00000002   PAD
    0x0803f724   0x0803f724   0x00000042   Data   RO          240    .conststring        test_upgrade.o
    0x0803f766   0x0803f766   0x00000002   PAD
    0x0803f768   0x0803f768   0x00000041   Data   RO          245    .conststring        test_upgrade_common_file_transfer.o
    0x0803f7a9   0x0803f7a9   0x00000003   PAD
    0x0803f7ac   0x0803f7ac   0x0000001e   Data   RO          265    .conststring        mdk_app.lib(gdu_logger.o)
    0x0803f7ca   0x0803f7ca   0x00000002   PAD
    0x0803f7cc   0x0803f7cc   0x00000042   Data   RO          270    .conststring        mdk_app.lib(gdu_payload_camera.o)
    0x0803f80e   0x0803f80e   0x00000002   PAD
    0x0803f810   0x0803f810   0x0000004b   Data   RO          277    .conststring        mdk_app.lib(gdu_positioning.o)
    0x0803f85b   0x0803f85b   0x00000001   PAD
    0x0803f85c   0x0803f85c   0x00000091   Data   RO          301    .conststring        mdk_app.lib(gdu_flight_controller.o)
    0x0803f8ed   0x0803f8ed   0x00000003   PAD
    0x0803f8f0   0x0803f8f0   0x00000020   Data   RO          635    Region$$Table       anon$$obj.o


    Execution Region RW_IRAM1 (Exec base: 0x20000000, Load base: 0x0803f910, Size: 0x0001c5f0, Max: 0x00020000, ABSOLUTE, COMPRESSED[0x000001c4])

    Exec Addr    Load Addr    Size         Type   Attr      Idx    E Section Name        Object

    0x20000000   COMPRESSED   0x00000004   Data   RW            7    .data               application.o
    0x20000004   COMPRESSED   0x00000008   Data   RW           16    .data               main.o
    0x2000000c   COMPRESSED   0x00000010   Data   RW           29    .data               led.o
    0x2000001c   COMPRESSED   0x00000004   PAD
    0x20000020   COMPRESSED   0x0000000c   Data   RW           35    .data               pps.o
    0x2000002c   COMPRESSED   0x00000004   Data   RW           53    .data               stm32f4xx_it.o
    0x20000030   COMPRESSED   0x00000004   Data   RW           59    .data               system_stm32f4xx.o
    0x20000034   COMPRESSED   0x00000050   Data   RW           65    .data               uart.o
    0x20000084   COMPRESSED   0x00000028   Data   RW           72    .data               usbh_cdc.o
    0x200000ac   COMPRESSED   0x00000009   Data   RW          106    .data               stm32f4xx_hal.o
    0x200000b5   COMPRESSED   0x00000003   PAD
    0x200000b8   COMPRESSED   0x00000020   Data   RW          182    .data               heap_4.o
    0x200000d8   COMPRESSED   0x0000000c   Data   RW          185    .data               port.o
    0x200000e4   COMPRESSED   0x0000003c   Data   RW          192    .data               tasks.o
    0x20000120   COMPRESSED   0x00000060   Data   RW          207    .data               test_payload_cam_emu_base.o
    0x20000180   COMPRESSED   0x00000006   Data   RW          211    .data               test_fc_subscription.o
    0x20000186   COMPRESSED   0x00000002   PAD
    0x20000188   COMPRESSED   0x00000024   Data   RW          216    .data               test_payload_gimbal_emu.o
    0x200001ac   COMPRESSED   0x00000008   Data   RW          220    .data               test_positioning.o
    0x200001b4   COMPRESSED   0x0000000c   Data   RW          224    .data               test_time_sync.o
    0x200001c0   COMPRESSED   0x00000008   Data   RW          229    .data               test_power_management.o
    0x200001c8   COMPRESSED   0x00000068   Data   RW          232    .data               file_binary_array_list_en.o
    0x20000230   COMPRESSED   0x00000020   Data   RW          237    .data               test_widget.o
    0x20000250   COMPRESSED   0x00000012   Data   RW          241    .data               test_upgrade.o
    0x20000262   COMPRESSED   0x00000002   PAD
    0x20000264   COMPRESSED   0x00000004   Data   RW          246    .data               test_upgrade_common_file_transfer.o
    0x20000268   COMPRESSED   0x00000015   Data   RW          258    .data               mdk_app.lib(gdu_core.o)
    0x2000027d   COMPRESSED   0x00000003   PAD
    0x20000280   COMPRESSED   0x0000002c   Data   RW          261    .data               mdk_app.lib(gdu_gimbal.o)
    0x200002ac   COMPRESSED   0x00000008   Data   RW          266    .data               mdk_app.lib(gdu_logger.o)
    0x200002b4   COMPRESSED   0x000000d1   Data   RW          271    .data               mdk_app.lib(gdu_payload_camera.o)
    0x20000385   COMPRESSED   0x00000003   PAD
    0x20000388   COMPRESSED   0x00000020   Data   RW          273    .data               mdk_app.lib(gdu_platform.o)
    0x200003a8   COMPRESSED   0x00000069   Data   RW          278    .data               mdk_app.lib(gdu_positioning.o)
    0x20000411   COMPRESSED   0x00000003   PAD
    0x20000414   COMPRESSED   0x00000004   Data   RW          280    .data               mdk_app.lib(gdu_power_management.o)
    0x20000418   COMPRESSED   0x00000088   Data   RW          284    .data               mdk_app.lib(gdu_subscribeinfo.o)
    0x200004a0   COMPRESSED   0x00000034   Data   RW          288    .data               mdk_app.lib(gdu_upgrade.o)
    0x200004d4   COMPRESSED   0x00000047   Data   RW          291    .data               mdk_app.lib(gdu_widget.o)
    0x2000051b   COMPRESSED   0x00000005   PAD
    0x20000520   COMPRESSED   0x00000040   Data   RW          297    .data               mdk_app.lib(time_sync.o)
    0x20000560   COMPRESSED   0x00000060   Data   RW          302    .data               mdk_app.lib(gdu_flight_controller.o)
    0x200005c0   COMPRESSED   0x0000001f   Data   RW          306    .data               mdk_app.lib(basemsghandle.o)
    0x200005df   COMPRESSED   0x00000001   PAD
    0x200005e0   COMPRESSED   0x00000004   Data   RW          309    .data               mdk_app.lib(gdu_serial.o)
    0x200005e4   COMPRESSED   0x00000018   Data   RW          312    .data               mdk_app.lib(npc.o)
    0x200005fc   COMPRESSED   0x00000004   Data   RW          593    .data               mc_w.l(stdout.o)
    0x20000600   COMPRESSED   0x00000004   Data   RW          602    .data               mc_w.l(mvars.o)
    0x20000604   COMPRESSED   0x00000004   Data   RW          603    .data               mc_w.l(mvars.o)
    0x20000608   COMPRESSED   0x00000004   Data   RW          607    .data               mc_w.l(errno.o)
    0x2000060c        -       0x0000034c   Zero   RW           52    .bss                stm32f4xx_it.o
    0x20000958        -       0x00003570   Zero   RW           64    .bss                uart.o
    0x20003ec8        -       0x00000400   Zero   RW           70    .bss                usbh_cdc.o
    0x200042c8        -       0x00000044   Zero   RW          101    .bss                upgrade_platform_opt_stm32.o
    0x2000430c        -       0x00000020   Zero   RW          128    .bss                stm32f4xx_hal_flash.o
    0x2000432c        -       0x000124f8   Zero   RW          181    .bss                heap_4.o
    0x20016824        -       0x00000040   Zero   RW          189    .bss                queue.o
    0x20016864        -       0x000000f0   Zero   RW          191    .bss                tasks.o
    0x20016954        -       0x000000ea   Zero   RW          204    .bss                test_payload_cam_emu_base.o
    0x20016a3e   COMPRESSED   0x00000002   PAD
    0x20016a40        -       0x00000098   Zero   RW          213    .bss                test_payload_gimbal_emu.o
    0x20016ad8        -       0x00000168   Zero   RW          234    .bss                test_widget.o
    0x20016c40        -       0x00000044   Zero   RW          243    .bss                test_upgrade_common_file_transfer.o
    0x20016c84        -       0x00000028   Zero   RW          248    .bss                test_upgrade_platform_opt.o
    0x20016cac        -       0x0000001e   Zero   RW          256    .bss                mdk_app.lib(gdu_core.o)
    0x20016cca        -       0x00000400   Zero   RW          263    .bss                mdk_app.lib(gdu_logger.o)
    0x200170ca   COMPRESSED   0x00000002   PAD
    0x200170cc        -       0x000002e4   Zero   RW          268    .bss                mdk_app.lib(gdu_payload_camera.o)
    0x200173b0        -       0x00003a40   Zero   RW          275    .bss                mdk_app.lib(gdu_positioning.o)
    0x2001adf0        -       0x00000ca1   Zero   RW          282    .bss                mdk_app.lib(gdu_subscribeinfo.o)
    0x2001ba91   COMPRESSED   0x00000003   PAD
    0x2001ba94        -       0x00000210   Zero   RW          286    .bss                mdk_app.lib(gdu_upgrade.o)
    0x2001bca4        -       0x000001bc   Zero   RW          290    .bss                mdk_app.lib(gdu_widget.o)
    0x2001be60        -       0x00000150   Zero   RW          299    .bss                mdk_app.lib(gdu_flight_controller.o)
    0x2001bfb0        -       0x00000014   Zero   RW          304    .bss                mdk_app.lib(basemsghandle.o)
    0x2001bfc4        -       0x0000002c   Zero   RW          599    .bss                mc_w.l(localtime_w.o)
    0x2001bff0        -       0x00000200   Zero   RW           37    HEAP                startup_stm32f407xx.o
    0x2001c1f0        -       0x00000400   Zero   RW           36    STACK               startup_stm32f407xx.o


==============================================================================

Image component sizes


      Code (inc. data)   RO Data    RW Data    ZI Data      Debug   Object Name

      2280        970        442          4          0          0   application.o
       176         52         31          0          0          0   apply_high_power.o
      2308         12          0          0          0          0   cmsis_os.o
         0          0      21144        104          0          0   file_binary_array_list_en.o
       596         52          0          0          0          0   flash_if.o
       316          0          0          0          0          0   gdu_ringbuffer.o
       220          0          0          0          0          0   hal_uart.o
       804         38          0         32      75000          0   heap_4.o
       244         12          8         16          0          0   led.o
       148          0          0          0          0          0   list.o
       304         56          0          8          0          0   main.o
       478          0          0          0          0          0   osal.o
       962         52          0         12          0          0   port.o
       364        108         39         12          0          0   pps.o
      3612         16          0          0         64          0   queue.o
        36          8        392          0       1536          0   startup_stm32f407xx.o
       516         40          0          9          0          0   stm32f4xx_hal.o
       976         20          0          0          0          0   stm32f4xx_hal_cortex.o
      2224         28          8          0          0          0   stm32f4xx_hal_dma.o
      1128         32          0          0         32          0   stm32f4xx_hal_flash.o
       988          8          0          0          0          0   stm32f4xx_hal_flash_ex.o
       956         46          0          0          0          0   stm32f4xx_hal_gpio.o
      6060          0          0          0          0          0   stm32f4xx_hal_hcd.o
       840         32          0          0          0          0   stm32f4xx_hal_msp.o
      2376         70          0          0          0          0   stm32f4xx_hal_rcc.o
     15276        346          0          0          0          0   stm32f4xx_hal_tim.o
      6024        192          0          0          0          0   stm32f4xx_hal_tim_ex.o
       176         18          0          0          0          0   stm32f4xx_hal_timebase_tim.o
      5900         52          0          0          0          0   stm32f4xx_hal_uart.o
        64         12          0          4        844          0   stm32f4xx_it.o
      6464        106          0          0          0          0   stm32f4xx_ll_usb.o
       220         28         24          4          0          0   system_stm32f4xx.o
      5668        312          0         60        240          0   tasks.o
      3552       1338        509          6          0          0   test_fc_subscription.o
      8532       2042       1003         96        234          0   test_payload_cam_emu_base.o
      9676       1868        724         36        152          0   test_payload_gimbal_emu.o
      1348        600        129          8          0          0   test_positioning.o
       972        550        106          8          0          0   test_power_management.o
      1156        530        423         12          0          0   test_time_sync.o
      1660        646        193         18          0          0   test_upgrade.o
       920        312        195          4         68          0   test_upgrade_common_file_transfer.o
      1000        570         30          0         40          0   test_upgrade_platform_opt.o
       920        408        481         32        360          0   test_widget.o
      1908        212          0         80      13680          0   uart.o
       436         38          0          0         68          0   upgrade_platform_opt_stm32.o
      2076        164         77         40       1024          0   usbh_cdc.o
       980         12          0          0          0          0   usbh_conf.o
      4310        956        106          0          0          0   usbh_core.o
      1840         66          0          0          0          0   usbh_ctlreq.o
       400          0          0          0          0          0   usbh_ioreq.o
       172          0          0          0          0          0   usbh_pipes.o
      3028        262          0          0          0          0   util_md5.o

    ----------------------------------------------------------------------
    113596      13292      26127        616      93344          0   Object Totals
         0          0         32          0          0          0   (incl. Generated)
         6          0         31         11          2          0   (incl. Padding)

    ----------------------------------------------------------------------

      Code (inc. data)   RO Data    RW Data    ZI Data      Debug   Library Member Name

       300         42          0          0          0          0   asinf.o
       592         90          0          0          0          0   atan2f.o
        38          0          0          0          0          0   fpclassifyf.o
        44         12          0          0          0          0   funder.o
        62          0          0          0          0          0   sqrtf.o
        86          0          0          0          0          0   __dczerorl2.o
        28          0          0          0          0          0   _chval.o
       158          0          0          0          0          0   _strtoul.o
        26          0          0          0          0          0   atoi.o
         8          4        133          0          0          0   ctype_o.o
         0          0          0          0          0          0   entry.o
         0          0          0          0          0          0   entry10a.o
         0          0          0          0          0          0   entry11a.o
         8          4          0          0          0          0   entry2.o
         4          0          0          0          0          0   entry5.o
         0          0          0          0          0          0   entry7b.o
         0          0          0          0          0          0   entry8b.o
         8          4          0          0          0          0   entry9a.o
        20         10          0          4          0          0   errno.o
        30          0          0          0          0          0   handlers.o
        36          8          0          0          0          0   init.o
         0          0          0          0          0          0   iusefp.o
        30          0          0          0          0          0   llshl.o
        36          0          0          0          0          0   llsshr.o
        32          0          0          0          0          0   llushr.o
       140          6         12          0          0          0   localtime_i.o
        12          6          0          0         44          0   localtime_w.o
       188         20          0          0          0          0   malloc.o
        26          0          0          0          0          0   memcmp.o
        36          0          0          0          0          0   memcpya.o
        36          0          0          0          0          0   memseta.o
       168         18         12          0          0          0   mktime.o
         0          0          0          8          0          0   mvars.o
      2414        106          0          0          0          0   printfa.o
         0          0          0          4          0          0   stdout.o
        28          0          0          0          0          0   strcmp.o
        18          0          0          0          0          0   strcpy.o
        14          0          0          0          0          0   strlen.o
        30          0          0          0          0          0   strncmp.o
        24          0          0          0          0          0   strncpy.o
        36          0          0          0          0          0   strstr.o
       112          0          0          0          0          0   strtol.o
        44          0          0          0          0          0   uidiv.o
        98          0          0          0          0          0   uldiv.o
      1268        128         47         31         20          0   basemsghandle.o
        32          0          0          0          0          0   gdu_aircraft_info.o
       224          8          0          0          0          0   gdu_cache.o
      1888        448         77         21         30          0   gdu_core.o
      7948       1590       1273         96        336          0   gdu_flight_controller.o
      1176        112         42         44          0          0   gdu_gimbal.o
       564         98         46          8       1024          0   gdu_logger.o
      9114       1030        372        209        740          0   gdu_payload_camera.o
       164         26          0         32          0          0   gdu_platform.o
      5292        514        207        105      14912          0   gdu_positioning.o
        52          6          0          4          0          0   gdu_power_management.o
       420        140         46          4          0          0   gdu_serial.o
      3684        474         77        136       3233          0   gdu_subscribeinfo.o
      4552        802        158         52        528          0   gdu_upgrade.o
      4116        176          0         71        444          0   gdu_widget.o
       342          0          0          0          0          0   general_linked_list.o
      3904        426         62         24          0          0   npc.o
      1540        396         68         64          0          0   time_sync.o
        48          0          0          0          0          0   cdrcmple.o
       334          0          0          0          0          0   dadd.o
       222          0          0          0          0          0   ddiv.o
       186          0          0          0          0          0   depilogue.o
        62          0          0          0          0          0   dfixi.o
        48          0          0          0          0          0   dfixul.o
        34          0          0          0          0          0   dflti.o
       228          0          0          0          0          0   dmul.o
        38          0          0          0          0          0   f2d.o

    ----------------------------------------------------------------------
     52464       6704       2645        932      21316          0   Library Totals
        14          0         13         15          5          0   (incl. Padding)

    ----------------------------------------------------------------------

      Code (inc. data)   RO Data    RW Data    ZI Data      Debug   Library Name

      1036        144          0          0          0          0   m_wm.l
      3934        186        157         16         44          0   mc_w.l
     46280       6374       2475        901      21267          0   mdk_app.lib
      1200          0          0          0          0          0   mf_w.l

    ----------------------------------------------------------------------
     52464       6704       2645        932      21316          0   Library Totals

    ----------------------------------------------------------------------

==============================================================================


      Code (inc. data)   RO Data    RW Data    ZI Data      Debug   

    166060      19996      28772       1548     114660          0   Grand Totals
    166060      19996      28772        452     114660          0   ELF Image Totals (compressed)
    166060      19996      28772        452          0          0   ROM Totals

==============================================================================

    Total RO  Size (Code + RO Data)               194832 ( 190.27kB)
    Total RW  Size (RW Data + ZI Data)            116208 ( 113.48kB)
    Total ROM Size (Code + RO Data + RW Data)     195284 ( 190.71kB)

==============================================================================

