Component: ARM Compiler 5.06 update 5 (build 528) Tool: armlink [4d35e2]

==============================================================================

Section Cross References

    application.o(.text) refers to memseta.o(.text) for __aeabi_memclr
    application.o(.text) refers to gdu_logger.o(.text) for GduLogger_LogOutput
    application.o(.text) refers to strcmp.o(.text) for strcmp
    application.o(.text) refers to strncpy.o(.text) for strncpy
    application.o(.text) refers to memcpya.o(.text) for __aeabi_memcpy
    application.o(.text) refers to uart.o(.text) for UART_Init
    application.o(.text) refers to led.o(.text) for Led_Init
    application.o(.text) refers to gdu_platform.o(.text) for GduPlatform_RegOsalHandler
    application.o(.text) refers to printfa.o(i.__0printf) for __2printf
    application.o(.text) refers to gdu_core.o(.text) for GduCore_Init
    application.o(.text) refers to gdu_aircraft_info.o(.text) for GduAircraftInfo_GetBaseInfo
    application.o(.text) refers to test_power_management.o(.text) for GduTest_RegApplyHighPowerHandler
    application.o(.text) refers to test_payload_cam_emu_base.o(.text) for GduTest_CameraEmuBaseStartService
    application.o(.text) refers to test_widget.o(.text) for GduTest_WidgetStartService
    application.o(.text) refers to test_fc_subscription.o(.text) for GduTest_FcSubscriptionStartService
    application.o(.text) refers to test_payload_gimbal_emu.o(.text) for GduTest_GimbalStartService
    application.o(.text) refers to test_time_sync.o(.text) for GduTest_TimeSyncRegHandler
    application.o(.text) refers to test_positioning.o(.text) for GduTest_PositioningStartService
    application.o(.text) refers to application.o(.constdata) for __FUNCTION__
    application.o(.text) refers to application.o(.conststring) for .conststring
    application.o(.text) refers to test_playload_ppk.o(.text) for GduTest_PPKStartService
    application.o(.text) refers to test_upgrade.o(.text) for GduTest_UpgradeStartService
    application.o(.text) refers to osal.o(.text) for Osal_TaskSleepMs
    application.o(.text) refers to tasks.o(.text) for xTaskGetCurrentTaskHandle
    application.o(.text) refers to heap_4.o(.text) for xPortGetFreeHeapSize
    application.o(.text) refers to application.o(.data) for runIndicateTaskStep
    application.o(.constdata) refers to osal.o(.text) for Osal_TaskCreate
    application.o(.constdata) refers to application.o(.text) for GduUser_PrintConsole
    application.o(.constdata) refers to hal_uart.o(.text) for HalUart_Init
    application.o(.constdata) refers to apply_high_power.o(.text) for GduTest_HighPowerApplyPinInit
    application.o(.constdata) refers to pps.o(.text) for GduTest_PpsSignalResponseInit
    application.o(.constdata) refers to upgrade_platform_opt_stm32.o(.text) for GduUpgradePlatformStm32_RebootSystem
    hal_uart.o(.text) refers to malloc.o(i.malloc) for malloc
    hal_uart.o(.text) refers to uart.o(.text) for UART_Init
    hal_uart.o(.text) refers to usbh_cdc.o(.text) for USBH_CDC_WriteData
    main.o(.text) refers to memseta.o(.text) for __aeabi_memclr4
    main.o(.text) refers to stm32f4xx_hal_rcc.o(.text) for HAL_RCC_OscConfig
    main.o(.text) refers to stm32f4xx_hal.o(.text) for HAL_Init
    main.o(.text) refers to tasks.o(.text) for xTaskCreate
    main.o(.text) refers to main.o(.data) for startTask
    main.o(.text) refers to application.o(.text) for GduUser_StartTask
    osal.o(.text) refers to strncpy.o(.text) for strncpy
    osal.o(.text) refers to tasks.o(.text) for xTaskCreate
    osal.o(.text) refers to queue.o(.text) for xQueueCreateMutex
    osal.o(.text) refers to heap_4.o(.text) for pvPortMalloc
    flash_if.o(.text) refers to stm32f4xx_hal_flash.o(.text) for HAL_FLASH_Unlock
    flash_if.o(.text) refers to stm32f4xx_hal_flash_ex.o(.text) for HAL_FLASHEx_Erase
    freertos.o(.text) refers to freertos.o(.bss) for xIdleTaskTCBBuffer
    led.o(.text) refers to stm32f4xx_hal_gpio.o(.text) for HAL_GPIO_Init
    led.o(.text) refers to led.o(.constdata) for s_ledPin
    led.o(.text) refers to led.o(.data) for s_ledPort
    pps.o(.text) refers to osal.o(.text) for Osal_GetTimeMs
    pps.o(.text) refers to gdu_logger.o(.text) for GduLogger_LogOutput
    pps.o(.text) refers to stm32f4xx_hal_gpio.o(.text) for HAL_GPIO_Init
    pps.o(.text) refers to stm32f4xx_hal_cortex.o(.text) for HAL_NVIC_SetPriority
    pps.o(.text) refers to pps.o(.data) for s_ppsNewestTriggerLocalTimeMs
    pps.o(.text) refers to pps.o(.constdata) for __FUNCTION__
    startup_stm32f407xx.o(RESET) refers to startup_stm32f407xx.o(STACK) for __initial_sp
    startup_stm32f407xx.o(RESET) refers to startup_stm32f407xx.o(.text) for Reset_Handler
    startup_stm32f407xx.o(RESET) refers to stm32f4xx_it.o(.text) for NMI_Handler
    startup_stm32f407xx.o(RESET) refers to port.o(.emb_text) for SVC_Handler
[...]
    osKernelSysTick                          0x08020689   Thumb Code    20  cmsis_os.o(.text)
    osThreadCreate                           0x0802069d   Thumb Code    48  cmsis_os.o(.text)
    osThreadGetId                            0x080206cd   Thumb Code     8  cmsis_os.o(.text)
    osThreadTerminate                        0x080206d5   Thumb Code    14  cmsis_os.o(.text)
    osThreadYield                            0x080206e3   Thumb Code    20  cmsis_os.o(.text)
    osThreadSetPriority                      0x080206f7   Thumb Code    26  cmsis_os.o(.text)
    osThreadGetPriority                      0x08020711   Thumb Code    38  cmsis_os.o(.text)
    osDelay                                  0x08020737   Thumb Code    24  cmsis_os.o(.text)
    osTimerCreate                            0x0802074f   Thumb Code     6  cmsis_os.o(.text)
    osTimerStart                             0x08020755   Thumb Code     8  cmsis_os.o(.text)
    osTimerStop                              0x0802075d   Thumb Code     8  cmsis_os.o(.text)
    osTimerDelete                            0x08020765   Thumb Code     8  cmsis_os.o(.text)
    osSignalSet                              0x0802076d   Thumb Code    92  cmsis_os.o(.text)
    osSignalWait                             0x080207c9   Thumb Code    98  cmsis_os.o(.text)
    osMutexCreate                            0x0802082b   Thumb Code    12  cmsis_os.o(.text)
    osMutexWait                              0x08020837   Thumb Code   100  cmsis_os.o(.text)
    osMutexRelease                           0x0802089b   Thumb Code    76  cmsis_os.o(.text)
    osMutexDelete                            0x080208e7   Thumb Code    24  cmsis_os.o(.text)
    osSemaphoreCreate                        0x080208ff   Thumb Code    50  cmsis_os.o(.text)
    osSemaphoreWait                          0x08020931   Thumb Code   100  cmsis_os.o(.text)
    osSemaphoreRelease                       0x08020995   Thumb Code    76  cmsis_os.o(.text)
    osSemaphoreDelete                        0x080209e1   Thumb Code    24  cmsis_os.o(.text)
    osPoolCreate                             0x080209f9   Thumb Code   112  cmsis_os.o(.text)
    osPoolAlloc                              0x08020a69   Thumb Code   130  cmsis_os.o(.text)
    osPoolCAlloc                             0x08020aeb   Thumb Code    22  cmsis_os.o(.text)
    osPoolFree                               0x08020b01   Thumb Code    74  cmsis_os.o(.text)
    osMessageCreate                          0x08020b4b   Thumb Code    18  cmsis_os.o(.text)
    osMessagePut                             0x08020b5d   Thumb Code    92  cmsis_os.o(.text)
    osMessageGet                             0x08020bb9   Thumb Code   150  cmsis_os.o(.text)
    osMailCreate                             0x08020c4f   Thumb Code   122  cmsis_os.o(.text)
    osMailAlloc                              0x08020cc9   Thumb Code    24  cmsis_os.o(.text)
    osMailCAlloc                             0x08020ce1   Thumb Code    44  cmsis_os.o(.text)
    osMailPut                                0x08020d0d   Thumb Code    90  cmsis_os.o(.text)
    osMailGet                                0x08020d67   Thumb Code   146  cmsis_os.o(.text)
    osMailFree                               0x08020df9   Thumb Code    22  cmsis_os.o(.text)
    osSystickHandler                         0x08020e0f   Thumb Code    16  cmsis_os.o(.text)
    osThreadSuspend                          0x08020e1f   Thumb Code    14  cmsis_os.o(.text)
    osThreadResume                           0x08020e2d   Thumb Code    46  cmsis_os.o(.text)
    osThreadSuspendAll                       0x08020e5b   Thumb Code    10  cmsis_os.o(.text)
    osThreadResumeAll                        0x08020e65   Thumb Code    18  cmsis_os.o(.text)
    osDelayUntil                             0x08020e77   Thumb Code     6  cmsis_os.o(.text)
    osAbortDelay                             0x08020e7d   Thumb Code     6  cmsis_os.o(.text)
    osThreadList                             0x08020e83   Thumb Code     6  cmsis_os.o(.text)
    osMessagePeek                            0x08020e89   Thumb Code    86  cmsis_os.o(.text)
    osMessageWaiting                         0x08020edf   Thumb Code    26  cmsis_os.o(.text)
    osMessageAvailableSpace                  0x08020ef9   Thumb Code    12  cmsis_os.o(.text)
    osMessageDelete                          0x08020f05   Thumb Code    24  cmsis_os.o(.text)
    osRecursiveMutexCreate                   0x08020f1d   Thumb Code     6  cmsis_os.o(.text)
    osRecursiveMutexRelease                  0x08020f23   Thumb Code     6  cmsis_os.o(.text)
    osRecursiveMutexWait                     0x08020f29   Thumb Code     6  cmsis_os.o(.text)
    osSemaphoreGetCount                      0x08020f2f   Thumb Code    12  cmsis_os.o(.text)
    pvPortMalloc                             0x08021001   Thumb Code   306  heap_4.o(.text)
    vPortFree                                0x08021133   Thumb Code   150  heap_4.o(.text)
    xPortGetFreeHeapSize                     0x080211c9   Thumb Code     6  heap_4.o(.text)
    xPortGetMinimumEverFreeHeapSize          0x080211cf   Thumb Code     6  heap_4.o(.text)
    vPortInitialiseBlocks                    0x080211d5   Thumb Code     2  heap_4.o(.text)
    vPortGetHeapStats                        0x080211d7   Thumb Code   104  heap_4.o(.text)
    pxPortInitialiseStack                    0x080212a1   Thumb Code    38  port.o(.text)
    vPortSetupTimerInterrupt                 0x080212c7   Thumb Code    26  port.o(.text)
    xPortStartScheduler                      0x080212e1   Thumb Code   288  port.o(.text)
    vPortEndScheduler                        0x08021401   Thumb Code    42  port.o(.text)
    vPortEnterCritical                       0x0802142b   Thumb Code    78  port.o(.text)
    vPortExitCritical                        0x08021479   Thumb Code    56  port.o(.text)
    SysTick_Handler                          0x080214b1   Thumb Code    48  port.o(.text)
    vPortValidateInterruptPriority           0x080214e1   Thumb Code   108  port.o(.text)
    vListInitialise                          0x08021571   Thumb Code    26  list.o(.text)
    vListInitialiseItem                      0x0802158b   Thumb Code     6  list.o(.text)
    vListInsertEnd                           0x08021591   Thumb Code    24  list.o(.text)
    vListInsert                              0x080215a9   Thumb Code    52  list.o(.text)
    uxListRemove                             0x080215dd   Thumb Code    40  list.o(.text)
    xQueueGenericReset                       0x08021605   Thumb Code   146  queue.o(.text)
    xQueueGenericCreate                      0x080216bd   Thumb Code    84  queue.o(.text)
    xQueueGenericSend                        0x0802182b   Thumb Code   420  queue.o(.text)
    xQueueCreateMutex                        0x080219ed   Thumb Code    34  queue.o(.text)
    xQueueCreateCountingSemaphore            0x08021a0f   Thumb Code    98  queue.o(.text)
    xQueueGenericSendFromISR                 0x08021a71   Thumb Code   252  queue.o(.text)
    xQueueGiveFromISR                        0x08021b6d   Thumb Code   224  queue.o(.text)
    xQueueReceive                            0x08021c91   Thumb Code   356  queue.o(.text)
    xQueueSemaphoreTake                      0x08021e09   Thumb Code   434  queue.o(.text)
    xQueuePeek                               0x08021fbb   Thumb Code   366  queue.o(.text)
    xQueueReceiveFromISR                     0x08022129   Thumb Code   202  queue.o(.text)
    xQueuePeekFromISR                        0x080221f3   Thumb Code   176  queue.o(.text)
    uxQueueMessagesWaiting                   0x080222a3   Thumb Code    42  queue.o(.text)
    uxQueueSpacesAvailable                   0x080222cd   Thumb Code    48  queue.o(.text)
    uxQueueMessagesWaitingFromISR            0x080222fd   Thumb Code    34  queue.o(.text)
    vQueueUnregisterQueue                    0x0802231f   Thumb Code    44  queue.o(.text)
    vQueueDelete                             0x0802234b   Thumb Code    44  queue.o(.text)
    xQueueIsQueueEmptyFromISR                0x08022377   Thumb Code    42  queue.o(.text)
    xQueueIsQueueFullFromISR                 0x080223a1   Thumb Code    46  queue.o(.text)
    vQueueAddToRegistry                      0x080223cf   Thumb Code    38  queue.o(.text)
    pcQueueGetName                           0x080223f5   Thumb Code    38  queue.o(.text)
    xTaskCreate                              0x080225b1   Thumb Code    96  tasks.o(.text)
    vTaskDelete                              0x0802264d   Thumb Code   202  tasks.o(.text)
    xTaskIncrementTick                       0x08022717   Thumb Code   362  tasks.o(.text)
    xTaskResumeAll                           0x08022881   Thumb Code   224  tasks.o(.text)
    vTaskSuspendAll                          0x080229dd   Thumb Code    12  tasks.o(.text)
    vTaskDelay                               0x080229e9   Thumb Code    82  tasks.o(.text)
    uxTaskPriorityGet                        0x08022a3b   Thumb Code    30  tasks.o(.text)
    uxTaskPriorityGetFromISR                 0x08022a59   Thumb Code    62  tasks.o(.text)
    vTaskPrioritySet                         0x08022a97   Thumb Code   260  tasks.o(.text)
    vTaskSwitchContext                       0x08022b9b   Thumb Code   118  tasks.o(.text)
    vTaskSuspend                             0x08022c11   Thumb Code   268  tasks.o(.text)
    vTaskResume                              0x08022d6d   Thumb Code   128  tasks.o(.text)
    xTaskResumeFromISR                       0x08022ded   Thumb Code   158  tasks.o(.text)
    vTaskStartScheduler                      0x08022ee7   Thumb Code   108  tasks.o(.text)
    vTaskEndScheduler                        0x08022f53   Thumb Code    32  tasks.o(.text)
    xTaskGetTickCount                        0x08022f73   Thumb Code     6  tasks.o(.text)
    xTaskGetTickCountFromISR                 0x08022f79   Thumb Code    16  tasks.o(.text)
    uxTaskGetNumberOfTasks                   0x08022f89   Thumb Code     6  tasks.o(.text)
    pcTaskGetName                            0x08022f8f   Thumb Code    44  tasks.o(.text)
    xTaskCatchUpTicks                        0x08022fbb   Thumb Code    66  tasks.o(.text)
    vTaskPlaceOnEventList                    0x08022ffd   Thumb Code    52  tasks.o(.text)
    vTaskPlaceOnUnorderedEventList           0x08023031   Thumb Code   172  tasks.o(.text)
    xTaskRemoveFromEventList                 0x080230dd   Thumb Code   128  tasks.o(.text)
    vTaskRemoveFromUnorderedEventList        0x0802315d   Thumb Code   142  tasks.o(.text)
    vTaskSetTimeOutState                     0x080231eb   Thumb Code    50  tasks.o(.text)
    vTaskInternalSetTimeOutState             0x0802321d   Thumb Code    14  tasks.o(.text)
    xTaskCheckForTimeOut                     0x0802322b   Thumb Code   132  tasks.o(.text)
    vTaskMissedYield                         0x080232af   Thumb Code     8  tasks.o(.text)
    xTaskGetCurrentTaskHandle                0x080232b7   Thumb Code     6  tasks.o(.text)
    xTaskGetSchedulerState                   0x080232bd   Thumb Code    24  tasks.o(.text)
    xTaskPriorityInherit                     0x080232d5   Thumb Code   172  tasks.o(.text)
    xTaskPriorityDisinherit                  0x08023381   Thumb Code   188  tasks.o(.text)
    vTaskPriorityDisinheritAfterTimeout      0x0802343d   Thumb Code   256  tasks.o(.text)
    uxTaskResetEventItemValue                0x0802353d   Thumb Code    24  tasks.o(.text)
    pvTaskIncrementMutexHeldCount            0x08023555   Thumb Code    26  tasks.o(.text)
    ulTaskNotifyTake                         0x0802356f   Thumb Code   108  tasks.o(.text)
    xTaskNotifyWait                          0x080235db   Thumb Code   150  tasks.o(.text)
    xTaskGenericNotify                       0x08023671   Thumb Code   280  tasks.o(.text)
    xTaskGenericNotifyFromISR                0x08023789   Thumb Code   334  tasks.o(.text)
    vTaskNotifyGiveFromISR                   0x080238d7   Thumb Code   246  tasks.o(.text)
    xTaskNotifyStateClear                    0x080239cd   Thumb Code    48  tasks.o(.text)
    ulTaskNotifyValueClear                   0x080239fd   Thumb Code    46  tasks.o(.text)
    HAL_HCD_MspInit                          0x08023a45   Thumb Code   160  usbh_conf.o(.text)
    HAL_HCD_MspDeInit                        0x08023ae5   Thumb Code    46  usbh_conf.o(.text)
    HAL_HCD_SOF_Callback                     0x08023b13   Thumb Code    14  usbh_conf.o(.text)
    HAL_HCD_Connect_Callback                 0x08023b21   Thumb Code    14  usbh_conf.o(.text)
    HAL_HCD_Disconnect_Callback              0x08023b2f   Thumb Code    14  usbh_conf.o(.text)
    HAL_HCD_HC_NotifyURBChange_Callback      0x08023b3d   Thumb Code    18  usbh_conf.o(.text)
    HAL_HCD_PortEnabled_Callback             0x08023b4f   Thumb Code    14  usbh_conf.o(.text)
    HAL_HCD_PortDisabled_Callback            0x08023b5d   Thumb Code    14  usbh_conf.o(.text)
    USBH_LL_Init                             0x08023b6b   Thumb Code    82  usbh_conf.o(.text)
    USBH_Get_USB_Status                      0x08023bbd   Thumb Code    44  usbh_conf.o(.text)
    USBH_LL_DeInit                           0x08023be9   Thumb Code    30  usbh_conf.o(.text)
    USBH_LL_Start                            0x08023c07   Thumb Code    30  usbh_conf.o(.text)
    USBH_LL_Stop                             0x08023c25   Thumb Code    30  usbh_conf.o(.text)
    USBH_LL_GetSpeed                         0x08023c43   Thumb Code    48  usbh_conf.o(.text)
    USBH_LL_ResetPort                        0x08023c73   Thumb Code    30  usbh_conf.o(.text)
    USBH_LL_GetLastXferSize                  0x08023c91   Thumb Code    18  usbh_conf.o(.text)
    USBH_LL_OpenPipe                         0x08023ca3   Thumb Code    64  usbh_conf.o(.text)
    USBH_LL_ClosePipe                        0x08023ce3   Thumb Code    38  usbh_conf.o(.text)
    USBH_LL_SubmitURB                        0x08023d09   Thumb Code    64  usbh_conf.o(.text)
    USBH_LL_GetURBState                      0x08023d49   Thumb Code    18  usbh_conf.o(.text)
    USBH_LL_DriverVBUS                       0x08023d5b   Thumb Code    26  usbh_conf.o(.text)
    USBH_LL_SetToggle                        0x08023d75   Thumb Code    70  usbh_conf.o(.text)
    USBH_LL_GetToggle                        0x08023dbb   Thumb Code    70  usbh_conf.o(.text)
    USBH_Delay                               0x08023e01   Thumb Code    12  usbh_conf.o(.text)
    GduTest_CameraGetOpticalZoomFactor       0x08025b0d   Thumb Code   496  test_payload_cam_emu_base.o(.text)
    GduTest_CameraGetDigitalZoomFactor       0x08025cfd   Thumb Code   144  test_payload_cam_emu_base.o(.text)
    GduTest_CameraGetMode                    0x08025d8d   Thumb Code   140  test_payload_cam_emu_base.o(.text)
    GduTest_CameraEmuBaseStartService        0x08025e19   Thumb Code  1366  test_payload_cam_emu_base.o(.text)
    GduTest_CameraGetVideoStreamType         0x0802636f   Thumb Code    26  test_payload_cam_emu_base.o(.text)
    GduTest_CameraIsInited                   0x08026389   Thumb Code     6  test_payload_cam_emu_base.o(.text)
    GduReceiveGpsPositionCallback            0x08026535   Thumb Code    16  test_fc_subscription.o(.text)
    GduTest_FcSubscriptionStartService       0x0802672d   Thumb Code   178  test_fc_subscription.o(.text)
    GduTest_FcSubscriptionRunSample          0x08026c6b   Thumb Code  1466  test_fc_subscription.o(.text)
    GduTest_FcSubscriptionDataShowTrigger    0x08027225   Thumb Code    18  test_fc_subscription.o(.text)
    GduTest_FcSubscriptionGetTotalSatelliteNumber 0x08027237   Thumb Code    14  test_fc_subscription.o(.text)
    GduTest_GimbalRotate                     0x08028bd9   Thumb Code  1462  test_payload_gimbal_emu.o(.text)
    GduTest_GimbalStartService               0x08029451   Thumb Code   350  test_payload_gimbal_emu.o(.text)
    GduTest_GimbalDeInit                     0x080295af   Thumb Code   234  test_payload_gimbal_emu.o(.text)
    GduTest_PositioningStartService          0x08029aa9   Thumb Code   128  test_positioning.o(.text)
    GduTest_TimeSyncRegHandler               0x08029d81   Thumb Code    70  test_time_sync.o(.text)
    GduTest_TimeSyncStartService             0x08029ec9   Thumb Code   256  test_time_sync.o(.text)
    GduTest_TimeSyncGetNewestPpsTriggerLocalTimeUs 0x08029fc9   Thumb Code    42  test_time_sync.o(.text)
    UtilMd5_Transform                        0x0802a205   Thumb Code  2434  util_md5.o(.text)
    UtilMd5_Init                             0x0802ab87   Thumb Code    30  util_md5.o(.text)
    UtilMd5_Update                           0x0802aba5   Thumb Code    68  util_md5.o(.text)
    UtilMd5_Final                            0x0802abe9   Thumb Code   234  util_md5.o(.text)
    GduTest_RegApplyHighPowerHandler         0x0802add9   Thumb Code    70  test_power_management.o(.text)
    GduTest_PowerManagementStartService      0x0802ae1f   Thumb Code   322  test_power_management.o(.text)
    GduTest_WidgetStartService               0x0802b22b   Thumb Code   232  test_widget.o(.text)
    GduTest_WidgetSetConfigFilePath          0x0802b313   Thumb Code    62  test_widget.o(.text)
    GduTest_WidgetLogAppend                  0x0802b351   Thumb Code     2  test_widget.o(.text)
    GduTest_UpgradeStartService              0x0802b6e1   Thumb Code   494  test_upgrade.o(.text)
    GduTestCommonFileTransfer_Start          0x0802bbb9   Thumb Code    86  test_upgrade_common_file_transfer.o(.text)
    GduTestCommonFileTransfer_getTransferProccess 0x0802bc0f   Thumb Code    18  test_upgrade_common_file_transfer.o(.text)
    GduTestCommonFileTransfer_Transfer       0x0802bc21   Thumb Code   118  test_upgrade_common_file_transfer.o(.text)
    GduTestCommonFileTransfer_Finish         0x0802bd7f   Thumb Code   154  test_upgrade_common_file_transfer.o(.text)
    GduTest_RegUpgradePlatformOpt            0x0802bf51   Thumb Code   280  test_upgrade_platform_opt.o(.text)
    GduTest_RebootSystem                     0x0802c069   Thumb Code    10  test_upgrade_platform_opt.o(.text)
    GduTest_CleanUpgradeProgramFileStoreArea 0x0802c073   Thumb Code    10  test_upgrade_platform_opt.o(.text)
    GduTest_CreateUpgradeProgramFile         0x0802c07d   Thumb Code    14  test_upgrade_platform_opt.o(.text)
    GduTest_WriteUpgradeProgramFile          0x0802c08b   Thumb Code    22  test_upgrade_platform_opt.o(.text)
    GduTest_ReadUpgradeProgramFile           0x0802c0a1   Thumb Code    32  test_upgrade_platform_opt.o(.text)
    GduTest_CloseUpgradeProgramFile          0x0802c0c1   Thumb Code    10  test_upgrade_platform_opt.o(.text)
    GduTest_ReplaceOldProgram                0x0802c0cb   Thumb Code    10  test_upgrade_platform_opt.o(.text)
    GduTest_SetUpgradeRebootState            0x0802c0d5   Thumb Code    14  test_upgrade_platform_opt.o(.text)
    GduTest_GetUpgradeRebootState            0x0802c0e3   Thumb Code    18  test_upgrade_platform_opt.o(.text)
    GduTest_CleanUpgradeRebootState          0x0802c0f5   Thumb Code    10  test_upgrade_platform_opt.o(.text)
    GduTest_PPKEventPinInit                  0x0802c339   Thumb Code    24  test_playload_ppk.o(.text)
    GduTest_PPKEventTrigger                  0x0802c351   Thumb Code    26  test_playload_ppk.o(.text)
    GduTest_PPKStartService                  0x0802c425   Thumb Code   138  test_playload_ppk.o(.text)
    GduAircraftInfo_GetBaseInfo              0x0802c5b5   Thumb Code     8  gdu_aircraft_info.o(.text)
    GduAircraftInfo_GetMobileAppInfo         0x0802c5bd   Thumb Code    24  gdu_aircraft_info.o(.text)
    GduCore_SendData                         0x0802c779   Thumb Code    32  gdu_core.o(.text)
    GduCore_SetAliasMsgSend                  0x0802c799   Thumb Code   158  gdu_core.o(.text)
    GduCore_Init                             0x0802c8f7   Thumb Code   268  gdu_core.o(.text)
    GduCore_SetAlias                         0x0802ca03   Thumb Code    26  gdu_core.o(.text)
    GduCore_ApplicationStart                 0x0802ca1d   Thumb Code    22  gdu_core.o(.text)
    GduCore_Reg_FunList                      0x0802ca33   Thumb Code   144  gdu_core.o(.text)
    GduCore_Del_FunList                      0x0802cac3   Thumb Code    72  gdu_core.o(.text)
    GduCode_GetIdInfo                        0x0802cb0b   Thumb Code    74  gdu_core.o(.text)
    GduCore_Subscibe                         0x0802cb55   Thumb Code   496  gdu_core.o(.text)
    GduCoreGetRecvQueuePercentUsed           0x0802cd45   Thumb Code    14  gdu_core.o(.text)
    GduCoreGetSendQueuePercentUsed           0x0802cd53   Thumb Code    14  gdu_core.o(.text)
    GduGimbal_RegCommonHandler               0x0802cd65   Thumb Code   118  gdu_gimbal.o(.text)
    GimbalSetMode                            0x0802cddb   Thumb Code    60  gdu_gimbal.o(.text)
    GimbalReset                              0x0802ce17   Thumb Code    44  gdu_gimbal.o(.text)
    ctrlDeviceCheck                          0x0802ce43   Thumb Code    30  gdu_gimbal.o(.text)
    GduGimbal_Init                           0x0802d227   Thumb Code    62  gdu_gimbal.o(.text)
    GduGimbal_DeInit                         0x0802d265   Thumb Code     6  gdu_gimbal.o(.text)
    GduLogger_LogInit                        0x0802d80d   Thumb Code    16  gdu_logger.o(.text)
    GduLogger_AddConsole                     0x0802d81d   Thumb Code    68  gdu_logger.o(.text)
    Gdu_LogColourSet                         0x0802d861   Thumb Code    56  gdu_logger.o(.text)
    GduLogger_LogOutput                      0x0802d94d   Thumb Code   118  gdu_logger.o(.text)
    GduLogger_LogBin                         0x0802d9c3   Thumb Code    28  gdu_logger.o(.text)
    GduCam_TakeVideoStatus                   0x0802ddc3   Thumb Code   116  gdu_payload_camera.o(.text)
    GduPayloadCamera_Init                    0x0802df35   Thumb Code   242  gdu_payload_camera.o(.text)
    GduPayloadCamera_RegCommonHandler        0x0802e027   Thumb Code   148  gdu_payload_camera.o(.text)
    GduPayloadCamera_RegExposureMeteringHandler 0x0802e0bb   Thumb Code    92  gdu_payload_camera.o(.text)
    GduPayloadCamera_RegFocusHandler         0x0802e117   Thumb Code   112  gdu_payload_camera.o(.text)
    GduPayloadCamera_RegDigitalZoomHandler   0x0802e187   Thumb Code    84  gdu_payload_camera.o(.text)
    GduPayloadCamera_RegOpticalZoomHandler   0x0802e1db   Thumb Code   100  gdu_payload_camera.o(.text)
    GduPayloadCamera_RegTapZoomHandler       0x0802e23f   Thumb Code   100  gdu_payload_camera.o(.text)
    GduPayloadCamera_SetVideoStreamType      0x0802e2a3   Thumb Code     8  gdu_payload_camera.o(.text)
    GduPayloadCamera_GetVideoStreamRemoteAddress 0x0802e2ab   Thumb Code    10  gdu_payload_camera.o(.text)
    GduPayloadCamera_GetVideoStreamState     0x0802e2b7   Thumb Code     8  gdu_payload_camera.o(.text)
    GduPayloadCamera_PushAddedMediaFileInfo  0x0802e2bf   Thumb Code    10  gdu_payload_camera.o(.text)
    GduPayloadCamera_GetCameraTypeOfPayload  0x0802e2c9   Thumb Code    10  gdu_payload_camera.o(.text)
    GduPayloadCamera_GetCameraOpticalZoomSpecOfPayload 0x0802e2d3   Thumb Code    10  gdu_payload_camera.o(.text)
    GduPayloadCamera_GetCameraHybridZoomFocalLengthOfPayload 0x0802e2dd   Thumb Code    10  gdu_payload_camera.o(.text)
    GduCam_GetParam                          0x0802e2e7   Thumb Code   980  gdu_payload_camera.o(.text)
    GduCam_SetMode                           0x0802e6bb   Thumb Code   202  gdu_payload_camera.o(.text)
    GduCam_Cmd                               0x0802e7d9   Thumb Code   416  gdu_payload_camera.o(.text)
    GduCam_SetShootPhotoP                    0x0802e979   Thumb Code   228  gdu_payload_camera.o(.text)
    GduCam_ShootPhoto                        0x0802ea5d   Thumb Code   500  gdu_payload_camera.o(.text)
    GduCam_SetShootPhotoPar                  0x0802ec51   Thumb Code   238  gdu_payload_camera.o(.text)
    GduCam_RecordVideo                       0x0802ed3f   Thumb Code   354  gdu_payload_camera.o(.text)
    GduCam_FormatSDCard                      0x0802eea1   Thumb Code   236  gdu_payload_camera.o(.text)
    GduCam_Focus                             0x0802ef8d   Thumb Code   514  gdu_payload_camera.o(.text)
    GduCam_DigitalZoomFocus                  0x0802f18f   Thumb Code     8  gdu_payload_camera.o(.text)
    GduCam_OpticalZoomFocal                  0x0802f197   Thumb Code   224  gdu_payload_camera.o(.text)
    GduCam_OpticalZoomFocalParSet            0x0802f277   Thumb Code   162  gdu_payload_camera.o(.text)
    GduCam_Metering                          0x0802f319   Thumb Code   308  gdu_payload_camera.o(.text)
    GduCam_DigitalZoomFactor                 0x0802f44d   Thumb Code   198  gdu_payload_camera.o(.text)
    GduPlatform_RegHalUartHandler            0x08030381   Thumb Code    20  gdu_platform.o(.text)
    GduPlatform_RegHalUsbBulkHandler         0x08030395   Thumb Code    20  gdu_platform.o(.text)
    GduPlatform_RegHalNetworkHandler         0x080303a9   Thumb Code    20  gdu_platform.o(.text)
    GduPlatform_RegOsalHandler               0x080303bd   Thumb Code    20  gdu_platform.o(.text)
    GduPlatform_RegFileSystemHandler         0x080303d1   Thumb Code    20  gdu_platform.o(.text)
    GduPlatform_RegSocketHandler             0x080303e5   Thumb Code    20  gdu_platform.o(.text)
    GduPlatform_GetOsalHandler               0x080303f9   Thumb Code     6  gdu_platform.o(.text)
    GduPlatform_GetFileSystemHandler         0x080303ff   Thumb Code     6  gdu_platform.o(.text)
    GduPlatform_GetSocketHandler             0x08030405   Thumb Code     6  gdu_platform.o(.text)
    GduPositioning_getDate                   0x08030569   Thumb Code    34  gdu_positioning.o(.text)
    GduPositioning_setFlag                   0x08030cf7   Thumb Code     6  gdu_positioning.o(.text)
    GduPositioning_Init                      0x08030f1b   Thumb Code   102  gdu_positioning.o(.text)
    GduPositioning_SetTaskIndex              0x08030f81   Thumb Code     2  gdu_positioning.o(.text)
    GduPositioning_GetPositionInformationSync 0x08031073   Thumb Code  2314  gdu_positioning.o(.text)
    GduPowerManagement_Init                  0x08031b11   Thumb Code    14  gdu_power_management.o(.text)
    GduPowerManagement_ApplyHighPowerSync    0x08031b1f   Thumb Code    20  gdu_power_management.o(.text)
    GduPowerManagement_RegWriteHighPowerApplyPinCallback 0x08031b33   Thumb Code    12  gdu_power_management.o(.text)
    GduPPK_Init                              0x08031dfb   Thumb Code   158  gdu_ppk.o(.text)
    GduPPK_RegHandlerList                    0x08031e99   Thumb Code    34  gdu_ppk.o(.text)
    utc2gps                                  0x08031ebb   Thumb Code   314  gdu_ppk.o(.text)
    GduPPK_GetQianXunEventData               0x08031ff5   Thumb Code   324  gdu_ppk.o(.text)
    GduPPK_GetRawData                        0x08032139   Thumb Code    90  gdu_ppk.o(.text)
    GduPPK_GetRawDataCount                   0x08032193   Thumb Code    24  gdu_ppk.o(.text)
    GduFcSubscription_getPosSolutionProperty 0x080321bd   Thumb Code     6  gdu_subscribeinfo.o(.text)
    GduPayloadSubscribe_Init                 0x08032b8d   Thumb Code    78  gdu_subscribeinfo.o(.text)
    GduFcSubscription_Init                   0x08032bdb   Thumb Code    22  gdu_subscribeinfo.o(.text)
    GduFcSubscription_DeInit                 0x08032bf1   Thumb Code    22  gdu_subscribeinfo.o(.text)
    GduFcSubscription_SubscribeTopic         0x08032c07   Thumb Code   128  gdu_subscribeinfo.o(.text)
    GduFcSubscription_GetLatestValueOfTopic  0x08032c87   Thumb Code    32  gdu_subscribeinfo.o(.text)
    getPostioningInfo                        0x08032ca7   Thumb Code     4  gdu_subscribeinfo.o(.text)
    get_isFpvOn                              0x08032ecd   Thumb Code     6  gdu_subscribeinfo.o(.text)
    GduUpdate_ftp_connect                    0x0803368d   Thumb Code   120  gdu_upgrade.o(.text)
    GduUpdate_req_fileinfo                   0x08033705   Thumb Code   128  gdu_upgrade.o(.text)
    GduUpdate_req_download                   0x08033785   Thumb Code   146  gdu_upgrade.o(.text)
    StringToHex                              0x08033817   Thumb Code   188  gdu_upgrade.o(.text)
    HandleRequest_Message                    0x080338d3   Thumb Code   982  gdu_upgrade.o(.text)
    HandleRequestAckMessage                  0x08033ca9   Thumb Code   216  gdu_upgrade.o(.text)
    GduUpgrade_Init                          0x08033dc5   Thumb Code   118  gdu_upgrade.o(.text)
    GduUpgrade_EnableLocalUpgrade            0x08033e3b   Thumb Code     6  gdu_upgrade.o(.text)
    GduUpgrade_RegHandler                    0x08033e41   Thumb Code    18  gdu_upgrade.o(.text)
    GduUpgrade_PushUpgradeState              0x08033e53   Thumb Code   140  gdu_upgrade.o(.text)
    GduWidget_Init                           0x08034935   Thumb Code    94  gdu_widget.o(.text)
    GduWidget_RegDefaultUiConfigByDirPath    0x08034993   Thumb Code     8  gdu_widget.o(.text)
    GduWidget_RegUiConfigByDirPath           0x0803499b   Thumb Code    12  gdu_widget.o(.text)
    GduWidget_RegDefaultUiConfigByBinaryArray 0x080349a7   Thumb Code    44  gdu_widget.o(.text)
    GduWidget_RegUiConfigByBinaryArray       0x080349d3   Thumb Code    12  gdu_widget.o(.text)
    GduWidget_RegHandlerList                 0x080349df   Thumb Code    30  gdu_widget.o(.text)
    GduWidgetFloatingWindow_ShowMessage      0x080349fd   Thumb Code   236  gdu_widget.o(.text)
    GduWidgetFloatingWindow_GetChannelState  0x08034ae9   Thumb Code     8  gdu_widget.o(.text)
    get_timeSyncMsg                          0x08035279   Thumb Code    24  time_sync.o(.text)
    standard_to_stamp                        0x08035291   Thumb Code   108  time_sync.o(.text)
    GduTimeSync_Init                         0x08035615   Thumb Code   428  time_sync.o(.text)
    GduTimeSync_RegGetNewestPpsTriggerTimeCallback 0x080357c1   Thumb Code    12  time_sync.o(.text)
    GduTimeSync_TransferToAircraftTime       0x080357cd   Thumb Code   180  time_sync.o(.text)
    get_adaptRingSn                          0x08035a0d   Thumb Code    16  basemsghandle.o(.text)
    get_comId                                0x08035a1d   Thumb Code     6  basemsghandle.o(.text)
    get_appInfo                              0x08035a23   Thumb Code    14  basemsghandle.o(.text)
    baseMessage_requestComID                 0x08035a59   Thumb Code   126  basemsghandle.o(.text)
    baseMessage_requestAdaptorSN             0x08035ad7   Thumb Code   122  basemsghandle.o(.text)
    getMobileAppInfo                         0x08035b51   Thumb Code   100  basemsghandle.o(.text)
    baseMsg_assignComId_ack                  0x08035bb5   Thumb Code   160  basemsghandle.o(.text)
    baseMsg_adapterRingSn_ack                0x08035c55   Thumb Code   150  basemsghandle.o(.text)
    baseMsg_getAppInfo_ack                   0x08035ceb   Thumb Code   124  basemsghandle.o(.text)
    GduPayloadBaseMsg_Init                   0x08035f4f   Thumb Code   102  basemsghandle.o(.text)
    Queue_Create                             0x0803615d   Thumb Code     2  gdu_cache.o(.text)
    Queue_Close                              0x0803615f   Thumb Code     2  gdu_cache.o(.text)
    EnQueue                                  0x08036161   Thumb Code    92  gdu_cache.o(.text)
    DeQueue                                  0x080361bd   Thumb Code    80  gdu_cache.o(.text)
    GetQueuePercentUsed                      0x0803620d   Thumb Code    40  gdu_cache.o(.text)
    GduSerial_Init                           0x0803623d   Thumb Code   128  gdu_serial.o(.text)
    GduSerial_Read                           0x080362bd   Thumb Code    76  gdu_serial.o(.text)
    GduSerial_Write                          0x08036309   Thumb Code    76  gdu_serial.o(.text)
    npcInit                                  0x0803674d   Thumb Code    10  npc.o(.text)
    NpcLinkCreate                            0x08036757   Thumb Code   312  npc.o(.text)
    NpcLinkSendPacket                        0x0803688f   Thumb Code   142  npc.o(.text)
    NpcLinkconnect                           0x0803691d   Thumb Code   118  npc.o(.text)
    NpcLinkDisconnect                        0x08036993   Thumb Code    74  npc.o(.text)
    NpcLinkSendHeartbeat                     0x080369dd   Thumb Code    90  npc.o(.text)
    NpcLinkHandleReadyPaket                  0x08036ab5   Thumb Code    64  npc.o(.text)
    NpcLinkHandleData                        0x08036af5   Thumb Code   170  npc.o(.text)
    npcSendData                              0x08036b9f   Thumb Code    76  npc.o(.text)
    NpcLinkSubscibe                          0x08036beb   Thumb Code   112  npc.o(.text)
    npc_recvServer                           0x08036c5b   Thumb Code   176  npc.o(.text)
    npc_unpackProcessServer                  0x08036d0b   Thumb Code   152  npc.o(.text)
    npc_heartbeatServer                      0x08036da3   Thumb Code   146  npc.o(.text)
    npc_sendServer                           0x08036e35   Thumb Code   144  npc.o(.text)
    npcStart                                 0x08036ec5   Thumb Code   236  npc.o(.text)
    glink_encode                             0x080372a5   Thumb Code   298  gdu_glink.o(.text)
    glListInit                               0x080373cf   Thumb Code    48  general_linked_list.o(.text)
    glListInsterNode                         0x080373ff   Thumb Code    62  general_linked_list.o(.text)
    glListDeleteNode                         0x0803743d   Thumb Code    74  general_linked_list.o(.text)
    glListErgodic                            0x08037487   Thumb Code    34  general_linked_list.o(.text)
    glListClearNullNode                      0x080374a9   Thumb Code   124  general_linked_list.o(.text)
    __aeabi_uldivmod                         0x08037525   Thumb Code    98  uldiv.o(.text)
    mktime                                   0x08037589   Thumb Code   150  mktime.o(.text)
    __aeabi_memcpy                           0x08037631   Thumb Code    36  memcpya.o(.text)
    __aeabi_memcpy4                          0x08037631   Thumb Code     0  memcpya.o(.text)
    __aeabi_memcpy8                          0x08037631   Thumb Code     0  memcpya.o(.text)
    __aeabi_memset                           0x08037655   Thumb Code    14  memseta.o(.text)
    __aeabi_memset4                          0x08037655   Thumb Code     0  memseta.o(.text)
    __aeabi_memset8                          0x08037655   Thumb Code     0  memseta.o(.text)
    __aeabi_memclr                           0x08037663   Thumb Code     4  memseta.o(.text)
    __aeabi_memclr4                          0x08037663   Thumb Code     0  memseta.o(.text)
    __aeabi_memclr8                          0x08037663   Thumb Code     0  memseta.o(.text)
    _memset$wrapper                          0x08037667   Thumb Code    18  memseta.o(.text)
    strstr                                   0x08037679   Thumb Code    36  strstr.o(.text)
    strncpy                                  0x0803769d   Thumb Code    24  strncpy.o(.text)
    strlen                                   0x080376b5   Thumb Code    14  strlen.o(.text)
    strcmp                                   0x080376c3   Thumb Code    28  strcmp.o(.text)
    memcmp                                   0x080376df   Thumb Code    26  memcmp.o(.text)
    strcpy                                   0x080376f9   Thumb Code    18  strcpy.o(.text)
    strncmp                                  0x0803770b   Thumb Code    30  strncmp.o(.text)
    atoi                                     0x08037729   Thumb Code    26  atoi.o(.text)
    atol                                     0x08037743   Thumb Code    26  atol.o(.text)
    __aeabi_dadd                             0x0803775d   Thumb Code   322  dadd.o(.text)
    __aeabi_dsub                             0x0803789f   Thumb Code     6  dadd.o(.text)
    __aeabi_drsub                            0x080378a5   Thumb Code     6  dadd.o(.text)
    __aeabi_dmul                             0x080378ab   Thumb Code   228  dmul.o(.text)
    __aeabi_ddiv                             0x0803798f   Thumb Code   222  ddiv.o(.text)
    __aeabi_i2d                              0x08037a6d   Thumb Code    34  dflti.o(.text)
    __aeabi_d2iz                             0x08037a8f   Thumb Code    62  dfixi.o(.text)
    __aeabi_f2d                              0x08037acd   Thumb Code    38  f2d.o(.text)
    __aeabi_cdrcmple                         0x08037af5   Thumb Code    48  cdrcmple.o(.text)
    __aeabi_uidiv                            0x08037b25   Thumb Code     0  uidiv.o(.text)
    __aeabi_uidivmod                         0x08037b25   Thumb Code    44  uidiv.o(.text)
    __aeabi_llsl                             0x08037b51   Thumb Code    30  llshl.o(.text)
    _ll_shift_l                              0x08037b51   Thumb Code     0  llshl.o(.text)
    __aeabi_llsr                             0x08037b6f   Thumb Code    32  llushr.o(.text)
    _ll_ushift_r                             0x08037b6f   Thumb Code     0  llushr.o(.text)
    __aeabi_lasr                             0x08037b8f   Thumb Code    36  llsshr.o(.text)
    _ll_sshift_r                             0x08037b8f   Thumb Code     0  llsshr.o(.text)
    localtime                                0x08037bb5   Thumb Code     6  localtime_w.o(.text)
    _localtime                               0x08037bc1   Thumb Code   134  localtime_i.o(.text)
    strtol                                   0x08037c4d   Thumb Code   112  strtol.o(.text)
    __I$use$fp                               0x08037cbd   Thumb Code     0  iusefp.o(.text)
    _double_round                            0x08037cbd   Thumb Code    30  depilogue.o(.text)
    _double_epilogue                         0x08037cdb   Thumb Code   156  depilogue.o(.text)
    __aeabi_d2ulz                            0x08037d77   Thumb Code    48  dfixul.o(.text)
    __scatterload                            0x08037da9   Thumb Code    28  init.o(.text)
    __scatterload_rt2                        0x08037da9   Thumb Code     0  init.o(.text)
    __rt_ctype_table                         0x08037dcd   Thumb Code     4  ctype_o.o(.text)
    _strtoul                                 0x08037dd5   Thumb Code   158  _strtoul.o(.text)
    _chval                                   0x08037e73   Thumb Code    28  _chval.o(.text)
    __decompress                             0x08037e8f   Thumb Code     0  __dczerorl2.o(.text)
    __decompress1                            0x08037e8f   Thumb Code    86  __dczerorl2.o(.text)
    __0printf                                0x08037ee5   Thumb Code    22  printfa.o(i.__0printf)
    __1printf                                0x08037ee5   Thumb Code     0  printfa.o(i.__0printf)
    __2printf                                0x08037ee5   Thumb Code     0  printfa.o(i.__0printf)
    __c89printf                              0x08037ee5   Thumb Code     0  printfa.o(i.__0printf)
    printf                                   0x08037ee5   Thumb Code     0  printfa.o(i.__0printf)
    __0snprintf                              0x08037f05   Thumb Code    44  printfa.o(i.__0snprintf)
    __1snprintf                              0x08037f05   Thumb Code     0  printfa.o(i.__0snprintf)
    __2snprintf                              0x08037f05   Thumb Code     0  printfa.o(i.__0snprintf)
    __c89snprintf                            0x08037f05   Thumb Code     0  printfa.o(i.__0snprintf)
    snprintf                                 0x08037f05   Thumb Code     0  printfa.o(i.__0snprintf)
    __0sprintf                               0x08037f35   Thumb Code    34  printfa.o(i.__0sprintf)
    __1sprintf                               0x08037f35   Thumb Code     0  printfa.o(i.__0sprintf)
    __2sprintf                               0x08037f35   Thumb Code     0  printfa.o(i.__0sprintf)
    __c89sprintf                             0x08037f35   Thumb Code     0  printfa.o(i.__0sprintf)
    sprintf                                  0x08037f35   Thumb Code     0  printfa.o(i.__0sprintf)
    __0vsprintf                              0x08037f5d   Thumb Code    30  printfa.o(i.__0vsprintf)
    __1vsprintf                              0x08037f5d   Thumb Code     0  printfa.o(i.__0vsprintf)
    __2vsprintf                              0x08037f5d   Thumb Code     0  printfa.o(i.__0vsprintf)
    __c89vsprintf                            0x08037f5d   Thumb Code     0  printfa.o(i.__0vsprintf)
    vsprintf                                 0x08037f5d   Thumb Code     0  printfa.o(i.__0vsprintf)
    __ARM_fpclassifyf                        0x08037f81   Thumb Code    38  fpclassifyf.o(i.__ARM_fpclassifyf)
    __aeabi_errno_addr                       0x08037fa9   Thumb Code     4  errno.o(i.__aeabi_errno_addr)
    __rt_errno_addr                          0x08037fa9   Thumb Code     0  errno.o(i.__aeabi_errno_addr)
    __hardfp_asinf                           0x08037fb1   Thumb Code   258  asinf.o(i.__hardfp_asinf)
    __hardfp_atan2f                          0x080380dd   Thumb Code   502  atan2f.o(i.__hardfp_atan2f)
    __mathlib_flt_infnan                     0x0803832d   Thumb Code     6  funder.o(i.__mathlib_flt_infnan)
    __mathlib_flt_infnan2                    0x08038333   Thumb Code     6  funder.o(i.__mathlib_flt_infnan2)
    __mathlib_flt_invalid                    0x08038339   Thumb Code    10  funder.o(i.__mathlib_flt_invalid)
    __mathlib_flt_underflow                  0x08038349   Thumb Code    10  funder.o(i.__mathlib_flt_underflow)
    __scatterload_copy                       0x08038359   Thumb Code    14  handlers.o(i.__scatterload_copy)
    __scatterload_null                       0x08038367   Thumb Code     2  handlers.o(i.__scatterload_null)
    __scatterload_zeroinit                   0x08038369   Thumb Code    14  handlers.o(i.__scatterload_zeroinit)
    __set_errno                              0x08038379   Thumb Code     6  errno.o(i.__set_errno)
    free                                     0x08038c59   Thumb Code    76  malloc.o(i.free)
    malloc                                   0x08038ca9   Thumb Code    92  malloc.o(i.malloc)
    sqrtf                                    0x08038d15   Thumb Code    62  sqrtf.o(i.sqrtf)
    s_ledPin                                 0x08038e32   Data           8  led.o(.constdata)
    AHBPrescTable                            0x08038e61   Data          16  system_stm32f4xx.o(.constdata)
    APBPrescTable                            0x08038e71   Data           8  system_stm32f4xx.o(.constdata)
    __ctype_table                            0x0803ee16   Data         129  ctype_o.o(.constdata)
    Region$$Table$$Base                      0x0803f9e0   Number         0  anon$$obj.o(Region$$Table)
    Region$$Table$$Limit                     0x0803fa00   Number         0  anon$$obj.o(Region$$Table)
    s_ledPort                                0x2000000c   Data          16  led.o(.data)
    usbIrqFlag                               0x2000002c   Data           4  stm32f4xx_it.o(.data)
    SystemCoreClock                          0x20000030   Data           4  system_stm32f4xx.o(.data)
    CDC_Class                                0x20000084   Data          32  usbh_cdc.o(.data)
    ACMDataRecvQueue                         0x200000a4   Data           4  usbh_cdc.o(.data)
    ACMDataSendQueue                         0x200000a8   Data           4  usbh_cdc.o(.data)
    uwTick                                   0x200000ac   Data           4  stm32f4xx_hal.o(.data)
    uwTickPrio                               0x200000b0   Data           4  stm32f4xx_hal.o(.data)
    uwTickFreq                               0x200000b4   Data           1  stm32f4xx_hal.o(.data)
    pxCurrentTCB                             0x200000e4   Data           4  tasks.o(.data)
    g_EnBinaryArrayCount                     0x20000228   Data           4  file_binary_array_list_en.o(.data)
    g_EnFileBinaryArrayList                  0x2000022c   Data           4  file_binary_array_list_en.o(.data)
    UserInfo                                 0x2000027c   Data           4  gdu_core.o(.data)
    GimbalCommonHandler                      0x2000028c   Data           4  gdu_gimbal.o(.data)
    GimbalFunList                            0x20000290   Data         108  gdu_gimbal.o(.data)
    start_time                               0x2000030c   Data           4  gdu_logger.o(.data)
    loogerMutexHandle                        0x20000310   Data           4  gdu_logger.o(.data)
    submodule_function                       0x20000314   Data           2  gdu_payload_camera.o(.data)
    OsalHandler                              0x20000448   Data           4  gdu_platform.o(.data)
    HalUartHandler                           0x2000044c   Data           4  gdu_platform.o(.data)
    HalUsbBulkHandler                        0x20000450   Data           4  gdu_platform.o(.data)
    HalNetworkHandler                        0x20000454   Data           4  gdu_platform.o(.data)
    FileSystemHandler                        0x20000458   Data           4  gdu_platform.o(.data)
    SocketHandler                            0x2000045c   Data           4  gdu_platform.o(.data)
    LoggerConsole                            0x20000460   Data           8  gdu_platform.o(.data)
    isFpvOn                                  0x20000528   Data           4  gdu_subscribeinfo.o(.data)
    downloadFileAck                          0x200005b1   Data           6  gdu_upgrade.o(.data)
    GetNewestPpsTriggerLocalTimeUsCallback   0x20000624   Data           4  time_sync.o(.data)
    timeSyncMsg                              0x20000630   Data           3  time_sync.o(.data)
    year                                     0x20000633   Data           1  time_sync.o(.data)
    month                                    0x20000634   Data           1  time_sync.o(.data)
    day                                      0x20000635   Data           1  time_sync.o(.data)
    comId                                    0x20000663   Data           1  basemsghandle.o(.data)
    appInfo                                  0x20000664   Data           2  basemsghandle.o(.data)
    recv_count                               0x2000068c   Data           4  npc.o(.data)
    sendQueuePercent                         0x200006a6   Data           1  npc.o(.data)
    recvQueuePercent                         0x200006a7   Data           1  npc.o(.data)
    __stdout                                 0x200006a8   Data           4  stdout.o(.data)
    __microlib_freelist                      0x200006ac   Data           4  mvars.o(.data)
    __microlib_freelist_initialised          0x200006b0   Data           4  mvars.o(.data)
    hhcd_USB_OTG_FS                          0x200006b8   Data         772  stm32f4xx_it.o(.bss)
    htim1                                    0x200009bc   Data          72  stm32f4xx_it.o(.bss)
    pFlash                                   0x200047b8   Data          32  stm32f4xx_hal_flash.o(.bss)
    xQueueRegistry                           0x20016cd0   Data          64  queue.o(.bss)
    GduPPKHandlerList                        0x20017158   Data          12  test_playload_ppk.o(.bss)
    ProductAlias                             0x20017164   Data          30  gdu_core.o(.bss)
    status                                   0x20017184   Data          20  gdu_gimbal.o(.bss)
    sprint_buf                               0x20017198   Data         512  gdu_logger.o(.bss)
    log_buf                                  0x20017398   Data         512  gdu_logger.o(.bss)
    posAck                                   0x200179a8   Data          22  gdu_positioning.o(.bss)
    posState                                 0x200179be   Data         189  gdu_positioning.o(.bss)
    geomaticMsg                              0x2001b2c0   Data         106  gdu_positioning.o(.bss)
    aircraftBasicStateInfo1                  0x2001bb32   Data          97  gdu_subscribeinfo.o(.bss)
    aircraftBasicStateInfo2                  0x2001bb93   Data          72  gdu_subscribeinfo.o(.bss)
    aircraftAttitudeInfo                     0x2001bbdb   Data          34  gdu_subscribeinfo.o(.bss)
    aircraftSpeedInfo                        0x2001bbfd   Data          14  gdu_subscribeinfo.o(.bss)
    aircraftGnssInfo                         0x2001bc0b   Data          54  gdu_subscribeinfo.o(.bss)
    aircraftBatteryInfo                      0x2001bc41   Data          38  gdu_subscribeinfo.o(.bss)
    timeSyncInfo                             0x2001bc67   Data          16  gdu_subscribeinfo.o(.bss)
    subscribeInfo                            0x2001c64f   Data         384  gdu_subscribeinfo.o(.bss)
    upgradeConf                              0x2001c7e0   Data          20  gdu_upgrade.o(.bss)
    upgradeHandl                             0x2001c7f4   Data          16  gdu_upgrade.o(.bss)
    upgradeFileInfo                          0x2001c9ac   Data          68  gdu_upgrade.o(.bss)
    adapterRingSn                            0x2001ccd4   Data          20  basemsghandle.o(.bss)
    __heap_base                              0x2001cd18   Data           0  startup_stm32f407xx.o(HEAP)
    __heap_limit                             0x2001cf18   Data           0  startup_stm32f407xx.o(HEAP)
    __initial_sp                             0x2001d318   Data           0  startup_stm32f407xx.o(STACK)



==============================================================================

Memory Map of the image

  Image Entry point : 0x08010189

  Load Region LR_IROM1 (Base: 0x08010000, Size: 0x000300b8, Max: 0x00070000, ABSOLUTE, COMPRESSED[0x0002fc18])

    Execution Region ER_IROM1 (Exec base: 0x08010000, Load base: 0x08010000, Size: 0x0002fa00, Max: 0x00070000, ABSOLUTE)

    Exec Addr    Load Addr    Size         Type   Attr      Idx    E Section Name        Object

    0x08010000   0x08010000   0x00000188   Data   RO          484    RESET               startup_stm32f407xx.o
    0x08010188   0x08010188   0x00000000   Code   RO         2278  * .ARM.Collect$$$$00000000  mc_w.l(entry.o)
    0x08010188   0x08010188   0x00000004   Code   RO         2700    .ARM.Collect$$$$00000001  mc_w.l(entry2.o)
    0x0801018c   0x0801018c   0x00000004   Code   RO         2703    .ARM.Collect$$$$00000004  mc_w.l(entry5.o)
    0x08010190   0x08010190   0x00000000   Code   RO         2705    .ARM.Collect$$$$00000008  mc_w.l(entry7b.o)
    0x08010190   0x08010190   0x00000000   Code   RO         2707    .ARM.Collect$$$$0000000A  mc_w.l(entry8b.o)
    0x08010190   0x08010190   0x00000008   Code   RO         2708    .ARM.Collect$$$$0000000B  mc_w.l(entry9a.o)
    0x08010198   0x08010198   0x00000000   Code   RO         2710    .ARM.Collect$$$$0000000D  mc_w.l(entry10a.o)
    0x08010198   0x08010198   0x00000000   Code   RO         2712    .ARM.Collect$$$$0000000F  mc_w.l(entry11a.o)
    0x08010198   0x08010198   0x00000004   Code   RO         2701    .ARM.Collect$$$$00002712  mc_w.l(entry2.o)
    0x0801019c   0x0801019c   0x000000b6   Code   RO         1429    .emb_text           port.o
    0x08010252   0x08010252   0x00000002   PAD
    0x08010254   0x08010254   0x000009a4   Code   RO            4    .text               application.o
    0x08010bf8   0x08010bf8   0x000000dc   Code   RO          270    .text               hal_uart.o
    0x08010cd4   0x08010cd4   0x00000130   Code   RO          343    .text               main.o
    0x08010e04   0x08010e04   0x000001de   Code   RO          366    .text               osal.o
    0x08010fe2   0x08010fe2   0x00000002   PAD
    0x08010fe4   0x08010fe4   0x00000254   Code   RO          388    .text               flash_if.o
    0x08011238   0x08011238   0x000000f4   Code   RO          426    .text               led.o
    0x0801132c   0x0801132c   0x0000016c   Code   RO          454    .text               pps.o
    0x08011498   0x08011498   0x00000024   Code   RO          485    .text               startup_stm32f407xx.o
    0x080114bc   0x080114bc   0x00000348   Code   RO          492    .text               stm32f4xx_hal_msp.o
    0x08011804   0x08011804   0x000000b0   Code   RO          516    .text               stm32f4xx_hal_timebase_tim.o
    0x080118b4   0x080118b4   0x00000040   Code   RO          541    .text               stm32f4xx_it.o
    0x080118f4   0x080118f4   0x000000dc   Code   RO          572    .text               system_stm32f4xx.o
    0x080119d0   0x080119d0   0x00000774   Code   RO          603    .text               uart.o
    0x08012144   0x08012144   0x0000081c   Code   RO          637    .text               usbh_cdc.o
    0x08012960   0x08012960   0x000010d6   Code   RO          688    .text               usbh_core.o
    0x08013a36   0x08013a36   0x00000002   PAD
    0x08013a38   0x08013a38   0x00000730   Code   RO          724    .text               usbh_ctlreq.o
    0x08014168   0x08014168   0x00000190   Code   RO          758    .text               usbh_ioreq.o
    0x080142f8   0x080142f8   0x000000ac   Code   RO          792    .text               usbh_pipes.o
    0x080143a4   0x080143a4   0x0000013c   Code   RO          823    .text               gdu_ringbuffer.o
    0x080144e0   0x080144e0   0x000000b0   Code   RO          841    .text               apply_high_power.o
    0x08014590   0x08014590   0x000001b4   Code   RO          870    .text               upgrade_platform_opt_stm32.o
    0x08014744   0x08014744   0x00000204   Code   RO          904    .text               stm32f4xx_hal.o
    0x08014948   0x08014948   0x000003d0   Code   RO          934    .text               stm32f4xx_hal_cortex.o
    0x08014d18   0x08014d18   0x000008b0   Code   RO          962    .text               stm32f4xx_hal_dma.o
    0x080155c8   0x080155c8   0x00000468   Code   RO         1035    .text               stm32f4xx_hal_flash.o
    0x08015a30   0x08015a30   0x000003dc   Code   RO         1062    .text               stm32f4xx_hal_flash_ex.o
    0x08015e0c   0x08015e0c   0x000003bc   Code   RO         1105    .text               stm32f4xx_hal_gpio.o
    0x080161c8   0x080161c8   0x000017ac   Code   RO         1129    .text               stm32f4xx_hal_hcd.o
    0x08017974   0x08017974   0x00000948   Code   RO         1201    .text               stm32f4xx_hal_rcc.o
    0x080182bc   0x080182bc   0x00003bac   Code   RO         1249    .text               stm32f4xx_hal_tim.o
    0x0801be68   0x0801be68   0x00001788   Code   RO         1273    .text               stm32f4xx_hal_tim_ex.o
    0x0801d5f0   0x0801d5f0   0x0000170c   Code   RO         1297    .text               stm32f4xx_hal_uart.o
    0x0801ecfc   0x0801ecfc   0x00001940   Code   RO         1321    .text               stm32f4xx_ll_usb.o
    0x0802063c   0x0802063c   0x00000904   Code   RO         1345    .text               cmsis_os.o
    0x08020f40   0x08020f40   0x00000324   Code   RO         1393    .text               heap_4.o
    0x08021264   0x08021264   0x0000030c   Code   RO         1430    .text               port.o
    0x08021570   0x08021570   0x00000094   Code   RO         1495    .text               list.o
    0x08021604   0x08021604   0x00000e1c   Code   RO         1510    .text               queue.o
    0x08022420   0x08022420   0x00001624   Code   RO         1531    .text               tasks.o
    0x08023a44   0x08023a44   0x000003d4   Code   RO         1594    .text               usbh_conf.o
    0x08023e18   0x08023e18   0x0000271c   Code   RO         1626    .text               test_payload_cam_emu_base.o
    0x08026534   0x08026534   0x00000de0   Code   RO         1654    .text               test_fc_subscription.o
    0x08027314   0x08027314   0x00002528   Code   RO         1677    .text               test_payload_gimbal_emu.o
    0x0802983c   0x0802983c   0x00000544   Code   RO         1701    .text               test_positioning.o
    0x08029d80   0x08029d80   0x00000484   Code   RO         1730    .text               test_time_sync.o
    0x0802a204   0x0802a204   0x00000bd4   Code   RO         1783    .text               util_md5.o
    0x0802add8   0x0802add8   0x000003cc   Code   RO         1808    .text               test_power_management.o
    0x0802b1a4   0x0802b1a4   0x00000398   Code   RO         1875    .text               test_widget.o
    0x0802b53c   0x0802b53c   0x0000067c   Code   RO         1914    .text               test_upgrade.o
    0x0802bbb8   0x0802bbb8   0x00000398   Code   RO         1946    .text               test_upgrade_common_file_transfer.o
    0x0802bf50   0x0802bf50   0x000003e8   Code   RO         1973    .text               test_upgrade_platform_opt.o
    0x0802c338   0x0802c338   0x0000027c   Code   RO         2024    .text               test_playload_ppk.o
    0x0802c5b4   0x0802c5b4   0x00000020   Code   RO         2094    .text               libpayload.lib(gdu_aircraft_info.o)
    0x0802c5d4   0x0802c5d4   0x00000790   Code   RO         2096    .text               libpayload.lib(gdu_core.o)
    0x0802cd64   0x0802cd64   0x00000aa8   Code   RO         2107    .text               libpayload.lib(gdu_gimbal.o)
    0x0802d80c   0x0802d80c   0x00000234   Code   RO         2112    .text               libpayload.lib(gdu_logger.o)
    0x0802da40   0x0802da40   0x00002940   Code   RO         2118    .text               libpayload.lib(gdu_payload_camera.o)
    0x08030380   0x08030380   0x000000a4   Code   RO         2124    .text               libpayload.lib(gdu_platform.o)
    0x08030424   0x08030424   0x000016ec   Code   RO         2127    .text               libpayload.lib(gdu_positioning.o)
    0x08031b10   0x08031b10   0x00000034   Code   RO         2133    .text               libpayload.lib(gdu_power_management.o)
    0x08031b44   0x08031b44   0x00000678   Code   RO         2136    .text               libpayload.lib(gdu_ppk.o)
    0x080321bc   0x080321bc   0x00000ee0   Code   RO         2141    .text               libpayload.lib(gdu_subscribeinfo.o)
    0x0803309c   0x0803309c   0x000011c8   Code   RO         2146    .text               libpayload.lib(gdu_upgrade.o)
    0x08034264   0x08034264   0x00001014   Code   RO         2151    .text               libpayload.lib(gdu_widget.o)
    0x08035278   0x08035278   0x00000650   Code   RO         2155    .text               libpayload.lib(time_sync.o)
    0x080358c8   0x080358c8   0x00000894   Code   RO         2159    .text               libpayload.lib(basemsghandle.o)
    0x0803615c   0x0803615c   0x000000e0   Code   RO         2164    .text               libpayload.lib(gdu_cache.o)
    0x0803623c   0x0803623c   0x000001a4   Code   RO         2166    .text               libpayload.lib(gdu_serial.o)
    0x080363e0   0x080363e0   0x00000ec4   Code   RO         2170    .text               libpayload.lib(npc.o)
    0x080372a4   0x080372a4   0x0000012a   Code   RO         2174    .text               libpayload.lib(gdu_glink.o)
    0x080373ce   0x080373ce   0x00000156   Code   RO         2176    .text               libpayload.lib(general_linked_list.o)
    0x08037524   0x08037524   0x00000062   Code   RO         2281    .text               mc_w.l(uldiv.o)
    0x08037586   0x08037586   0x00000002   PAD
    0x08037588   0x08037588   0x000000a8   Code   RO         2289    .text               mc_w.l(mktime.o)
    0x08037630   0x08037630   0x00000024   Code   RO         2292    .text               mc_w.l(memcpya.o)
    0x08037654   0x08037654   0x00000024   Code   RO         2294    .text               mc_w.l(memseta.o)
    0x08037678   0x08037678   0x00000024   Code   RO         2296    .text               mc_w.l(strstr.o)
    0x0803769c   0x0803769c   0x00000018   Code   RO         2298    .text               mc_w.l(strncpy.o)
    0x080376b4   0x080376b4   0x0000000e   Code   RO         2302    .text               mc_w.l(strlen.o)
    0x080376c2   0x080376c2   0x0000001c   Code   RO         2304    .text               mc_w.l(strcmp.o)
    0x080376de   0x080376de   0x0000001a   Code   RO         2306    .text               mc_w.l(memcmp.o)
    0x080376f8   0x080376f8   0x00000012   Code   RO         2308    .text               mc_w.l(strcpy.o)
    0x0803770a   0x0803770a   0x0000001e   Code   RO         2310    .text               mc_w.l(strncmp.o)
    0x08037728   0x08037728   0x0000001a   Code   RO         2603    .text               mc_w.l(atoi.o)
    0x08037742   0x08037742   0x0000001a   Code   RO         2605    .text               mc_w.l(atol.o)
    0x0803775c   0x0803775c   0x0000014e   Code   RO         2607    .text               mf_w.l(dadd.o)
    0x080378aa   0x080378aa   0x000000e4   Code   RO         2609    .text               mf_w.l(dmul.o)
    0x0803798e   0x0803798e   0x000000de   Code   RO         2611    .text               mf_w.l(ddiv.o)
    0x08037a6c   0x08037a6c   0x00000022   Code   RO         2613    .text               mf_w.l(dflti.o)
    0x08037a8e   0x08037a8e   0x0000003e   Code   RO         2615    .text               mf_w.l(dfixi.o)
    0x08037acc   0x08037acc   0x00000026   Code   RO         2617    .text               mf_w.l(f2d.o)
    0x08037af2   0x08037af2   0x00000002   PAD
    0x08037af4   0x08037af4   0x00000030   Code   RO         2621    .text               mf_w.l(cdrcmple.o)
    0x08037b24   0x08037b24   0x0000002c   Code   RO         2715    .text               mc_w.l(uidiv.o)
    0x08037b50   0x08037b50   0x0000001e   Code   RO         2717    .text               mc_w.l(llshl.o)
    0x08037b6e   0x08037b6e   0x00000020   Code   RO         2719    .text               mc_w.l(llushr.o)
    0x08037b8e   0x08037b8e   0x00000024   Code   RO         2721    .text               mc_w.l(llsshr.o)
    0x08037bb2   0x08037bb2   0x00000002   PAD
    0x08037bb4   0x08037bb4   0x0000000c   Code   RO         2723    .text               mc_w.l(localtime_w.o)
    0x08037bc0   0x08037bc0   0x0000008c   Code   RO         2726    .text               mc_w.l(localtime_i.o)
    0x08037c4c   0x08037c4c   0x00000070   Code   RO         2738    .text               mc_w.l(strtol.o)
    0x08037cbc   0x08037cbc   0x00000000   Code   RO         2740    .text               mc_w.l(iusefp.o)
    0x08037cbc   0x08037cbc   0x000000ba   Code   RO         2743    .text               mf_w.l(depilogue.o)
    0x08037d76   0x08037d76   0x00000030   Code   RO         2751    .text               mf_w.l(dfixul.o)
    0x08037da6   0x08037da6   0x00000002   PAD
    0x08037da8   0x08037da8   0x00000024   Code   RO         2753    .text               mc_w.l(init.o)
    0x08037dcc   0x08037dcc   0x00000008   Code   RO         2755    .text               mc_w.l(ctype_o.o)
    0x08037dd4   0x08037dd4   0x0000009e   Code   RO         2783    .text               mc_w.l(_strtoul.o)
    0x08037e72   0x08037e72   0x0000001c   Code   RO         2787    .text               mc_w.l(_chval.o)
    0x08037e8e   0x08037e8e   0x00000056   Code   RO         2797    .text               mc_w.l(__dczerorl2.o)
    0x08037ee4   0x08037ee4   0x00000020   Code   RO         2547    i.__0printf         mc_w.l(printfa.o)
    0x08037f04   0x08037f04   0x00000030   Code   RO         2548    i.__0snprintf       mc_w.l(printfa.o)
    0x08037f34   0x08037f34   0x00000028   Code   RO         2549    i.__0sprintf        mc_w.l(printfa.o)
    0x08037f5c   0x08037f5c   0x00000024   Code   RO         2553    i.__0vsprintf       mc_w.l(printfa.o)
    0x08037f80   0x08037f80   0x00000026   Code   RO         2658    i.__ARM_fpclassifyf  m_wm.l(fpclassifyf.o)
    0x08037fa6   0x08037fa6   0x00000002   PAD
    0x08037fa8   0x08037fa8   0x00000008   Code   RO         2731    i.__aeabi_errno_addr  mc_w.l(errno.o)
    0x08037fb0   0x08037fb0   0x0000012c   Code   RO         2192    i.__hardfp_asinf    m_wm.l(asinf.o)
    0x080380dc   0x080380dc   0x00000250   Code   RO         2216    i.__hardfp_atan2f   m_wm.l(atan2f.o)
    0x0803832c   0x0803832c   0x00000006   Code   RO         2661    i.__mathlib_flt_infnan  m_wm.l(funder.o)
    0x08038332   0x08038332   0x00000006   Code   RO         2662    i.__mathlib_flt_infnan2  m_wm.l(funder.o)
    0x08038338   0x08038338   0x00000010   Code   RO         2663    i.__mathlib_flt_invalid  m_wm.l(funder.o)
    0x08038348   0x08038348   0x00000010   Code   RO         2666    i.__mathlib_flt_underflow  m_wm.l(funder.o)
    0x08038358   0x08038358   0x0000000e   Code   RO         2791    i.__scatterload_copy  mc_w.l(handlers.o)
    0x08038366   0x08038366   0x00000002   Code   RO         2792    i.__scatterload_null  mc_w.l(handlers.o)
    0x08038368   0x08038368   0x0000000e   Code   RO         2793    i.__scatterload_zeroinit  mc_w.l(handlers.o)
    0x08038376   0x08038376   0x00000002   PAD
    0x08038378   0x08038378   0x0000000c   Code   RO         2733    i.__set_errno       mc_w.l(errno.o)
    0x08038384   0x08038384   0x00000184   Code   RO         2554    i._fp_digits        mc_w.l(printfa.o)
    0x08038508   0x08038508   0x000006dc   Code   RO         2555    i._printf_core      mc_w.l(printfa.o)
    0x08038be4   0x08038be4   0x00000024   Code   RO         2556    i._printf_post_padding  mc_w.l(printfa.o)
    0x08038c08   0x08038c08   0x0000002e   Code   RO         2557    i._printf_pre_padding  mc_w.l(printfa.o)
    0x08038c36   0x08038c36   0x00000016   Code   RO         2558    i._snputc           mc_w.l(printfa.o)
    0x08038c4c   0x08038c4c   0x0000000a   Code   RO         2559    i._sputc            mc_w.l(printfa.o)
    0x08038c56   0x08038c56   0x00000002   PAD
    0x08038c58   0x08038c58   0x00000050   Code   RO         2575    i.free              mc_w.l(malloc.o)
    0x08038ca8   0x08038ca8   0x0000006c   Code   RO         2576    i.malloc            mc_w.l(malloc.o)
    0x08038d14   0x08038d14   0x0000003e   Code   RO         2690    i.sqrtf             m_wm.l(sqrtf.o)
    0x08038d52   0x08038d52   0x00000002   PAD
    0x08038d54   0x08038d54   0x000000dd   Data   RO            5    .constdata          application.o
    0x08038e31   0x08038e31   0x00000001   PAD
    0x08038e32   0x08038e32   0x00000008   Data   RO          427    .constdata          led.o
    0x08038e3a   0x08038e3a   0x00000027   Data   RO          455    .constdata          pps.o
    0x08038e61   0x08038e61   0x00000018   Data   RO          573    .constdata          system_stm32f4xx.o
    0x08038e79   0x08038e79   0x00000003   PAD
    0x08038e7c   0x08038e7c   0x0000001c   Data   RO          689    .constdata          usbh_core.o
    0x08038e98   0x08038e98   0x0000001f   Data   RO          842    .constdata          apply_high_power.o
    0x08038eb7   0x08038eb7   0x00000008   Data   RO          963    .constdata          stm32f4xx_hal_dma.o
    0x08038ebf   0x08038ebf   0x000002d1   Data   RO         1628    .constdata          test_payload_cam_emu_base.o
    0x08039190   0x08039190   0x0000008b   Data   RO         1655    .constdata          test_fc_subscription.o
    0x0803921b   0x0803921b   0x000001c1   Data   RO         1679    .constdata          test_payload_gimbal_emu.o
    0x080393dc   0x080393dc   0x00000038   Data   RO         1702    .constdata          test_positioning.o
    0x08039414   0x08039414   0x0000007c   Data   RO         1731    .constdata          test_time_sync.o
    0x08039490   0x08039490   0x0000006a   Data   RO         1809    .constdata          test_power_management.o
    0x080394fa   0x080394fa   0x000051f1   Data   RO         1830    .constdata          file_binary_array_list_en.o
    0x0803e6eb   0x0803e6eb   0x00000001   PAD
    0x0803e6ec   0x0803e6ec   0x00000113   Data   RO         1877    .constdata          test_widget.o
    0x0803e7ff   0x0803e7ff   0x00000001   PAD
    0x0803e800   0x0803e800   0x0000007f   Data   RO         1915    .constdata          test_upgrade.o
    0x0803e87f   0x0803e87f   0x00000082   Data   RO         1948    .constdata          test_upgrade_common_file_transfer.o
    0x0803e901   0x0803e901   0x0000001e   Data   RO         1975    .constdata          test_upgrade_platform_opt.o
    0x0803e91f   0x0803e91f   0x00000058   Data   RO         2026    .constdata          test_playload_ppk.o
    0x0803e977   0x0803e977   0x0000004d   Data   RO         2098    .constdata          libpayload.lib(gdu_core.o)
    0x0803e9c4   0x0803e9c4   0x0000002a   Data   RO         2109    .constdata          libpayload.lib(gdu_gimbal.o)
    0x0803e9ee   0x0803e9ee   0x00000002   PAD
    0x0803e9f0   0x0803e9f0   0x00000010   Data   RO         2114    .constdata          libpayload.lib(gdu_logger.o)
    0x0803ea00   0x0803ea00   0x00000132   Data   RO         2120    .constdata          libpayload.lib(gdu_payload_camera.o)
    0x0803eb32   0x0803eb32   0x00000084   Data   RO         2129    .constdata          libpayload.lib(gdu_positioning.o)
    0x0803ebb6   0x0803ebb6   0x00000019   Data   RO         2138    .constdata          libpayload.lib(gdu_ppk.o)
    0x0803ebcf   0x0803ebcf   0x0000005a   Data   RO         2143    .constdata          libpayload.lib(gdu_subscribeinfo.o)
    0x0803ec29   0x0803ec29   0x0000009e   Data   RO         2148    .constdata          libpayload.lib(gdu_upgrade.o)
    0x0803ecc7   0x0803ecc7   0x00000044   Data   RO         2156    .constdata          libpayload.lib(time_sync.o)
    0x0803ed0b   0x0803ed0b   0x00000096   Data   RO         2161    .constdata          libpayload.lib(basemsghandle.o)
    0x0803eda1   0x0803eda1   0x0000002e   Data   RO         2167    .constdata          libpayload.lib(gdu_serial.o)
    0x0803edcf   0x0803edcf   0x0000002f   Data   RO         2171    .constdata          libpayload.lib(npc.o)
    0x0803edfe   0x0803edfe   0x0000000c   Data   RO         2290    .constdata          mc_w.l(mktime.o)
    0x0803ee0a   0x0803ee0a   0x0000000c   Data   RO         2727    .constdata          mc_w.l(localtime_i.o)
    0x0803ee16   0x0803ee16   0x00000081   Data   RO         2756    .constdata          mc_w.l(ctype_o.o)
    0x0803ee97   0x0803ee97   0x00000001   PAD
    0x0803ee98   0x0803ee98   0x00000004   Data   RO         2757    .constdata          mc_w.l(ctype_o.o)
    0x0803ee9c   0x0803ee9c   0x000002d5   Data   RO            6    .conststring        application.o
    0x0803f171   0x0803f171   0x00000003   PAD
    0x0803f174   0x0803f174   0x0000004d   Data   RO          639    .conststring        usbh_cdc.o
    0x0803f1c1   0x0803f1c1   0x00000003   PAD
    0x0803f1c4   0x0803f1c4   0x0000004e   Data   RO          690    .conststring        usbh_core.o
    0x0803f212   0x0803f212   0x00000002   PAD
    0x0803f214   0x0803f214   0x00000162   Data   RO         1629    .conststring        test_payload_cam_emu_base.o
    0x0803f376   0x0803f376   0x00000002   PAD
    0x0803f378   0x0803f378   0x00000172   Data   RO         1656    .conststring        test_fc_subscription.o
    0x0803f4ea   0x0803f4ea   0x00000002   PAD
    0x0803f4ec   0x0803f4ec   0x000000c9   Data   RO         1680    .conststring        test_payload_gimbal_emu.o
    0x0803f5b5   0x0803f5b5   0x00000003   PAD
    0x0803f5b8   0x0803f5b8   0x00000049   Data   RO         1703    .conststring        test_positioning.o
    0x0803f601   0x0803f601   0x00000003   PAD
    0x0803f604   0x0803f604   0x0000012b   Data   RO         1732    .conststring        test_time_sync.o
    0x0803f72f   0x0803f72f   0x00000001   PAD
    0x0803f730   0x0803f730   0x000000a7   Data   RO         1831    .conststring        file_binary_array_list_en.o
    0x0803f7d7   0x0803f7d7   0x00000001   PAD
    0x0803f7d8   0x0803f7d8   0x000000ce   Data   RO         1878    .conststring        test_widget.o
    0x0803f8a6   0x0803f8a6   0x00000002   PAD
    0x0803f8a8   0x0803f8a8   0x00000042   Data   RO         1916    .conststring        test_upgrade.o
    0x0803f8ea   0x0803f8ea   0x00000002   PAD
    0x0803f8ec   0x0803f8ec   0x00000041   Data   RO         1949    .conststring        test_upgrade_common_file_transfer.o
    0x0803f92d   0x0803f92d   0x00000003   PAD
    0x0803f930   0x0803f930   0x0000001e   Data   RO         2115    .conststring        libpayload.lib(gdu_logger.o)
    0x0803f94e   0x0803f94e   0x00000002   PAD
    0x0803f950   0x0803f950   0x00000042   Data   RO         2121    .conststring        libpayload.lib(gdu_payload_camera.o)
    0x0803f992   0x0803f992   0x00000002   PAD
    0x0803f994   0x0803f994   0x0000004b   Data   RO         2130    .conststring        libpayload.lib(gdu_positioning.o)
    0x0803f9df   0x0803f9df   0x00000001   PAD
    0x0803f9e0   0x0803f9e0   0x00000020   Data   RO         2789    Region$$Table       anon$$obj.o


    Execution Region RW_IRAM1 (Exec base: 0x20000000, Load base: 0x0803fa00, Size: 0x0001d318, Max: 0x00020000, ABSOLUTE, COMPRESSED[0x00000218])

    Exec Addr    Load Addr    Size         Type   Attr      Idx    E Section Name        Object

    0x20000000   COMPRESSED   0x00000004   Data   RW            7    .data               application.o
    0x20000004   COMPRESSED   0x00000008   Data   RW          344    .data               main.o
    0x2000000c   COMPRESSED   0x00000010   Data   RW          428    .data               led.o
    0x2000001c   COMPRESSED   0x00000004   PAD
    0x20000020   COMPRESSED   0x0000000c   Data   RW          456    .data               pps.o
    0x2000002c   COMPRESSED   0x00000004   Data   RW          543    .data               stm32f4xx_it.o
    0x20000030   COMPRESSED   0x00000004   Data   RW          574    .data               system_stm32f4xx.o
    0x20000034   COMPRESSED   0x00000050   Data   RW          605    .data               uart.o
    0x20000084   COMPRESSED   0x00000028   Data   RW          640    .data               usbh_cdc.o
    0x200000ac   COMPRESSED   0x00000009   Data   RW          905    .data               stm32f4xx_hal.o
    0x200000b5   COMPRESSED   0x00000003   PAD
    0x200000b8   COMPRESSED   0x00000020   Data   RW         1395    .data               heap_4.o
    0x200000d8   COMPRESSED   0x0000000c   Data   RW         1431    .data               port.o
    0x200000e4   COMPRESSED   0x0000003c   Data   RW         1533    .data               tasks.o
    0x20000120   COMPRESSED   0x00000060   Data   RW         1630    .data               test_payload_cam_emu_base.o
    0x20000180   COMPRESSED   0x00000006   Data   RW         1657    .data               test_fc_subscription.o
    0x20000186   COMPRESSED   0x00000002   PAD
    0x20000188   COMPRESSED   0x00000024   Data   RW         1681    .data               test_payload_gimbal_emu.o
    0x200001ac   COMPRESSED   0x00000008   Data   RW         1704    .data               test_positioning.o
    0x200001b4   COMPRESSED   0x0000000c   Data   RW         1733    .data               test_time_sync.o
    0x200001c0   COMPRESSED   0x00000008   Data   RW         1810    .data               test_power_management.o
    0x200001c8   COMPRESSED   0x00000068   Data   RW         1832    .data               file_binary_array_list_en.o
    0x20000230   COMPRESSED   0x00000020   Data   RW         1879    .data               test_widget.o
    0x20000250   COMPRESSED   0x00000012   Data   RW         1917    .data               test_upgrade.o
    0x20000262   COMPRESSED   0x00000002   PAD
    0x20000264   COMPRESSED   0x00000004   Data   RW         1950    .data               test_upgrade_common_file_transfer.o
    0x20000268   COMPRESSED   0x00000008   Data   RW         2027    .data               test_playload_ppk.o
    0x20000270   COMPRESSED   0x00000015   Data   RW         2099    .data               libpayload.lib(gdu_core.o)
    0x20000285   COMPRESSED   0x00000003   PAD
    0x20000288   COMPRESSED   0x00000084   Data   RW         2110    .data               libpayload.lib(gdu_gimbal.o)
    0x2000030c   COMPRESSED   0x00000008   Data   RW         2116    .data               libpayload.lib(gdu_logger.o)
    0x20000314   COMPRESSED   0x00000131   Data   RW         2122    .data               libpayload.lib(gdu_payload_camera.o)
    0x20000445   COMPRESSED   0x00000003   PAD
    0x20000448   COMPRESSED   0x00000020   Data   RW         2125    .data               libpayload.lib(gdu_platform.o)
    0x20000468   COMPRESSED   0x0000006b   Data   RW         2131    .data               libpayload.lib(gdu_positioning.o)
    0x200004d3   COMPRESSED   0x00000001   PAD
    0x200004d4   COMPRESSED   0x00000004   Data   RW         2134    .data               libpayload.lib(gdu_power_management.o)
    0x200004d8   COMPRESSED   0x0000001d   Data   RW         2139    .data               libpayload.lib(gdu_ppk.o)
    0x200004f5   COMPRESSED   0x00000003   PAD
    0x200004f8   COMPRESSED   0x00000098   Data   RW         2144    .data               libpayload.lib(gdu_subscribeinfo.o)
    0x20000590   COMPRESSED   0x00000034   Data   RW         2149    .data               libpayload.lib(gdu_upgrade.o)
    0x200005c4   COMPRESSED   0x00000047   Data   RW         2153    .data               libpayload.lib(gdu_widget.o)
    0x2000060b   COMPRESSED   0x00000005   PAD
    0x20000610   COMPRESSED   0x00000044   Data   RW         2157    .data               libpayload.lib(time_sync.o)
    0x20000654   COMPRESSED   0x00000032   Data   RW         2162    .data               libpayload.lib(basemsghandle.o)
    0x20000686   COMPRESSED   0x00000002   PAD
    0x20000688   COMPRESSED   0x00000004   Data   RW         2168    .data               libpayload.lib(gdu_serial.o)
    0x2000068c   COMPRESSED   0x0000001c   Data   RW         2172    .data               libpayload.lib(npc.o)
    0x200006a8   COMPRESSED   0x00000004   Data   RW         2714    .data               mc_w.l(stdout.o)
    0x200006ac   COMPRESSED   0x00000004   Data   RW         2729    .data               mc_w.l(mvars.o)
    0x200006b0   COMPRESSED   0x00000004   Data   RW         2730    .data               mc_w.l(mvars.o)
    0x200006b4   COMPRESSED   0x00000004   Data   RW         2734    .data               mc_w.l(errno.o)
    0x200006b8        -       0x0000034c   Zero   RW          542    .bss                stm32f4xx_it.o
    0x20000a04        -       0x00003970   Zero   RW          604    .bss                uart.o
    0x20004374        -       0x00000400   Zero   RW          638    .bss                usbh_cdc.o
    0x20004774        -       0x00000044   Zero   RW          871    .bss                upgrade_platform_opt_stm32.o
    0x200047b8        -       0x00000020   Zero   RW         1036    .bss                stm32f4xx_hal_flash.o
    0x200047d8        -       0x000124f8   Zero   RW         1394    .bss                heap_4.o
    0x20016cd0        -       0x00000040   Zero   RW         1511    .bss                queue.o
    0x20016d10        -       0x000000f0   Zero   RW         1532    .bss                tasks.o
    0x20016e00        -       0x000000ea   Zero   RW         1627    .bss                test_payload_cam_emu_base.o
    0x20016eea   COMPRESSED   0x00000002   PAD
    0x20016eec        -       0x00000098   Zero   RW         1678    .bss                test_payload_gimbal_emu.o
    0x20016f84        -       0x00000168   Zero   RW         1876    .bss                test_widget.o
    0x200170ec        -       0x00000044   Zero   RW         1947    .bss                test_upgrade_common_file_transfer.o
    0x20017130        -       0x00000028   Zero   RW         1974    .bss                test_upgrade_platform_opt.o
    0x20017158        -       0x0000000c   Zero   RW         2025    .bss                test_playload_ppk.o
    0x20017164        -       0x0000001e   Zero   RW         2097    .bss                libpayload.lib(gdu_core.o)
    0x20017182   COMPRESSED   0x00000002   PAD
    0x20017184        -       0x00000014   Zero   RW         2108    .bss                libpayload.lib(gdu_gimbal.o)
    0x20017198        -       0x00000400   Zero   RW         2113    .bss                libpayload.lib(gdu_logger.o)
    0x20017598        -       0x000002e4   Zero   RW         2119    .bss                libpayload.lib(gdu_payload_camera.o)
    0x2001787c   COMPRESSED   0x00000004   PAD
    0x20017880        -       0x00003aaa   Zero   RW         2128    .bss                libpayload.lib(gdu_positioning.o)
    0x2001b32a        -       0x00000808   Zero   RW         2137    .bss                libpayload.lib(gdu_ppk.o)
    0x2001bb32        -       0x00000cad   Zero   RW         2142    .bss                libpayload.lib(gdu_subscribeinfo.o)
    0x2001c7df   COMPRESSED   0x00000001   PAD
    0x2001c7e0        -       0x00000210   Zero   RW         2147    .bss                libpayload.lib(gdu_upgrade.o)
    0x2001c9f0        -       0x000001bc   Zero   RW         2152    .bss                libpayload.lib(gdu_widget.o)
    0x2001cbac        -       0x0000013c   Zero   RW         2160    .bss                libpayload.lib(basemsghandle.o)
    0x2001cce8        -       0x0000002c   Zero   RW         2724    .bss                mc_w.l(localtime_w.o)
    0x2001cd14   COMPRESSED   0x00000004   PAD
    0x2001cd18        -       0x00000200   Zero   RW          483    HEAP                startup_stm32f407xx.o
    0x2001cf18        -       0x00000400   Zero   RW          482    STACK               startup_stm32f407xx.o


==============================================================================

Image component sizes


      Code (inc. data)   RO Data    RW Data    ZI Data      Debug   Object Name

      2468        978        946          4          0     765800   application.o
       176         52         31          0          0       1755   apply_high_power.o
      2308         12          0          0          0      31508   cmsis_os.o
         0          0          0          0          0       8508   event_groups.o
         0          0      21144        104          0       8019   file_binary_array_list_en.o
       596         52          0          0          0       3053   flash_if.o
       316          0          0          0          0       2501   gdu_ringbuffer.o
       220          0          0          0          0      21575   hal_uart.o
       804         38          0         32      75000       9846   heap_4.o
       244         12          8         16          0       2515   led.o
       148          0          0          0          0       2366   list.o
       304         56          0          8          0       2379   main.o
       478          0          0          0          0       5204   osal.o
       962         52          0         12          0       9567   port.o
       364        108         39         12          0       2440   pps.o
      3612         16          0          0         64      20012   queue.o
        36          8        392          0       1536       1012   startup_stm32f407xx.o
       516         40          0          9          0      11232   stm32f4xx_hal.o
       976         20          0          0          0      36538   stm32f4xx_hal_cortex.o
      2224         28          8          0          0       7421   stm32f4xx_hal_dma.o
      1128         32          0          0         32       4817   stm32f4xx_hal_flash.o
       988          8          0          0          0       5101   stm32f4xx_hal_flash_ex.o
       956         46          0          0          0       3635   stm32f4xx_hal_gpio.o
      6060          0          0          0          0      10042   stm32f4xx_hal_hcd.o
       840         32          0          0          0       3990   stm32f4xx_hal_msp.o
      2376         70          0          0          0       5675   stm32f4xx_hal_rcc.o
     15276        346          0          0          0      41686   stm32f4xx_hal_tim.o
      6024        192          0          0          0      17179   stm32f4xx_hal_tim_ex.o
       176         18          0          0          0       1870   stm32f4xx_hal_timebase_tim.o
      5900         52          0          0          0      19834   stm32f4xx_hal_uart.o
        64         12          0          4        844       1797   stm32f4xx_it.o
      6464        106          0          0          0      17615   stm32f4xx_ll_usb.o
       220         28         24          4          0       1993   system_stm32f4xx.o
      5668        312          0         60        240      27505   tasks.o
      3552       1338        509          6          0       5427   test_fc_subscription.o
     10012       2542       1075         96        234      21508   test_payload_cam_emu_base.o
      9512       1806        650         36        152      13083   test_payload_gimbal_emu.o
       636        262         88          8         12       3810   test_playload_ppk.o
      1348        600        129          8          0       4582   test_positioning.o
       972        550        106          8          0       3291   test_power_management.o
      1156        530        423         12          0       3869   test_time_sync.o
      1660        646        193         18          0       7890   test_upgrade.o
       920        312        195          4         68       4524   test_upgrade_common_file_transfer.o
      1000        570         30          0         40       5448   test_upgrade_platform_opt.o
       920        408        481         32        360       5173   test_widget.o
      1908        212          0         80      14704       7771   uart.o
       436         38          0          0         68      35445   upgrade_platform_opt_stm32.o
      2076        164         77         40       1024      12526   usbh_cdc.o
       980         12          0          0          0       7852   usbh_conf.o
      4310        956        106          0          0       8763   usbh_core.o
      1840         66          0          0          0       7110   usbh_ctlreq.o
       400          0          0          0          0       4516   usbh_ioreq.o
       172          0          0          0          0       2644   usbh_pipes.o
      3028        262          0          0          0       4014   util_md5.o

    ----------------------------------------------------------------------
    115736      14000      26719        624      94380    1285236   Object Totals
         0          0         32          0          0          0   (incl. Generated)
         6          0         33         11          2          0   (incl. Padding)

    ----------------------------------------------------------------------

      Code (inc. data)   RO Data    RW Data    ZI Data      Debug   Library Member Name

      2196        430        150         50        316        908   basemsghandle.o
        32          0          0          0          0        240   gdu_aircraft_info.o
       224          8          0          0          0        508   gdu_cache.o
      1936        448         77         21         30        704   gdu_core.o
      2728        136         42        132         20       1200   gdu_gimbal.o
       298          0          0          0          0        148   gdu_glink.o
       564         98         46          8       1024        328   gdu_logger.o
     10560       1058        372        305        740       2900   gdu_payload_camera.o
       164         26          0         32          0        344   gdu_platform.o
      5868        552        207        107      15018       1148   gdu_positioning.o
        52          6          0          4          0        360   gdu_power_management.o
      1656        242         25         29       2056        548   gdu_ppk.o
       420        140         46          4          0        196   gdu_serial.o
      3808        622         90        152       3245        916   gdu_subscribeinfo.o
      4552        802        158         52        528       1224   gdu_upgrade.o
      4116        176          0         71        444       1324   gdu_widget.o
       342          0          0          0          0        340   general_linked_list.o
      3780        368         47         28          0       1116   npc.o
      1616        414         68         68          0        560   time_sync.o
       300         42          0          0          0        176   asinf.o
       592         90          0          0          0        184   atan2f.o
        38          0          0          0          0        116   fpclassifyf.o
        44         12          0          0          0        464   funder.o
        62          0          0          0          0        136   sqrtf.o
        86          0          0          0          0          0   __dczerorl2.o
        28          0          0          0          0         68   _chval.o
       158          0          0          0          0         92   _strtoul.o
        26          0          0          0          0         80   atoi.o
        26          0          0          0          0         80   atol.o
         8          4        133          0          0         68   ctype_o.o
         0          0          0          0          0          0   entry.o
         0          0          0          0          0          0   entry10a.o
         0          0          0          0          0          0   entry11a.o
         8          4          0          0          0          0   entry2.o
         4          0          0          0          0          0   entry5.o
         0          0          0          0          0          0   entry7b.o
         0          0          0          0          0          0   entry8b.o
         8          4          0          0          0          0   entry9a.o
        20         10          0          4          0        136   errno.o
        30          0          0          0          0          0   handlers.o
        36          8          0          0          0         68   init.o
         0          0          0          0          0          0   iusefp.o
        30          0          0          0          0         68   llshl.o
        36          0          0          0          0         68   llsshr.o
        32          0          0          0          0         68   llushr.o
       140          6         12          0          0         76   localtime_i.o
        12          6          0          0         44         68   localtime_w.o
       188         20          0          0          0        160   malloc.o
        26          0          0          0          0         80   memcmp.o
        36          0          0          0          0         68   memcpya.o
        36          0          0          0          0        108   memseta.o
       168         18         12          0          0         80   mktime.o
         0          0          0          8          0          0   mvars.o
      2414        106          0          0          0        836   printfa.o
         0          0          0          4          0          0   stdout.o
        28          0          0          0          0         76   strcmp.o
        18          0          0          0          0         68   strcpy.o
        14          0          0          0          0         68   strlen.o
        30          0          0          0          0         80   strncmp.o
        24          0          0          0          0         76   strncpy.o
        36          0          0          0          0         80   strstr.o
       112          0          0          0          0         88   strtol.o
        44          0          0          0          0         80   uidiv.o
        98          0          0          0          0         92   uldiv.o
        48          0          0          0          0         68   cdrcmple.o
       334          0          0          0          0        148   dadd.o
       222          0          0          0          0        100   ddiv.o
       186          0          0          0          0        176   depilogue.o
        62          0          0          0          0         80   dfixi.o
        48          0          0          0          0         68   dfixul.o
        34          0          0          0          0         76   dflti.o
       228          0          0          0          0         96   dmul.o
        38          0          0          0          0         68   f2d.o

    ----------------------------------------------------------------------
     51124       5856       1493       1096      23476      19948   Library Totals
        16          0          8         17         11          0   (incl. Padding)

    ----------------------------------------------------------------------

      Code (inc. data)   RO Data    RW Data    ZI Data      Debug   Library Name

     44912       5526       1328       1063      23421      15012   libpayload.lib
      1036        144          0          0          0       1076   m_wm.l
      3960        186        157         16         44       2980   mc_w.l
      1200          0          0          0          0        880   mf_w.l

    ----------------------------------------------------------------------
     51124       5856       1493       1096      23476      19948   Library Totals

    ----------------------------------------------------------------------

==============================================================================


      Code (inc. data)   RO Data    RW Data    ZI Data      Debug   

    166860      19856      28212       1720     117856    1286284   Grand Totals
    166860      19856      28212        536     117856    1286284   ELF Image Totals (compressed)
    166860      19856      28212        536          0          0   ROM Totals

==============================================================================

    Total RO  Size (Code + RO Data)               195072 ( 190.50kB)
    Total RW  Size (RW Data + ZI Data)            119576 ( 116.77kB)
    Total ROM Size (Code + RO Data + RW Data)     195608 ( 191.02kB)

==============================================================================

